Component: Arm Compiler for Embedded 6.21 Tool: armlink [5ec1fa00]

==============================================================================

Section Cross References

    startup_stm32f429xx.o(RESET) refers to startup_stm32f429xx.o(STACK) for __initial_sp
    startup_stm32f429xx.o(RESET) refers to startup_stm32f429xx.o(.text) for Reset_Handler
    startup_stm32f429xx.o(RESET) refers to stm32f4xx_it.o(.text.NMI_Handler) for NMI_Handler
    startup_stm32f429xx.o(RESET) refers to stm32f4xx_it.o(.text.HardFault_Handler) for HardFault_Handler
    startup_stm32f429xx.o(RESET) refers to stm32f4xx_it.o(.text.MemManage_Handler) for MemManage_Handler
    startup_stm32f429xx.o(RESET) refers to stm32f4xx_it.o(.text.BusFault_Handler) for BusFault_Handler
    startup_stm32f429xx.o(RESET) refers to stm32f4xx_it.o(.text.UsageFault_Handler) for UsageFault_Handler
    startup_stm32f429xx.o(RESET) refers to stm32f4xx_it.o(.text.SVC_Handler) for SVC_Handler
    startup_stm32f429xx.o(RESET) refers to stm32f4xx_it.o(.text.DebugMon_Handler) for DebugMon_Handler
    startup_stm32f429xx.o(RESET) refers to stm32f4xx_it.o(.text.PendSV_Handler) for PendSV_Handler
    startup_stm32f429xx.o(RESET) refers to stm32f4xx_it.o(.text.SysTick_Handler) for SysTick_Handler
    startup_stm32f429xx.o(RESET) refers to stm32f4xx_it.o(.text.TIM2_IRQHandler) for TIM2_IRQHandler
    startup_stm32f429xx.o(RESET) refers to stm32f4xx_it.o(.text.USART1_IRQHandler) for USART1_IRQHandler
    startup_stm32f429xx.o(RESET) refers to stm32f4xx_it.o(.text.USART2_IRQHandler) for USART2_IRQHandler
    startup_stm32f429xx.o(RESET) refers to stm32f4xx_it.o(.text.TIM7_IRQHandler) for TIM7_IRQHandler
    startup_stm32f429xx.o(.text) refers to system_stm32f4xx.o(.text.SystemInit) for SystemInit
    startup_stm32f429xx.o(.text) refers to entry.o(.ARM.Collect$$$$00000000) for __main
    oled.o(.text.OLED_WriteCommand) refers to i2c.o(.bss.hi2c1) for hi2c1
    oled.o(.text.OLED_WriteCommand) refers to stm32f4xx_hal_i2c.o(.text.HAL_I2C_Master_Transmit) for HAL_I2C_Master_Transmit
    oled.o(.ARM.exidx.text.OLED_WriteCommand) refers to oled.o(.text.OLED_WriteCommand) for [Anonymous Symbol]
    oled.o(.text.OLED_WriteData) refers to i2c.o(.bss.hi2c1) for hi2c1
    oled.o(.text.OLED_WriteData) refers to stm32f4xx_hal_i2c.o(.text.HAL_I2C_Master_Transmit) for HAL_I2C_Master_Transmit
    oled.o(.ARM.exidx.text.OLED_WriteData) refers to oled.o(.text.OLED_WriteData) for [Anonymous Symbol]
    oled.o(.text.OLED_SetCursor) refers to i2c.o(.bss.hi2c1) for hi2c1
    oled.o(.text.OLED_SetCursor) refers to stm32f4xx_hal_i2c.o(.text.HAL_I2C_Master_Transmit) for HAL_I2C_Master_Transmit
    oled.o(.ARM.exidx.text.OLED_SetCursor) refers to oled.o(.text.OLED_SetCursor) for [Anonymous Symbol]
    oled.o(.text.OLED_Clear) refers to i2c.o(.bss.hi2c1) for hi2c1
    oled.o(.text.OLED_Clear) refers to stm32f4xx_hal_i2c.o(.text.HAL_I2C_Master_Transmit) for HAL_I2C_Master_Transmit
    oled.o(.ARM.exidx.text.OLED_Clear) refers to oled.o(.text.OLED_Clear) for [Anonymous Symbol]
    oled.o(.text.OLED_ShowChar) refers to i2c.o(.bss.hi2c1) for hi2c1
    oled.o(.text.OLED_ShowChar) refers to stm32f4xx_hal_i2c.o(.text.HAL_I2C_Master_Transmit) for HAL_I2C_Master_Transmit
    oled.o(.text.OLED_ShowChar) refers to oled.o(.rodata.OLED_F8x16) for OLED_F8x16
    oled.o(.ARM.exidx.text.OLED_ShowChar) refers to oled.o(.text.OLED_ShowChar) for [Anonymous Symbol]
    oled.o(.text.OLED_ShowString) refers to oled.o(.text.OLED_ShowChar) for OLED_ShowChar
    oled.o(.ARM.exidx.text.OLED_ShowString) refers to oled.o(.text.OLED_ShowString) for [Anonymous Symbol]
    oled.o(.ARM.exidx.text.OLED_Pow) refers to oled.o(.text.OLED_Pow) for [Anonymous Symbol]
    oled.o(.text.OLED_ShowNum) refers to oled.o(.text.OLED_ShowChar) for OLED_ShowChar
    oled.o(.ARM.exidx.text.OLED_ShowNum) refers to oled.o(.text.OLED_ShowNum) for [Anonymous Symbol]
    oled.o(.text.OLED_ShowSignedNum) refers to oled.o(.text.OLED_ShowChar) for OLED_ShowChar
    oled.o(.ARM.exidx.text.OLED_ShowSignedNum) refers to oled.o(.text.OLED_ShowSignedNum) for [Anonymous Symbol]
    oled.o(.text.OLED_ShowHexNum) refers to oled.o(.text.OLED_ShowChar) for OLED_ShowChar
    oled.o(.ARM.exidx.text.OLED_ShowHexNum) refers to oled.o(.text.OLED_ShowHexNum) for [Anonymous Symbol]
    oled.o(.text.OLED_ShowBinNum) refers to oled.o(.text.OLED_ShowChar) for OLED_ShowChar
    oled.o(.ARM.exidx.text.OLED_ShowBinNum) refers to oled.o(.text.OLED_ShowBinNum) for [Anonymous Symbol]
    oled.o(.text.OLED_Init) refers to i2c.o(.bss.hi2c1) for hi2c1
    oled.o(.text.OLED_Init) refers to stm32f4xx_hal_i2c.o(.text.HAL_I2C_Master_Transmit) for HAL_I2C_Master_Transmit
    oled.o(.text.OLED_Init) refers to oled.o(.text.OLED_Clear) for OLED_Clear
    oled.o(.ARM.exidx.text.OLED_Init) refers to oled.o(.text.OLED_Init) for [Anonymous Symbol]
    ds18b20.o(.text.DS18B20_Read_Byte) refers to stm32f4xx_hal_gpio.o(.text.HAL_GPIO_Init) for HAL_GPIO_Init
[...]
    Removing stm32f4xx_hal_uart.o(.text.HAL_UART_MspDeInit), (2 bytes).
    Removing stm32f4xx_hal_uart.o(.ARM.exidx.text.HAL_UART_MspDeInit), (8 bytes).
    Removing stm32f4xx_hal_uart.o(.ARM.exidx.text.HAL_UART_Transmit), (8 bytes).
    Removing stm32f4xx_hal_uart.o(.text.HAL_UART_Receive), (348 bytes).
    Removing stm32f4xx_hal_uart.o(.ARM.exidx.text.HAL_UART_Receive), (8 bytes).
    Removing stm32f4xx_hal_uart.o(.text.HAL_UART_Transmit_IT), (68 bytes).
    Removing stm32f4xx_hal_uart.o(.ARM.exidx.text.HAL_UART_Transmit_IT), (8 bytes).
    Removing stm32f4xx_hal_uart.o(.ARM.exidx.text.HAL_UART_Receive_IT), (8 bytes).
    Removing stm32f4xx_hal_uart.o(.text.HAL_UART_Transmit_DMA), (128 bytes).
    Removing stm32f4xx_hal_uart.o(.ARM.exidx.text.HAL_UART_Transmit_DMA), (8 bytes).
    Removing stm32f4xx_hal_uart.o(.text.UART_DMATransmitCplt), (38 bytes).
    Removing stm32f4xx_hal_uart.o(.ARM.exidx.text.UART_DMATransmitCplt), (8 bytes).
    Removing stm32f4xx_hal_uart.o(.text.UART_DMATxHalfCplt), (6 bytes).
    Removing stm32f4xx_hal_uart.o(.ARM.exidx.text.UART_DMATxHalfCplt), (8 bytes).
    Removing stm32f4xx_hal_uart.o(.text.UART_DMAError), (92 bytes).
    Removing stm32f4xx_hal_uart.o(.ARM.exidx.text.UART_DMAError), (8 bytes).
    Removing stm32f4xx_hal_uart.o(.text.HAL_UART_Receive_DMA), (166 bytes).
    Removing stm32f4xx_hal_uart.o(.ARM.exidx.text.HAL_UART_Receive_DMA), (8 bytes).
    Removing stm32f4xx_hal_uart.o(.text.UART_DMAReceiveCplt), (54 bytes).
    Removing stm32f4xx_hal_uart.o(.ARM.exidx.text.UART_DMAReceiveCplt), (8 bytes).
    Removing stm32f4xx_hal_uart.o(.text.UART_DMARxHalfCplt), (6 bytes).
    Removing stm32f4xx_hal_uart.o(.ARM.exidx.text.UART_DMARxHalfCplt), (8 bytes).
    Removing stm32f4xx_hal_uart.o(.text.HAL_UART_DMAPause), (88 bytes).
    Removing stm32f4xx_hal_uart.o(.ARM.exidx.text.HAL_UART_DMAPause), (8 bytes).
    Removing stm32f4xx_hal_uart.o(.text.HAL_UART_DMAResume), (116 bytes).
    Removing stm32f4xx_hal_uart.o(.ARM.exidx.text.HAL_UART_DMAResume), (8 bytes).
    Removing stm32f4xx_hal_uart.o(.text.HAL_UART_DMAStop), (114 bytes).
    Removing stm32f4xx_hal_uart.o(.ARM.exidx.text.HAL_UART_DMAStop), (8 bytes).
    Removing stm32f4xx_hal_uart.o(.text.HAL_UART_Abort), (128 bytes).
    Removing stm32f4xx_hal_uart.o(.ARM.exidx.text.HAL_UART_Abort), (8 bytes).
    Removing stm32f4xx_hal_uart.o(.text.HAL_UART_AbortTransmit), (72 bytes).
    Removing stm32f4xx_hal_uart.o(.ARM.exidx.text.HAL_UART_AbortTransmit), (8 bytes).
    Removing stm32f4xx_hal_uart.o(.text.HAL_UART_AbortReceive), (80 bytes).
    Removing stm32f4xx_hal_uart.o(.ARM.exidx.text.HAL_UART_AbortReceive), (8 bytes).
    Removing stm32f4xx_hal_uart.o(.text.HAL_UART_Abort_IT), (166 bytes).
    Removing stm32f4xx_hal_uart.o(.ARM.exidx.text.HAL_UART_Abort_IT), (8 bytes).
    Removing stm32f4xx_hal_uart.o(.text.UART_DMATxAbortCallback), (40 bytes).
    Removing stm32f4xx_hal_uart.o(.ARM.exidx.text.UART_DMATxAbortCallback), (8 bytes).
    Removing stm32f4xx_hal_uart.o(.text.UART_DMARxAbortCallback), (40 bytes).
    Removing stm32f4xx_hal_uart.o(.ARM.exidx.text.UART_DMARxAbortCallback), (8 bytes).
    Removing stm32f4xx_hal_uart.o(.text.HAL_UART_AbortCpltCallback), (2 bytes).
    Removing stm32f4xx_hal_uart.o(.ARM.exidx.text.HAL_UART_AbortCpltCallback), (8 bytes).
    Removing stm32f4xx_hal_uart.o(.text.HAL_UART_AbortTransmit_IT), (80 bytes).
    Removing stm32f4xx_hal_uart.o(.ARM.exidx.text.HAL_UART_AbortTransmit_IT), (8 bytes).
    Removing stm32f4xx_hal_uart.o(.text.UART_DMATxOnlyAbortCallback), (16 bytes).
    Removing stm32f4xx_hal_uart.o(.ARM.exidx.text.UART_DMATxOnlyAbortCallback), (8 bytes).
    Removing stm32f4xx_hal_uart.o(.text.HAL_UART_AbortTransmitCpltCallback), (2 bytes).
    Removing stm32f4xx_hal_uart.o(.ARM.exidx.text.HAL_UART_AbortTransmitCpltCallback), (8 bytes).
    Removing stm32f4xx_hal_uart.o(.text.HAL_UART_AbortReceive_IT), (88 bytes).
    Removing stm32f4xx_hal_uart.o(.ARM.exidx.text.HAL_UART_AbortReceive_IT), (8 bytes).
    Removing stm32f4xx_hal_uart.o(.text.UART_DMARxOnlyAbortCallback), (16 bytes).
    Removing stm32f4xx_hal_uart.o(.ARM.exidx.text.UART_DMARxOnlyAbortCallback), (8 bytes).
    Removing stm32f4xx_hal_uart.o(.text.HAL_UART_AbortReceiveCpltCallback), (2 bytes).
    Removing stm32f4xx_hal_uart.o(.ARM.exidx.text.HAL_UART_AbortReceiveCpltCallback), (8 bytes).
    Removing stm32f4xx_hal_uart.o(.ARM.exidx.text.HAL_UART_IRQHandler), (8 bytes).
    Removing stm32f4xx_hal_uart.o(.ARM.exidx.text.UART_DMAAbortOnError), (8 bytes).
    Removing stm32f4xx_hal_uart.o(.ARM.exidx.text.HAL_UART_ErrorCallback), (8 bytes).
    Removing stm32f4xx_hal_uart.o(.ARM.exidx.text.HAL_UART_TxCpltCallback), (8 bytes).
    Removing stm32f4xx_hal_uart.o(.text.HAL_UART_TxHalfCpltCallback), (2 bytes).
    Removing stm32f4xx_hal_uart.o(.ARM.exidx.text.HAL_UART_TxHalfCpltCallback), (8 bytes).
    Removing stm32f4xx_hal_uart.o(.text.HAL_UART_RxCpltCallback), (2 bytes).
    Removing stm32f4xx_hal_uart.o(.ARM.exidx.text.HAL_UART_RxCpltCallback), (8 bytes).
    Removing stm32f4xx_hal_uart.o(.text.HAL_UART_RxHalfCpltCallback), (2 bytes).
    Removing stm32f4xx_hal_uart.o(.ARM.exidx.text.HAL_UART_RxHalfCpltCallback), (8 bytes).
    Removing stm32f4xx_hal_uart.o(.text.HAL_LIN_SendBreak), (44 bytes).
    Removing stm32f4xx_hal_uart.o(.ARM.exidx.text.HAL_LIN_SendBreak), (8 bytes).
    Removing stm32f4xx_hal_uart.o(.text.HAL_MultiProcessor_EnterMuteMode), (44 bytes).
    Removing stm32f4xx_hal_uart.o(.ARM.exidx.text.HAL_MultiProcessor_EnterMuteMode), (8 bytes).
    Removing stm32f4xx_hal_uart.o(.text.HAL_MultiProcessor_ExitMuteMode), (44 bytes).
    Removing stm32f4xx_hal_uart.o(.ARM.exidx.text.HAL_MultiProcessor_ExitMuteMode), (8 bytes).
    Removing stm32f4xx_hal_uart.o(.text.HAL_HalfDuplex_EnableTransmitter), (44 bytes).
    Removing stm32f4xx_hal_uart.o(.ARM.exidx.text.HAL_HalfDuplex_EnableTransmitter), (8 bytes).
    Removing stm32f4xx_hal_uart.o(.text.HAL_HalfDuplex_EnableReceiver), (46 bytes).
    Removing stm32f4xx_hal_uart.o(.ARM.exidx.text.HAL_HalfDuplex_EnableReceiver), (8 bytes).
    Removing stm32f4xx_hal_uart.o(.text.HAL_UART_GetState), (14 bytes).
    Removing stm32f4xx_hal_uart.o(.ARM.exidx.text.HAL_UART_GetState), (8 bytes).
    Removing stm32f4xx_hal_uart.o(.text.HAL_UART_GetError), (4 bytes).
    Removing stm32f4xx_hal_uart.o(.ARM.exidx.text.HAL_UART_GetError), (8 bytes).

957 unused section(s) (total 55150 bytes) removed from the image.

==============================================================================

Image Symbol Table

    Local Symbols

    Symbol Name                              Value     Ov Type        Size  Object(Section)

    ../clib/division.s                       0x00000000   Number         0  aeabi_sdiv.o ABSOLUTE
    ../clib/microlib/ctype/ctype.c           0x00000000   Number         0  ctype_o.o ABSOLUTE
    ../clib/microlib/ctype/ctype.c           0x00000000   Number         0  isalnum_o.o ABSOLUTE
    ../clib/microlib/ctype/ctype.c           0x00000000   Number         0  isalpha_o.o ABSOLUTE
    ../clib/microlib/ctype/ctype.c           0x00000000   Number         0  isblank_o.o ABSOLUTE
    ../clib/microlib/ctype/ctype.c           0x00000000   Number         0  iscntrl_o.o ABSOLUTE
    ../clib/microlib/ctype/ctype.c           0x00000000   Number         0  isdigit_o.o ABSOLUTE
    ../clib/microlib/ctype/ctype.c           0x00000000   Number         0  isgraph_o.o ABSOLUTE
    ../clib/microlib/ctype/ctype.c           0x00000000   Number         0  islower_o.o ABSOLUTE
    ../clib/microlib/ctype/ctype.c           0x00000000   Number         0  isprint_o.o ABSOLUTE
    ../clib/microlib/ctype/ctype.c           0x00000000   Number         0  ispunct_o.o ABSOLUTE
    ../clib/microlib/ctype/ctype.c           0x00000000   Number         0  isspace_o.o ABSOLUTE
    ../clib/microlib/ctype/ctype.c           0x00000000   Number         0  isupper_o.o ABSOLUTE
    ../clib/microlib/ctype/ctype.c           0x00000000   Number         0  isxdigit_o.o ABSOLUTE
    ../clib/microlib/division.c              0x00000000   Number         0  uldiv.o ABSOLUTE
    ../clib/microlib/division.c              0x00000000   Number         0  uidiv.o ABSOLUTE
    ../clib/microlib/errno.c                 0x00000000   Number         0  errno.o ABSOLUTE
    ../clib/microlib/init/entry.s            0x00000000   Number         0  entry.o ABSOLUTE
    ../clib/microlib/init/entry.s            0x00000000   Number         0  entry2.o ABSOLUTE
    ../clib/microlib/init/entry.s            0x00000000   Number         0  entry5.o ABSOLUTE
    ../clib/microlib/init/entry.s            0x00000000   Number         0  entry7a.o ABSOLUTE
    ../clib/microlib/init/entry.s            0x00000000   Number         0  entry7b.o ABSOLUTE
    ../clib/microlib/init/entry.s            0x00000000   Number         0  entry8a.o ABSOLUTE
    ../clib/microlib/init/entry.s            0x00000000   Number         0  entry8b.o ABSOLUTE
    ../clib/microlib/init/entry.s            0x00000000   Number         0  entry9a.o ABSOLUTE
    ../clib/microlib/init/entry.s            0x00000000   Number         0  entry9b.o ABSOLUTE
    ../clib/microlib/init/entry.s            0x00000000   Number         0  entry10a.o ABSOLUTE
    ../clib/microlib/init/entry.s            0x00000000   Number         0  entry10b.o ABSOLUTE
    ../clib/microlib/init/entry.s            0x00000000   Number         0  entry11a.o ABSOLUTE
    ../clib/microlib/init/entry.s            0x00000000   Number         0  entry11b.o ABSOLUTE
    ../clib/microlib/longlong.c              0x00000000   Number         0  llshl.o ABSOLUTE
    ../clib/microlib/longlong.c              0x00000000   Number         0  llushr.o ABSOLUTE
    ../clib/microlib/longlong.c              0x00000000   Number         0  llsshr.o ABSOLUTE
    ../clib/microlib/printf/printf.c         0x00000000   Number         0  printfb.o ABSOLUTE
    ../clib/microlib/printf/printf.c         0x00000000   Number         0  printf0.o ABSOLUTE
    ../clib/microlib/printf/printf.c         0x00000000   Number         0  printf1.o ABSOLUTE
    ../clib/microlib/printf/printf.c         0x00000000   Number         0  printf2.o ABSOLUTE
    ../clib/microlib/printf/printf.c         0x00000000   Number         0  printf3.o ABSOLUTE
    ../clib/microlib/printf/printf.c         0x00000000   Number         0  printf4.o ABSOLUTE
    ../clib/microlib/printf/printf.c         0x00000000   Number         0  printf5.o ABSOLUTE
    ../clib/microlib/printf/printf.c         0x00000000   Number         0  printf6.o ABSOLUTE
    ../clib/microlib/printf/printf.c         0x00000000   Number         0  printf7.o ABSOLUTE
    ../clib/microlib/printf/printf.c         0x00000000   Number         0  printf8.o ABSOLUTE
    ../clib/microlib/printf/printf.c         0x00000000   Number         0  printfa.o ABSOLUTE
    ../clib/microlib/printf/stubs.s          0x00000000   Number         0  printfstubs.o ABSOLUTE
    ../clib/microlib/stdio/fputc.c           0x00000000   Number         0  fputc.o ABSOLUTE
    ../clib/microlib/stdio/fputc.c           0x00000000   Number         0  fputc_h.o ABSOLUTE
    ../clib/microlib/stdio/semi.s            0x00000000   Number         0  semi.o ABSOLUTE
    ../clib/microlib/stdio/streams.c         0x00000000   Number         0  stdout.o ABSOLUTE
    ../clib/microlib/string/strlen.c         0x00000000   Number         0  strlen.o ABSOLUTE
    ../clib/microlib/stubs.s                 0x00000000   Number         0  iusefp.o ABSOLUTE
    ../clib/microlib/stubs.s                 0x00000000   Number         0  iusesemip.o ABSOLUTE
    ../clib/scanf.c                          0x00000000   Number         0  atoi.o ABSOLUTE
    ../clib/scanf.c                          0x00000000   Number         0  strtol.o ABSOLUTE
    ../clib/scanf.c                          0x00000000   Number         0  _strtoul.o ABSOLUTE
    ../clib/scanf.c                          0x00000000   Number         0  _chval.o ABSOLUTE
    ../fplib/microlib/d2f.c                  0x00000000   Number         0  d2f.o ABSOLUTE
    ../fplib/microlib/f2d.c                  0x00000000   Number         0  f2d.o ABSOLUTE
    ../fplib/microlib/fpadd.c                0x00000000   Number         0  dadd.o ABSOLUTE
    ../fplib/microlib/fpdiv.c                0x00000000   Number         0  ddiv.o ABSOLUTE
    ../fplib/microlib/fpepilogue.c           0x00000000   Number         0  fepilogue.o ABSOLUTE
    ../fplib/microlib/fpepilogue.c           0x00000000   Number         0  depilogue.o ABSOLUTE
    ../fplib/microlib/fpfix.c                0x00000000   Number         0  dfixi.o ABSOLUTE
    ../fplib/microlib/fpfix.c                0x00000000   Number         0  dfixul.o ABSOLUTE
    ../fplib/microlib/fpflt.c                0x00000000   Number         0  dflti.o ABSOLUTE
    ../fplib/microlib/fpflt.c                0x00000000   Number         0  dfltui.o ABSOLUTE
    ../fplib/microlib/fpmul.c                0x00000000   Number         0  dmul.o ABSOLUTE
    DS18B20.c                                0x00000000   Number         0  ds18b20.o ABSOLUTE
    OLED.c                                   0x00000000   Number         0  oled.o ABSOLUTE
    adc.c                                    0x00000000   Number         0  adc.o ABSOLUTE
    cdrcmple.s                               0x00000000   Number         0  cdrcmple.o ABSOLUTE
    dc.s                                     0x00000000   Number         0  dc.o ABSOLUTE
    delay.c                                  0x00000000   Number         0  delay.o ABSOLUTE
    gpio.c                                   0x00000000   Number         0  gpio.o ABSOLUTE
    handlers.s                               0x00000000   Number         0  handlers.o ABSOLUTE
    i2c.c                                    0x00000000   Number         0  i2c.o ABSOLUTE
    init.s                                   0x00000000   Number         0  init.o ABSOLUTE
    main.c                                   0x00000000   Number         0  main.o ABSOLUTE
    startup_stm32f429xx.s                    0x00000000   Number         0  startup_stm32f429xx.o ABSOLUTE
    stm32f4xx_hal.c                          0x00000000   Number         0  stm32f4xx_hal.o ABSOLUTE
    stm32f4xx_hal_adc.c                      0x00000000   Number         0  stm32f4xx_hal_adc.o ABSOLUTE
    stm32f4xx_hal_adc_ex.c                   0x00000000   Number         0  stm32f4xx_hal_adc_ex.o ABSOLUTE
    stm32f4xx_hal_cortex.c                   0x00000000   Number         0  stm32f4xx_hal_cortex.o ABSOLUTE
    stm32f4xx_hal_dma.c                      0x00000000   Number         0  stm32f4xx_hal_dma.o ABSOLUTE
    stm32f4xx_hal_dma_ex.c                   0x00000000   Number         0  stm32f4xx_hal_dma_ex.o ABSOLUTE
    stm32f4xx_hal_exti.c                     0x00000000   Number         0  stm32f4xx_hal_exti.o ABSOLUTE
    stm32f4xx_hal_flash.c                    0x00000000   Number         0  stm32f4xx_hal_flash.o ABSOLUTE
    stm32f4xx_hal_flash_ex.c                 0x00000000   Number         0  stm32f4xx_hal_flash_ex.o ABSOLUTE
    stm32f4xx_hal_flash_ramfunc.c            0x00000000   Number         0  stm32f4xx_hal_flash_ramfunc.o ABSOLUTE
    stm32f4xx_hal_gpio.c                     0x00000000   Number         0  stm32f4xx_hal_gpio.o ABSOLUTE
    stm32f4xx_hal_i2c.c                      0x00000000   Number         0  stm32f4xx_hal_i2c.o ABSOLUTE
    stm32f4xx_hal_i2c_ex.c                   0x00000000   Number         0  stm32f4xx_hal_i2c_ex.o ABSOLUTE
    stm32f4xx_hal_msp.c                      0x00000000   Number         0  stm32f4xx_hal_msp.o ABSOLUTE
    stm32f4xx_hal_pwr.c                      0x00000000   Number         0  stm32f4xx_hal_pwr.o ABSOLUTE
    stm32f4xx_hal_pwr_ex.c                   0x00000000   Number         0  stm32f4xx_hal_pwr_ex.o ABSOLUTE
    stm32f4xx_hal_rcc.c                      0x00000000   Number         0  stm32f4xx_hal_rcc.o ABSOLUTE
    stm32f4xx_hal_rcc_ex.c                   0x00000000   Number         0  stm32f4xx_hal_rcc_ex.o ABSOLUTE
    stm32f4xx_hal_tim.c                      0x00000000   Number         0  stm32f4xx_hal_tim.o ABSOLUTE
    stm32f4xx_hal_tim_ex.c                   0x00000000   Number         0  stm32f4xx_hal_tim_ex.o ABSOLUTE
    stm32f4xx_hal_uart.c                     0x00000000   Number         0  stm32f4xx_hal_uart.o ABSOLUTE
    stm32f4xx_it.c                           0x00000000   Number         0  stm32f4xx_it.o ABSOLUTE
    stm32f4xx_ll_adc.c                       0x00000000   Number         0  stm32f4xx_ll_adc.o ABSOLUTE
    system_stm32f4xx.c                       0x00000000   Number         0  system_stm32f4xx.o ABSOLUTE
    tim.c                                    0x00000000   Number         0  tim.o ABSOLUTE
    usart.c                                  0x00000000   Number         0  usart.o ABSOLUTE
    RESET                                    0x08000000   Section      428  startup_stm32f429xx.o(RESET)
    .ARM.Collect$$$$00000000                 0x080001ac   Section        0  entry.o(.ARM.Collect$$$$00000000)
    .ARM.Collect$$$$00000001                 0x080001ac   Section        4  entry2.o(.ARM.Collect$$$$00000001)
    .ARM.Collect$$$$00000004                 0x080001b0   Section        4  entry5.o(.ARM.Collect$$$$00000004)
    .ARM.Collect$$$$00000008                 0x080001b4   Section        0  entry7b.o(.ARM.Collect$$$$00000008)
    .ARM.Collect$$$$0000000A                 0x080001b4   Section        0  entry8b.o(.ARM.Collect$$$$0000000A)
    .ARM.Collect$$$$0000000B                 0x080001b4   Section        8  entry9a.o(.ARM.Collect$$$$0000000B)
    __lit__00000000                          0x080001bc   Data           4  entry2.o(.ARM.Collect$$$$00002712)
    .ARM.Collect$$$$0000000D                 0x080001bc   Section        0  entry10a.o(.ARM.Collect$$$$0000000D)
    .ARM.Collect$$$$0000000F                 0x080001bc   Section        0  entry11a.o(.ARM.Collect$$$$0000000F)
    .ARM.Collect$$$$00002712                 0x080001bc   Section        4  entry2.o(.ARM.Collect$$$$00002712)
    $v0                                      0x080001c0   Number         0  startup_stm32f429xx.o(.text)
    .text                                    0x080001c0   Section       36  startup_stm32f429xx.o(.text)
    .text                                    0x080001e4   Section        0  uldiv.o(.text)
    .text                                    0x08000246   Section        0  strlen.o(.text)
    .text                                    0x08000254   Section        0  atoi.o(.text)
    .text                                    0x0800026e   Section        0  dadd.o(.text)
    .text                                    0x080003bc   Section        0  dmul.o(.text)
    .text                                    0x080004a0   Section        0  ddiv.o(.text)
    .text                                    0x0800057e   Section        0  dflti.o(.text)
    .text                                    0x080005a0   Section        0  dfltui.o(.text)
    .text                                    0x080005ba   Section        0  dfixi.o(.text)
    .text                                    0x080005f8   Section        0  f2d.o(.text)
    .text                                    0x0800061e   Section        0  d2f.o(.text)
    .text                                    0x08000656   Section        0  uidiv.o(.text)
    .text                                    0x08000682   Section        0  llshl.o(.text)
    .text                                    0x080006a0   Section        0  llushr.o(.text)
    .text                                    0x080006c0   Section        0  llsshr.o(.text)
    .text                                    0x080006e4   Section        0  strtol.o(.text)
    .text                                    0x08000754   Section        0  iusefp.o(.text)
    .text                                    0x08000754   Section        0  fepilogue.o(.text)
    .text                                    0x080007c2   Section        0  depilogue.o(.text)
    .text                                    0x0800087c   Section        0  dfixul.o(.text)
    .text                                    0x080008ac   Section       48  cdrcmple.o(.text)
    .text                                    0x080008dc   Section       48  init.o(.text)
    .text                                    0x0800090c   Section        0  ctype_o.o(.text)
    .text                                    0x08000914   Section        0  _strtoul.o(.text)
    .text                                    0x080009b2   Section        0  _chval.o(.text)
    [Anonymous Symbol]                       0x080009d0   Section        0  stm32f4xx_it.o(.text.BusFault_Handler)
    [Anonymous Symbol]                       0x080009d8   Section        0  ds18b20.o(.text.DS18B20_Get_Temp)
    [Anonymous Symbol]                       0x08000ac8   Section        0  ds18b20.o(.text.DS18B20_Init)
    DS18B20_Presence                         0x08000b59   Thumb Code   142  ds18b20.o(.text.DS18B20_Presence)
    [Anonymous Symbol]                       0x08000b58   Section        0  ds18b20.o(.text.DS18B20_Presence)
    [Anonymous Symbol]                       0x08000be8   Section        0  ds18b20.o(.text.DS18B20_Read_Byte)
    [Anonymous Symbol]                       0x08000e94   Section        0  ds18b20.o(.text.DS18B20_Write_Byte)
    [Anonymous Symbol]                       0x08001084   Section        0  stm32f4xx_it.o(.text.DebugMon_Handler)
    [Anonymous Symbol]                       0x08001088   Section        0  main.o(.text.Error_Handler)
    [Anonymous Symbol]                       0x0800108c   Section        0  stm32f4xx_hal_adc.o(.text.HAL_ADC_ConfigChannel)
    [Anonymous Symbol]                       0x080011fc   Section        0  stm32f4xx_hal_adc.o(.text.HAL_ADC_GetValue)
    [Anonymous Symbol]                       0x08001204   Section        0  stm32f4xx_hal_adc.o(.text.HAL_ADC_Init)
    [Anonymous Symbol]                       0x08001364   Section        0  adc.o(.text.HAL_ADC_MspInit)
    [Anonymous Symbol]                       0x080013cc   Section        0  stm32f4xx_hal_adc.o(.text.HAL_ADC_PollForConversion)
    [Anonymous Symbol]                       0x08001498   Section        0  stm32f4xx_hal_adc.o(.text.HAL_ADC_Start)
    [Anonymous Symbol]                       0x080015d8   Section        0  stm32f4xx_hal_dma.o(.text.HAL_DMA_Abort_IT)
    [Anonymous Symbol]                       0x080015fc   Section        0  stm32f4xx_hal.o(.text.HAL_Delay)
    [Anonymous Symbol]                       0x08001624   Section        0  stm32f4xx_hal_gpio.o(.text.HAL_GPIO_Init)
    [Anonymous Symbol]                       0x080017d4   Section        0  stm32f4xx_hal_gpio.o(.text.HAL_GPIO_ReadPin)
    [Anonymous Symbol]                       0x080017e0   Section        0  stm32f4xx_hal_gpio.o(.text.HAL_GPIO_WritePin)
    [Anonymous Symbol]                       0x080017ec   Section        0  stm32f4xx_hal.o(.text.HAL_GetTick)
    [Anonymous Symbol]                       0x080017f8   Section        0  stm32f4xx_hal_i2c_ex.o(.text.HAL_I2CEx_ConfigAnalogFilter)
    [Anonymous Symbol]                       0x08001834   Section        0  stm32f4xx_hal_i2c_ex.o(.text.HAL_I2CEx_ConfigDigitalFilter)
    [Anonymous Symbol]                       0x08001874   Section        0  stm32f4xx_hal_i2c.o(.text.HAL_I2C_Init)
    [Anonymous Symbol]                       0x080019d8   Section        0  stm32f4xx_hal_i2c.o(.text.HAL_I2C_Master_Transmit)
    [Anonymous Symbol]                       0x08001e0c   Section        0  i2c.o(.text.HAL_I2C_MspInit)
    [Anonymous Symbol]                       0x08001e78   Section        0  stm32f4xx_hal.o(.text.HAL_IncTick)
    [Anonymous Symbol]                       0x08001e94   Section        0  stm32f4xx_hal.o(.text.HAL_Init)
    [Anonymous Symbol]                       0x08001ecc   Section        0  stm32f4xx_hal.o(.text.HAL_InitTick)
    [Anonymous Symbol]                       0x08001f14   Section        0  stm32f4xx_hal_msp.o(.text.HAL_MspInit)
    [Anonymous Symbol]                       0x08001f4c   Section        0  stm32f4xx_hal_cortex.o(.text.HAL_NVIC_EnableIRQ)
    [Anonymous Symbol]                       0x08001f70   Section        0  stm32f4xx_hal_cortex.o(.text.HAL_NVIC_SetPriority)
    [Anonymous Symbol]                       0x08001fc8   Section        0  stm32f4xx_hal_cortex.o(.text.HAL_NVIC_SetPriorityGrouping)
    [Anonymous Symbol]                       0x08001fe8   Section        0  stm32f4xx_hal_pwr_ex.o(.text.HAL_PWREx_EnableOverDrive)
    [Anonymous Symbol]                       0x08002064   Section        0  stm32f4xx_hal_rcc.o(.text.HAL_RCC_ClockConfig)
    [Anonymous Symbol]                       0x080021c8   Section        0  stm32f4xx_hal_rcc.o(.text.HAL_RCC_GetPCLK1Freq)
    [Anonymous Symbol]                       0x080021f0   Section        0  stm32f4xx_hal_rcc.o(.text.HAL_RCC_GetPCLK2Freq)
    [Anonymous Symbol]                       0x08002218   Section        0  stm32f4xx_hal_rcc.o(.text.HAL_RCC_GetSysClockFreq)
    [Anonymous Symbol]                       0x08002284   Section        0  stm32f4xx_hal_rcc.o(.text.HAL_RCC_OscConfig)
    [Anonymous Symbol]                       0x08002620   Section        0  stm32f4xx_hal_cortex.o(.text.HAL_SYSTICK_Config)
    [Anonymous Symbol]                       0x0800264c   Section        0  stm32f4xx_hal_tim_ex.o(.text.HAL_TIMEx_BreakCallback)
    [Anonymous Symbol]                       0x08002650   Section        0  stm32f4xx_hal_tim_ex.o(.text.HAL_TIMEx_CommutCallback)
    [Anonymous Symbol]                       0x08002654   Section        0  stm32f4xx_hal_tim_ex.o(.text.HAL_TIMEx_MasterConfigSynchronization)
    [Anonymous Symbol]                       0x08002710   Section        0  stm32f4xx_hal_tim.o(.text.HAL_TIM_Base_Init)
    [Anonymous Symbol]                       0x08002748   Section        0  tim.o(.text.HAL_TIM_Base_MspInit)
    [Anonymous Symbol]                       0x080027c0   Section        0  stm32f4xx_hal_tim.o(.text.HAL_TIM_Base_Start)
    [Anonymous Symbol]                       0x080027e8   Section        0  stm32f4xx_hal_tim.o(.text.HAL_TIM_Base_Start_IT)
    [Anonymous Symbol]                       0x08002808   Section        0  stm32f4xx_hal_tim.o(.text.HAL_TIM_ConfigClockSource)
    [Anonymous Symbol]                       0x080029a0   Section        0  stm32f4xx_hal_tim.o(.text.HAL_TIM_IC_CaptureCallback)
    [Anonymous Symbol]                       0x080029a4   Section        0  stm32f4xx_hal_tim.o(.text.HAL_TIM_IRQHandler)
    [Anonymous Symbol]                       0x08002b14   Section        0  stm32f4xx_hal_tim.o(.text.HAL_TIM_OC_DelayElapsedCallback)
    [Anonymous Symbol]                       0x08002b18   Section        0  stm32f4xx_hal_tim.o(.text.HAL_TIM_PWM_PulseFinishedCallback)
    [Anonymous Symbol]                       0x08002b1c   Section        0  main.o(.text.HAL_TIM_PeriodElapsedCallback)
    [Anonymous Symbol]                       0x08002b88   Section        0  stm32f4xx_hal_tim.o(.text.HAL_TIM_TriggerCallback)
    [Anonymous Symbol]                       0x08002b8c   Section        0  stm32f4xx_hal_uart.o(.text.HAL_UART_ErrorCallback)
    [Anonymous Symbol]                       0x08002b90   Section        0  stm32f4xx_hal_uart.o(.text.HAL_UART_IRQHandler)
    [Anonymous Symbol]                       0x08002e00   Section        0  stm32f4xx_hal_uart.o(.text.HAL_UART_Init)
    [Anonymous Symbol]                       0x08002e60   Section        0  usart.o(.text.HAL_UART_MspInit)
    [Anonymous Symbol]                       0x08002f2c   Section        0  stm32f4xx_hal_uart.o(.text.HAL_UART_Receive_IT)
    [Anonymous Symbol]                       0x08002f80   Section        0  main.o(.text.HAL_UART_RxCpltCallback)
    [Anonymous Symbol]                       0x08003048   Section        0  stm32f4xx_hal_uart.o(.text.HAL_UART_Transmit)
    [Anonymous Symbol]                       0x080031dc   Section        0  stm32f4xx_hal_uart.o(.text.HAL_UART_TxCpltCallback)
    [Anonymous Symbol]                       0x080031e0   Section        0  stm32f4xx_it.o(.text.HardFault_Handler)
    [Anonymous Symbol]                       0x080031e4   Section        0  adc.o(.text.MX_ADC3_Init)
    [Anonymous Symbol]                       0x08003250   Section        0  gpio.o(.text.MX_GPIO_Init)
    [Anonymous Symbol]                       0x08003348   Section        0  i2c.o(.text.MX_I2C1_Init)
    [Anonymous Symbol]                       0x080033b8   Section        0  tim.o(.text.MX_TIM2_Init)
    [Anonymous Symbol]                       0x08003430   Section        0  tim.o(.text.MX_TIM7_Init)
    [Anonymous Symbol]                       0x08003484   Section        0  usart.o(.text.MX_USART1_UART_Init)
    [Anonymous Symbol]                       0x080034c0   Section        0  usart.o(.text.MX_USART2_UART_Init)
    [Anonymous Symbol]                       0x080034fc   Section        0  stm32f4xx_it.o(.text.MemManage_Handler)
    [Anonymous Symbol]                       0x08003500   Section        0  stm32f4xx_it.o(.text.NMI_Handler)
    [Anonymous Symbol]                       0x08003504   Section        0  oled.o(.text.OLED_Clear)
    [Anonymous Symbol]                       0x080035a0   Section        0  oled.o(.text.OLED_Init)
    [Anonymous Symbol]                       0x080037e0   Section        0  oled.o(.text.OLED_ShowChar)
    [Anonymous Symbol]                       0x08003a6c   Section        0  oled.o(.text.OLED_ShowString)
    [Anonymous Symbol]                       0x08003a98   Section        0  stm32f4xx_it.o(.text.PendSV_Handler)
    [Anonymous Symbol]                       0x08003a9c   Section        0  stm32f4xx_it.o(.text.SVC_Handler)
    [Anonymous Symbol]                       0x08003aa0   Section        0  stm32f4xx_it.o(.text.SysTick_Handler)
    [Anonymous Symbol]                       0x08003aa4   Section        0  system_stm32f4xx.o(.text.SystemInit)
    [Anonymous Symbol]                       0x08003ac0   Section        0  stm32f4xx_it.o(.text.TIM2_IRQHandler)
    [Anonymous Symbol]                       0x08003acc   Section        0  stm32f4xx_it.o(.text.TIM7_IRQHandler)
    [Anonymous Symbol]                       0x08003ad8   Section        0  stm32f4xx_hal_tim.o(.text.TIM_Base_SetConfig)
    UART_DMAAbortOnError                     0x08003c15   Thumb Code    12  stm32f4xx_hal_uart.o(.text.UART_DMAAbortOnError)
    [Anonymous Symbol]                       0x08003c14   Section        0  stm32f4xx_hal_uart.o(.text.UART_DMAAbortOnError)
    [Anonymous Symbol]                       0x08003c20   Section        0  main.o(.text.UART_Printf)
    UART_SetConfig                           0x08003c61   Thumb Code   266  stm32f4xx_hal_uart.o(.text.UART_SetConfig)
    [Anonymous Symbol]                       0x08003c60   Section        0  stm32f4xx_hal_uart.o(.text.UART_SetConfig)
    [Anonymous Symbol]                       0x08003d6c   Section        0  stm32f4xx_it.o(.text.USART1_IRQHandler)
    [Anonymous Symbol]                       0x08003d78   Section        0  stm32f4xx_it.o(.text.USART2_IRQHandler)
    [Anonymous Symbol]                       0x08003d84   Section        0  stm32f4xx_it.o(.text.UsageFault_Handler)
    [Anonymous Symbol]                       0x08003d88   Section        0  delay.o(.text.delay_us)
    [Anonymous Symbol]                       0x08003dc0   Section        0  main.o(.text.main)
    i.__0snprintf                            0x080040c8   Section        0  printfa.o(i.__0snprintf)
    i.__0vsnprintf                           0x080040fc   Section        0  printfa.o(i.__0vsnprintf)
    i.__aeabi_errno_addr                     0x08004130   Section        0  errno.o(i.__aeabi_errno_addr)
    i.__scatterload_copy                     0x08004138   Section       14  handlers.o(i.__scatterload_copy)
    i.__scatterload_null                     0x08004146   Section        2  handlers.o(i.__scatterload_null)
    i.__scatterload_zeroinit                 0x08004148   Section       14  handlers.o(i.__scatterload_zeroinit)
    _fp_digits                               0x08004159   Thumb Code   366  printfa.o(i._fp_digits)
    i._fp_digits                             0x08004158   Section        0  printfa.o(i._fp_digits)
    _printf_core                             0x080042dd   Thumb Code  1744  printfa.o(i._printf_core)
    i._printf_core                           0x080042dc   Section        0  printfa.o(i._printf_core)
    _printf_post_padding                     0x080049b9   Thumb Code    36  printfa.o(i._printf_post_padding)
    i._printf_post_padding                   0x080049b8   Section        0  printfa.o(i._printf_post_padding)
    _printf_pre_padding                      0x080049dd   Thumb Code    46  printfa.o(i._printf_pre_padding)
    i._printf_pre_padding                    0x080049dc   Section        0  printfa.o(i._printf_pre_padding)
    _snputc                                  0x08004a0b   Thumb Code    22  printfa.o(i._snputc)
    i._snputc                                0x08004a0a   Section        0  printfa.o(i._snputc)
    .constdata                               0x08004a20   Section      129  ctype_o.o(.constdata)
    table                                    0x08004aa4   Data           4  ctype_o.o(.constdata)
    .constdata                               0x08004aa4   Section        4  ctype_o.o(.constdata)
    _errno                                   0x20000000   Data           4  errno.o(.data)
    .data                                    0x20000000   Section        4  errno.o(.data)
    .L_MergedGlobals                         0x20000004   Data           8  stm32f4xx_hal.o(.data..L_MergedGlobals)
    [Anonymous Symbol]                       0x20000004   Section        0  stm32f4xx_hal.o(.data..L_MergedGlobals)
    .L_MergedGlobals                         0x20000018   Data          67  main.o(.bss..L_MergedGlobals)
    [Anonymous Symbol]                       0x20000018   Section        0  main.o(.bss..L_MergedGlobals)
    MotorStart.LastStartTime                 0x20000024   Data           4  main.o(.bss..L_MergedGlobals)
    STACK                                    0x20000400   Section     1024  startup_stm32f429xx.o(STACK)

    Global Symbols

    Symbol Name                              Value     Ov Type        Size  Object(Section)

    BuildAttributes$$THM_ISAv4$E$P$D$K$B$S$7EM$VFPi3$EXTD16$VFPS$VFMA$PE$A:L22UL41UL21$X:L11$S22US41US21$IEEE1$IW$~IW$USESV6$~STKCKD$USESV7$~SHL$OTIME$ROPI$EBA8$MICROLIB$REQ8$PRES8$EABIv2 0x00000000   Number         0  anon$$obj.o ABSOLUTE
    _printf_a                                0x00000000   Number         0  printfstubs.o ABSOLUTE
    _printf_c                                0x00000000   Number         0  printfstubs.o ABSOLUTE
    _printf_charcount                        0x00000000   Number         0  printfstubs.o ABSOLUTE
    _printf_d                                0x00000000   Number         0  printfstubs.o ABSOLUTE
    _printf_e                                0x00000000   Number         0  printfstubs.o ABSOLUTE
    _printf_f                                0x00000000   Number         0  printfstubs.o ABSOLUTE
    _printf_flags                            0x00000000   Number         0  printfstubs.o ABSOLUTE
    _printf_fp_dec                           0x00000000   Number         0  printfstubs.o ABSOLUTE
    _printf_fp_hex                           0x00000000   Number         0  printfstubs.o ABSOLUTE
    _printf_g                                0x00000000   Number         0  printfstubs.o ABSOLUTE
    _printf_i                                0x00000000   Number         0  printfstubs.o ABSOLUTE
    _printf_int_dec                          0x00000000   Number         0  printfstubs.o ABSOLUTE
    _printf_l                                0x00000000   Number         0  printfstubs.o ABSOLUTE
    _printf_lc                               0x00000000   Number         0  printfstubs.o ABSOLUTE
    _printf_ll                               0x00000000   Number         0  printfstubs.o ABSOLUTE
    _printf_lld                              0x00000000   Number         0  printfstubs.o ABSOLUTE
    _printf_lli                              0x00000000   Number         0  printfstubs.o ABSOLUTE
    _printf_llo                              0x00000000   Number         0  printfstubs.o ABSOLUTE
    _printf_llu                              0x00000000   Number         0  printfstubs.o ABSOLUTE
    _printf_llx                              0x00000000   Number         0  printfstubs.o ABSOLUTE
    _printf_longlong_dec                     0x00000000   Number         0  printfstubs.o ABSOLUTE
    _printf_longlong_hex                     0x00000000   Number         0  printfstubs.o ABSOLUTE
    _printf_longlong_oct                     0x00000000   Number         0  printfstubs.o ABSOLUTE
    _printf_ls                               0x00000000   Number         0  printfstubs.o ABSOLUTE
    _printf_mbtowc                           0x00000000   Number         0  printfstubs.o ABSOLUTE
    _printf_n                                0x00000000   Number         0  printfstubs.o ABSOLUTE
    _printf_o                                0x00000000   Number         0  printfstubs.o ABSOLUTE
    _printf_p                                0x00000000   Number         0  printfstubs.o ABSOLUTE
    _printf_percent                          0x00000000   Number         0  printfstubs.o ABSOLUTE
    _printf_pre_padding                      0x00000000   Number         0  printfstubs.o ABSOLUTE
    _printf_return_value                     0x00000000   Number         0  printfstubs.o ABSOLUTE
    _printf_s                                0x00000000   Number         0  printfstubs.o ABSOLUTE
    _printf_sizespec                         0x00000000   Number         0  printfstubs.o ABSOLUTE
    _printf_str                              0x00000000   Number         0  printfstubs.o ABSOLUTE
    _printf_truncate_signed                  0x00000000   Number         0  printfstubs.o ABSOLUTE
    _printf_truncate_unsigned                0x00000000   Number         0  printfstubs.o ABSOLUTE
    _printf_u                                0x00000000   Number         0  printfstubs.o ABSOLUTE
    _printf_wc                               0x00000000   Number         0  printfstubs.o ABSOLUTE
    _printf_wctomb                           0x00000000   Number         0  printfstubs.o ABSOLUTE
    _printf_widthprec                        0x00000000   Number         0  printfstubs.o ABSOLUTE
    _printf_x                                0x00000000   Number         0  printfstubs.o ABSOLUTE
    __cpp_initialize__aeabi_                  - Undefined Weak Reference
    __cxa_finalize                            - Undefined Weak Reference
    __decompress                              - Undefined Weak Reference
    _clock_init                               - Undefined Weak Reference
    _microlib_exit                            - Undefined Weak Reference
    __Vectors_Size                           0x000001ac   Number         0  startup_stm32f429xx.o ABSOLUTE
    __Vectors                                0x08000000   Data           4  startup_stm32f429xx.o(RESET)
    __Vectors_End                            0x080001ac   Data           0  startup_stm32f429xx.o(RESET)
    __main                                   0x080001ad   Thumb Code     0  entry.o(.ARM.Collect$$$$00000000)
    _main_stk                                0x080001ad   Thumb Code     0  entry2.o(.ARM.Collect$$$$00000001)
    _main_scatterload                        0x080001b1   Thumb Code     0  entry5.o(.ARM.Collect$$$$00000004)
    __main_after_scatterload                 0x080001b5   Thumb Code     0  entry5.o(.ARM.Collect$$$$00000004)
    _main_clock                              0x080001b5   Thumb Code     0  entry7b.o(.ARM.Collect$$$$00000008)
    _main_cpp_init                           0x080001b5   Thumb Code     0  entry8b.o(.ARM.Collect$$$$0000000A)
    _main_init                               0x080001b5   Thumb Code     0  entry9a.o(.ARM.Collect$$$$0000000B)
    __rt_final_cpp                           0x080001bd   Thumb Code     0  entry10a.o(.ARM.Collect$$$$0000000D)
    __rt_final_exit                          0x080001bd   Thumb Code     0  entry11a.o(.ARM.Collect$$$$0000000F)
    Reset_Handler                            0x080001c1   Thumb Code     8  startup_stm32f429xx.o(.text)
    ADC_IRQHandler                           0x080001db   Thumb Code     0  startup_stm32f429xx.o(.text)
    CAN1_RX0_IRQHandler                      0x080001db   Thumb Code     0  startup_stm32f429xx.o(.text)
    CAN1_RX1_IRQHandler                      0x080001db   Thumb Code     0  startup_stm32f429xx.o(.text)
    CAN1_SCE_IRQHandler                      0x080001db   Thumb Code     0  startup_stm32f429xx.o(.text)
    CAN1_TX_IRQHandler                       0x080001db   Thumb Code     0  startup_stm32f429xx.o(.text)
    CAN2_RX0_IRQHandler                      0x080001db   Thumb Code     0  startup_stm32f429xx.o(.text)
    CAN2_RX1_IRQHandler                      0x080001db   Thumb Code     0  startup_stm32f429xx.o(.text)
    CAN2_SCE_IRQHandler                      0x080001db   Thumb Code     0  startup_stm32f429xx.o(.text)
    CAN2_TX_IRQHandler                       0x080001db   Thumb Code     0  startup_stm32f429xx.o(.text)
    DCMI_IRQHandler                          0x080001db   Thumb Code     0  startup_stm32f429xx.o(.text)
    DMA1_Stream0_IRQHandler                  0x080001db   Thumb Code     0  startup_stm32f429xx.o(.text)
    DMA1_Stream1_IRQHandler                  0x080001db   Thumb Code     0  startup_stm32f429xx.o(.text)
    DMA1_Stream2_IRQHandler                  0x080001db   Thumb Code     0  startup_stm32f429xx.o(.text)
    DMA1_Stream3_IRQHandler                  0x080001db   Thumb Code     0  startup_stm32f429xx.o(.text)
    DMA1_Stream4_IRQHandler                  0x080001db   Thumb Code     0  startup_stm32f429xx.o(.text)
    DMA1_Stream5_IRQHandler                  0x080001db   Thumb Code     0  startup_stm32f429xx.o(.text)
    DMA1_Stream6_IRQHandler                  0x080001db   Thumb Code     0  startup_stm32f429xx.o(.text)
    DMA1_Stream7_IRQHandler                  0x080001db   Thumb Code     0  startup_stm32f429xx.o(.text)
    DMA2D_IRQHandler                         0x080001db   Thumb Code     0  startup_stm32f429xx.o(.text)
    DMA2_Stream0_IRQHandler                  0x080001db   Thumb Code     0  startup_stm32f429xx.o(.text)
    DMA2_Stream1_IRQHandler                  0x080001db   Thumb Code     0  startup_stm32f429xx.o(.text)
    DMA2_Stream2_IRQHandler                  0x080001db   Thumb Code     0  startup_stm32f429xx.o(.text)
    DMA2_Stream3_IRQHandler                  0x080001db   Thumb Code     0  startup_stm32f429xx.o(.text)
    DMA2_Stream4_IRQHandler                  0x080001db   Thumb Code     0  startup_stm32f429xx.o(.text)
    DMA2_Stream5_IRQHandler                  0x080001db   Thumb Code     0  startup_stm32f429xx.o(.text)
    DMA2_Stream6_IRQHandler                  0x080001db   Thumb Code     0  startup_stm32f429xx.o(.text)
    DMA2_Stream7_IRQHandler                  0x080001db   Thumb Code     0  startup_stm32f429xx.o(.text)
    ETH_IRQHandler                           0x080001db   Thumb Code     0  startup_stm32f429xx.o(.text)
    ETH_WKUP_IRQHandler                      0x080001db   Thumb Code     0  startup_stm32f429xx.o(.text)
    EXTI0_IRQHandler                         0x080001db   Thumb Code     0  startup_stm32f429xx.o(.text)
    EXTI15_10_IRQHandler                     0x080001db   Thumb Code     0  startup_stm32f429xx.o(.text)
    EXTI1_IRQHandler                         0x080001db   Thumb Code     0  startup_stm32f429xx.o(.text)
    EXTI2_IRQHandler                         0x080001db   Thumb Code     0  startup_stm32f429xx.o(.text)
    EXTI3_IRQHandler                         0x080001db   Thumb Code     0  startup_stm32f429xx.o(.text)
    EXTI4_IRQHandler                         0x080001db   Thumb Code     0  startup_stm32f429xx.o(.text)
    EXTI9_5_IRQHandler                       0x080001db   Thumb Code     0  startup_stm32f429xx.o(.text)
    FLASH_IRQHandler                         0x080001db   Thumb Code     0  startup_stm32f429xx.o(.text)
    FMC_IRQHandler                           0x080001db   Thumb Code     0  startup_stm32f429xx.o(.text)
    FPU_IRQHandler                           0x080001db   Thumb Code     0  startup_stm32f429xx.o(.text)
    HASH_RNG_IRQHandler                      0x080001db   Thumb Code     0  startup_stm32f429xx.o(.text)
    I2C1_ER_IRQHandler                       0x080001db   Thumb Code     0  startup_stm32f429xx.o(.text)
    I2C1_EV_IRQHandler                       0x080001db   Thumb Code     0  startup_stm32f429xx.o(.text)
    I2C2_ER_IRQHandler                       0x080001db   Thumb Code     0  startup_stm32f429xx.o(.text)
    I2C2_EV_IRQHandler                       0x080001db   Thumb Code     0  startup_stm32f429xx.o(.text)
    I2C3_ER_IRQHandler                       0x080001db   Thumb Code     0  startup_stm32f429xx.o(.text)
    I2C3_EV_IRQHandler                       0x080001db   Thumb Code     0  startup_stm32f429xx.o(.text)
    LTDC_ER_IRQHandler                       0x080001db   Thumb Code     0  startup_stm32f429xx.o(.text)
    LTDC_IRQHandler                          0x080001db   Thumb Code     0  startup_stm32f429xx.o(.text)
    OTG_FS_IRQHandler                        0x080001db   Thumb Code     0  startup_stm32f429xx.o(.text)
    OTG_FS_WKUP_IRQHandler                   0x080001db   Thumb Code     0  startup_stm32f429xx.o(.text)
    OTG_HS_EP1_IN_IRQHandler                 0x080001db   Thumb Code     0  startup_stm32f429xx.o(.text)
    OTG_HS_EP1_OUT_IRQHandler                0x080001db   Thumb Code     0  startup_stm32f429xx.o(.text)
    OTG_HS_IRQHandler                        0x080001db   Thumb Code     0  startup_stm32f429xx.o(.text)
    OTG_HS_WKUP_IRQHandler                   0x080001db   Thumb Code     0  startup_stm32f429xx.o(.text)
    PVD_IRQHandler                           0x080001db   Thumb Code     0  startup_stm32f429xx.o(.text)
    RCC_IRQHandler                           0x080001db   Thumb Code     0  startup_stm32f429xx.o(.text)
    RTC_Alarm_IRQHandler                     0x080001db   Thumb Code     0  startup_stm32f429xx.o(.text)
    RTC_WKUP_IRQHandler                      0x080001db   Thumb Code     0  startup_stm32f429xx.o(.text)
    SAI1_IRQHandler                          0x080001db   Thumb Code     0  startup_stm32f429xx.o(.text)
    SDIO_IRQHandler                          0x080001db   Thumb Code     0  startup_stm32f429xx.o(.text)
    SPI1_IRQHandler                          0x080001db   Thumb Code     0  startup_stm32f429xx.o(.text)
    SPI2_IRQHandler                          0x080001db   Thumb Code     0  startup_stm32f429xx.o(.text)
    SPI3_IRQHandler                          0x080001db   Thumb Code     0  startup_stm32f429xx.o(.text)
    SPI4_IRQHandler                          0x080001db   Thumb Code     0  startup_stm32f429xx.o(.text)
    SPI5_IRQHandler                          0x080001db   Thumb Code     0  startup_stm32f429xx.o(.text)
    SPI6_IRQHandler                          0x080001db   Thumb Code     0  startup_stm32f429xx.o(.text)
    TAMP_STAMP_IRQHandler                    0x080001db   Thumb Code     0  startup_stm32f429xx.o(.text)
    TIM1_BRK_TIM9_IRQHandler                 0x080001db   Thumb Code     0  startup_stm32f429xx.o(.text)
    TIM1_CC_IRQHandler                       0x080001db   Thumb Code     0  startup_stm32f429xx.o(.text)
    TIM1_TRG_COM_TIM11_IRQHandler            0x080001db   Thumb Code     0  startup_stm32f429xx.o(.text)
    TIM1_UP_TIM10_IRQHandler                 0x080001db   Thumb Code     0  startup_stm32f429xx.o(.text)
    TIM3_IRQHandler                          0x080001db   Thumb Code     0  startup_stm32f429xx.o(.text)
    TIM4_IRQHandler                          0x080001db   Thumb Code     0  startup_stm32f429xx.o(.text)
    TIM5_IRQHandler                          0x080001db   Thumb Code     0  startup_stm32f429xx.o(.text)
    TIM6_DAC_IRQHandler                      0x080001db   Thumb Code     0  startup_stm32f429xx.o(.text)
    TIM8_BRK_TIM12_IRQHandler                0x080001db   Thumb Code     0  startup_stm32f429xx.o(.text)
    TIM8_CC_IRQHandler                       0x080001db   Thumb Code     0  startup_stm32f429xx.o(.text)
    TIM8_TRG_COM_TIM14_IRQHandler            0x080001db   Thumb Code     0  startup_stm32f429xx.o(.text)
    TIM8_UP_TIM13_IRQHandler                 0x080001db   Thumb Code     0  startup_stm32f429xx.o(.text)
    UART4_IRQHandler                         0x080001db   Thumb Code     0  startup_stm32f429xx.o(.text)
    UART5_IRQHandler                         0x080001db   Thumb Code     0  startup_stm32f429xx.o(.text)
    UART7_IRQHandler                         0x080001db   Thumb Code     0  startup_stm32f429xx.o(.text)
    UART8_IRQHandler                         0x080001db   Thumb Code     0  startup_stm32f429xx.o(.text)
    USART3_IRQHandler                        0x080001db   Thumb Code     0  startup_stm32f429xx.o(.text)
    USART6_IRQHandler                        0x080001db   Thumb Code     0  startup_stm32f429xx.o(.text)
    WWDG_IRQHandler                          0x080001db   Thumb Code     0  startup_stm32f429xx.o(.text)
    __aeabi_uldivmod                         0x080001e5   Thumb Code    98  uldiv.o(.text)
    strlen                                   0x08000247   Thumb Code    14  strlen.o(.text)
    atoi                                     0x08000255   Thumb Code    26  atoi.o(.text)
    __aeabi_dadd                             0x0800026f   Thumb Code   322  dadd.o(.text)
    __aeabi_dsub                             0x080003b1   Thumb Code     6  dadd.o(.text)
    __aeabi_drsub                            0x080003b7   Thumb Code     6  dadd.o(.text)
    __aeabi_dmul                             0x080003bd   Thumb Code   228  dmul.o(.text)
    __aeabi_ddiv                             0x080004a1   Thumb Code   222  ddiv.o(.text)
    __aeabi_i2d                              0x0800057f   Thumb Code    34  dflti.o(.text)
    __aeabi_ui2d                             0x080005a1   Thumb Code    26  dfltui.o(.text)
    __aeabi_d2iz                             0x080005bb   Thumb Code    62  dfixi.o(.text)
    __aeabi_f2d                              0x080005f9   Thumb Code    38  f2d.o(.text)
    __aeabi_d2f                              0x0800061f   Thumb Code    56  d2f.o(.text)
    __aeabi_uidiv                            0x08000657   Thumb Code     0  uidiv.o(.text)
    __aeabi_uidivmod                         0x08000657   Thumb Code    44  uidiv.o(.text)
    __aeabi_llsl                             0x08000683   Thumb Code    30  llshl.o(.text)
    _ll_shift_l                              0x08000683   Thumb Code     0  llshl.o(.text)
    __aeabi_llsr                             0x080006a1   Thumb Code    32  llushr.o(.text)
    _ll_ushift_r                             0x080006a1   Thumb Code     0  llushr.o(.text)
    __aeabi_lasr                             0x080006c1   Thumb Code    36  llsshr.o(.text)
    _ll_sshift_r                             0x080006c1   Thumb Code     0  llsshr.o(.text)
    strtol                                   0x080006e5   Thumb Code   112  strtol.o(.text)
    __I$use$fp                               0x08000755   Thumb Code     0  iusefp.o(.text)
    _float_round                             0x08000755   Thumb Code    18  fepilogue.o(.text)
    _float_epilogue                          0x08000767   Thumb Code    92  fepilogue.o(.text)
    _double_round                            0x080007c3   Thumb Code    30  depilogue.o(.text)
    _double_epilogue                         0x080007e1   Thumb Code   156  depilogue.o(.text)
    __aeabi_d2ulz                            0x0800087d   Thumb Code    48  dfixul.o(.text)
    __aeabi_cdrcmple                         0x080008ad   Thumb Code    48  cdrcmple.o(.text)
    __scatterload                            0x080008dd   Thumb Code    38  init.o(.text)
    __scatterload_rt2                        0x080008dd   Thumb Code     0  init.o(.text)
    __rt_ctype_table                         0x0800090d   Thumb Code     4  ctype_o.o(.text)
    _strtoul                                 0x08000915   Thumb Code   158  _strtoul.o(.text)
    _chval                                   0x080009b3   Thumb Code    28  _chval.o(.text)
    BusFault_Handler                         0x080009d1   Thumb Code     2  stm32f4xx_it.o(.text.BusFault_Handler)
    DS18B20_Get_Temp                         0x080009d9   Thumb Code   232  ds18b20.o(.text.DS18B20_Get_Temp)
    DS18B20_Init                             0x08000ac9   Thumb Code   144  ds18b20.o(.text.DS18B20_Init)
    DS18B20_Read_Byte                        0x08000be9   Thumb Code   684  ds18b20.o(.text.DS18B20_Read_Byte)
    DS18B20_Write_Byte                       0x08000e95   Thumb Code   494  ds18b20.o(.text.DS18B20_Write_Byte)
    DebugMon_Handler                         0x08001085   Thumb Code     2  stm32f4xx_it.o(.text.DebugMon_Handler)
    Error_Handler                            0x08001089   Thumb Code     2  main.o(.text.Error_Handler)
    HAL_ADC_ConfigChannel                    0x0800108d   Thumb Code   368  stm32f4xx_hal_adc.o(.text.HAL_ADC_ConfigChannel)
    HAL_ADC_GetValue                         0x080011fd   Thumb Code     6  stm32f4xx_hal_adc.o(.text.HAL_ADC_GetValue)
    HAL_ADC_Init                             0x08001205   Thumb Code   350  stm32f4xx_hal_adc.o(.text.HAL_ADC_Init)
    HAL_ADC_MspInit                          0x08001365   Thumb Code   102  adc.o(.text.HAL_ADC_MspInit)
    HAL_ADC_PollForConversion                0x080013cd   Thumb Code   202  stm32f4xx_hal_adc.o(.text.HAL_ADC_PollForConversion)
    HAL_ADC_Start                            0x08001499   Thumb Code   320  stm32f4xx_hal_adc.o(.text.HAL_ADC_Start)
    HAL_DMA_Abort_IT                         0x080015d9   Thumb Code    36  stm32f4xx_hal_dma.o(.text.HAL_DMA_Abort_IT)
    HAL_Delay                                0x080015fd   Thumb Code    40  stm32f4xx_hal.o(.text.HAL_Delay)
    HAL_GPIO_Init                            0x08001625   Thumb Code   430  stm32f4xx_hal_gpio.o(.text.HAL_GPIO_Init)
    HAL_GPIO_ReadPin                         0x080017d5   Thumb Code    10  stm32f4xx_hal_gpio.o(.text.HAL_GPIO_ReadPin)
    HAL_GPIO_WritePin                        0x080017e1   Thumb Code    10  stm32f4xx_hal_gpio.o(.text.HAL_GPIO_WritePin)
    HAL_GetTick                              0x080017ed   Thumb Code    12  stm32f4xx_hal.o(.text.HAL_GetTick)
    HAL_I2CEx_ConfigAnalogFilter             0x080017f9   Thumb Code    60  stm32f4xx_hal_i2c_ex.o(.text.HAL_I2CEx_ConfigAnalogFilter)
    HAL_I2CEx_ConfigDigitalFilter            0x08001835   Thumb Code    64  stm32f4xx_hal_i2c_ex.o(.text.HAL_I2CEx_ConfigDigitalFilter)
    HAL_I2C_Init                             0x08001875   Thumb Code   356  stm32f4xx_hal_i2c.o(.text.HAL_I2C_Init)
    HAL_I2C_Master_Transmit                  0x080019d9   Thumb Code  1074  stm32f4xx_hal_i2c.o(.text.HAL_I2C_Master_Transmit)
    HAL_I2C_MspInit                          0x08001e0d   Thumb Code   106  i2c.o(.text.HAL_I2C_MspInit)
    HAL_IncTick                              0x08001e79   Thumb Code    26  stm32f4xx_hal.o(.text.HAL_IncTick)
    HAL_Init                                 0x08001e95   Thumb Code    54  stm32f4xx_hal.o(.text.HAL_Init)
    HAL_InitTick                             0x08001ecd   Thumb Code    72  stm32f4xx_hal.o(.text.HAL_InitTick)
    HAL_MspInit                              0x08001f15   Thumb Code    56  stm32f4xx_hal_msp.o(.text.HAL_MspInit)
    HAL_NVIC_EnableIRQ                       0x08001f4d   Thumb Code    34  stm32f4xx_hal_cortex.o(.text.HAL_NVIC_EnableIRQ)
    HAL_NVIC_SetPriority                     0x08001f71   Thumb Code    86  stm32f4xx_hal_cortex.o(.text.HAL_NVIC_SetPriority)
    HAL_NVIC_SetPriorityGrouping             0x08001fc9   Thumb Code    32  stm32f4xx_hal_cortex.o(.text.HAL_NVIC_SetPriorityGrouping)
    HAL_PWREx_EnableOverDrive                0x08001fe9   Thumb Code   122  stm32f4xx_hal_pwr_ex.o(.text.HAL_PWREx_EnableOverDrive)
    HAL_RCC_ClockConfig                      0x08002065   Thumb Code   356  stm32f4xx_hal_rcc.o(.text.HAL_RCC_ClockConfig)
    HAL_RCC_GetPCLK1Freq                     0x080021c9   Thumb Code    38  stm32f4xx_hal_rcc.o(.text.HAL_RCC_GetPCLK1Freq)
    HAL_RCC_GetPCLK2Freq                     0x080021f1   Thumb Code    38  stm32f4xx_hal_rcc.o(.text.HAL_RCC_GetPCLK2Freq)
    HAL_RCC_GetSysClockFreq                  0x08002219   Thumb Code   106  stm32f4xx_hal_rcc.o(.text.HAL_RCC_GetSysClockFreq)
    HAL_RCC_OscConfig                        0x08002285   Thumb Code   924  stm32f4xx_hal_rcc.o(.text.HAL_RCC_OscConfig)
    HAL_SYSTICK_Config                       0x08002621   Thumb Code    44  stm32f4xx_hal_cortex.o(.text.HAL_SYSTICK_Config)
    HAL_TIMEx_BreakCallback                  0x0800264d   Thumb Code     2  stm32f4xx_hal_tim_ex.o(.text.HAL_TIMEx_BreakCallback)
    HAL_TIMEx_CommutCallback                 0x08002651   Thumb Code     2  stm32f4xx_hal_tim_ex.o(.text.HAL_TIMEx_CommutCallback)
    HAL_TIMEx_MasterConfigSynchronization    0x08002655   Thumb Code   186  stm32f4xx_hal_tim_ex.o(.text.HAL_TIMEx_MasterConfigSynchronization)
    HAL_TIM_Base_Init                        0x08002711   Thumb Code    54  stm32f4xx_hal_tim.o(.text.HAL_TIM_Base_Init)
    HAL_TIM_Base_MspInit                     0x08002749   Thumb Code   120  tim.o(.text.HAL_TIM_Base_MspInit)
    HAL_TIM_Base_Start                       0x080027c1   Thumb Code    38  stm32f4xx_hal_tim.o(.text.HAL_TIM_Base_Start)
    HAL_TIM_Base_Start_IT                    0x080027e9   Thumb Code    32  stm32f4xx_hal_tim.o(.text.HAL_TIM_Base_Start_IT)
    HAL_TIM_ConfigClockSource                0x08002809   Thumb Code   406  stm32f4xx_hal_tim.o(.text.HAL_TIM_ConfigClockSource)
    HAL_TIM_IC_CaptureCallback               0x080029a1   Thumb Code     2  stm32f4xx_hal_tim.o(.text.HAL_TIM_IC_CaptureCallback)
    HAL_TIM_IRQHandler                       0x080029a5   Thumb Code   368  stm32f4xx_hal_tim.o(.text.HAL_TIM_IRQHandler)
    HAL_TIM_OC_DelayElapsedCallback          0x08002b15   Thumb Code     2  stm32f4xx_hal_tim.o(.text.HAL_TIM_OC_DelayElapsedCallback)
    HAL_TIM_PWM_PulseFinishedCallback        0x08002b19   Thumb Code     2  stm32f4xx_hal_tim.o(.text.HAL_TIM_PWM_PulseFinishedCallback)
    HAL_TIM_PeriodElapsedCallback            0x08002b1d   Thumb Code    96  main.o(.text.HAL_TIM_PeriodElapsedCallback)
    HAL_TIM_TriggerCallback                  0x08002b89   Thumb Code     2  stm32f4xx_hal_tim.o(.text.HAL_TIM_TriggerCallback)
    HAL_UART_ErrorCallback                   0x08002b8d   Thumb Code     2  stm32f4xx_hal_uart.o(.text.HAL_UART_ErrorCallback)
    HAL_UART_IRQHandler                      0x08002b91   Thumb Code   622  stm32f4xx_hal_uart.o(.text.HAL_UART_IRQHandler)
    HAL_UART_Init                            0x08002e01   Thumb Code    94  stm32f4xx_hal_uart.o(.text.HAL_UART_Init)
    HAL_UART_MspInit                         0x08002e61   Thumb Code   202  usart.o(.text.HAL_UART_MspInit)
    HAL_UART_Receive_IT                      0x08002f2d   Thumb Code    84  stm32f4xx_hal_uart.o(.text.HAL_UART_Receive_IT)
    HAL_UART_RxCpltCallback                  0x08002f81   Thumb Code   184  main.o(.text.HAL_UART_RxCpltCallback)
    HAL_UART_Transmit                        0x08003049   Thumb Code   402  stm32f4xx_hal_uart.o(.text.HAL_UART_Transmit)
    HAL_UART_TxCpltCallback                  0x080031dd   Thumb Code     2  stm32f4xx_hal_uart.o(.text.HAL_UART_TxCpltCallback)
    HardFault_Handler                        0x080031e1   Thumb Code     2  stm32f4xx_it.o(.text.HardFault_Handler)
    MX_ADC3_Init                             0x080031e5   Thumb Code   108  adc.o(.text.MX_ADC3_Init)
    MX_GPIO_Init                             0x08003251   Thumb Code   248  gpio.o(.text.MX_GPIO_Init)
    MX_I2C1_Init                             0x08003349   Thumb Code   110  i2c.o(.text.MX_I2C1_Init)
    MX_TIM2_Init                             0x080033b9   Thumb Code   118  tim.o(.text.MX_TIM2_Init)
    MX_TIM7_Init                             0x08003431   Thumb Code    82  tim.o(.text.MX_TIM7_Init)
    MX_USART1_UART_Init                      0x08003485   Thumb Code    60  usart.o(.text.MX_USART1_UART_Init)
    MX_USART2_UART_Init                      0x080034c1   Thumb Code    60  usart.o(.text.MX_USART2_UART_Init)
    MemManage_Handler                        0x080034fd   Thumb Code     2  stm32f4xx_it.o(.text.MemManage_Handler)
    NMI_Handler                              0x08003501   Thumb Code     2  stm32f4xx_it.o(.text.NMI_Handler)
    OLED_Clear                               0x08003505   Thumb Code   156  oled.o(.text.OLED_Clear)
    OLED_Init                                0x080035a1   Thumb Code   574  oled.o(.text.OLED_Init)
    OLED_ShowChar                            0x080037e1   Thumb Code   650  oled.o(.text.OLED_ShowChar)
    OLED_ShowString                          0x08003a6d   Thumb Code    42  oled.o(.text.OLED_ShowString)
    PendSV_Handler                           0x08003a99   Thumb Code     2  stm32f4xx_it.o(.text.PendSV_Handler)
    SVC_Handler                              0x08003a9d   Thumb Code     2  stm32f4xx_it.o(.text.SVC_Handler)
    SysTick_Handler                          0x08003aa1   Thumb Code     4  stm32f4xx_it.o(.text.SysTick_Handler)
    SystemInit                               0x08003aa5   Thumb Code    26  system_stm32f4xx.o(.text.SystemInit)
    TIM2_IRQHandler                          0x08003ac1   Thumb Code    12  stm32f4xx_it.o(.text.TIM2_IRQHandler)
    TIM7_IRQHandler                          0x08003acd   Thumb Code    12  stm32f4xx_it.o(.text.TIM7_IRQHandler)
    TIM_Base_SetConfig                       0x08003ad9   Thumb Code   316  stm32f4xx_hal_tim.o(.text.TIM_Base_SetConfig)
    UART_Printf                              0x08003c21   Thumb Code    64  main.o(.text.UART_Printf)
    USART1_IRQHandler                        0x08003d6d   Thumb Code    12  stm32f4xx_it.o(.text.USART1_IRQHandler)
    USART2_IRQHandler                        0x08003d79   Thumb Code    12  stm32f4xx_it.o(.text.USART2_IRQHandler)
    UsageFault_Handler                       0x08003d85   Thumb Code     2  stm32f4xx_it.o(.text.UsageFault_Handler)
    delay_us                                 0x08003d89   Thumb Code    56  delay.o(.text.delay_us)
    main                                     0x08003dc1   Thumb Code   688  main.o(.text.main)
    __0snprintf                              0x080040c9   Thumb Code    48  printfa.o(i.__0snprintf)
    __1snprintf                              0x080040c9   Thumb Code     0  printfa.o(i.__0snprintf)
    __2snprintf                              0x080040c9   Thumb Code     0  printfa.o(i.__0snprintf)
    __c89snprintf                            0x080040c9   Thumb Code     0  printfa.o(i.__0snprintf)
    snprintf                                 0x080040c9   Thumb Code     0  printfa.o(i.__0snprintf)
    __0vsnprintf                             0x080040fd   Thumb Code    46  printfa.o(i.__0vsnprintf)
    __1vsnprintf                             0x080040fd   Thumb Code     0  printfa.o(i.__0vsnprintf)
    __2vsnprintf                             0x080040fd   Thumb Code     0  printfa.o(i.__0vsnprintf)
    __c89vsnprintf                           0x080040fd   Thumb Code     0  printfa.o(i.__0vsnprintf)
    vsnprintf                                0x080040fd   Thumb Code     0  printfa.o(i.__0vsnprintf)
    __aeabi_errno_addr                       0x08004131   Thumb Code     4  errno.o(i.__aeabi_errno_addr)
    __rt_errno_addr                          0x08004131   Thumb Code     0  errno.o(i.__aeabi_errno_addr)
    __scatterload_copy                       0x08004139   Thumb Code    14  handlers.o(i.__scatterload_copy)
    __scatterload_null                       0x08004147   Thumb Code     2  handlers.o(i.__scatterload_null)
    __scatterload_zeroinit                   0x08004149   Thumb Code    14  handlers.o(i.__scatterload_zeroinit)
    __ctype_table                            0x08004a20   Data         129  ctype_o.o(.constdata)
    AHBPrescTable                            0x08004aa8   Data          16  system_stm32f4xx.o(.rodata.AHBPrescTable)
    APBPrescTable                            0x08004ab8   Data           8  system_stm32f4xx.o(.rodata.APBPrescTable)
    OLED_F8x16                               0x08004ac0   Data        1520  oled.o(.rodata.OLED_F8x16)
    Region$$Table$$Base                      0x080050b0   Number         0  anon$$obj.o(Region$$Table)
    Region$$Table$$Limit                     0x080050d0   Number         0  anon$$obj.o(Region$$Table)
    uwTickFreq                               0x20000004   Data           1  stm32f4xx_hal.o(.data..L_MergedGlobals)
    uwTickPrio                               0x20000008   Data           4  stm32f4xx_hal.o(.data..L_MergedGlobals)
    SystemCoreClock                          0x2000000c   Data           4  system_stm32f4xx.o(.data.SystemCoreClock)
    threshold                                0x20000010   Data           4  main.o(.data.threshold)
    dataReceived                             0x20000018   Data           1  main.o(.bss..L_MergedGlobals)
    Motor_flag                               0x20000019   Data           1  main.o(.bss..L_MergedGlobals)
    rxData                                   0x2000001a   Data           1  main.o(.bss..L_MergedGlobals)
    rxIndex                                  0x2000001c   Data           2  main.o(.bss..L_MergedGlobals)
    percentRecv                              0x2000001e   Data           3  main.o(.bss..L_MergedGlobals)
    buffer                                   0x20000028   Data          17  main.o(.bss..L_MergedGlobals)
    buffer2                                  0x20000039   Data          17  main.o(.bss..L_MergedGlobals)
    buffer_Temperature                       0x2000004a   Data          17  main.o(.bss..L_MergedGlobals)
    hadc3                                    0x2000005c   Data          72  adc.o(.bss.hadc3)
    hi2c1                                    0x200000a4   Data          84  i2c.o(.bss.hi2c1)
    htim2                                    0x200000f8   Data          64  tim.o(.bss.htim2)
    htim7                                    0x20000138   Data          64  tim.o(.bss.htim7)
    huart1                                   0x20000178   Data          64  usart.o(.bss.huart1)
    huart2                                   0x200001b8   Data          64  usart.o(.bss.huart2)
    rxBuffer                                 0x200001f8   Data         512  main.o(.bss.rxBuffer)
    uwTick                                   0x200003f8   Data           4  stm32f4xx_hal.o(.bss.uwTick)
    __initial_sp                             0x20000800   Data           0  startup_stm32f429xx.o(STACK)



==============================================================================

Memory Map of the image

  Image Entry point : 0x080001ad

  Load Region LR_IROM1 (Base: 0x08000000, Size: 0x000050e8, Max: 0x00100000, ABSOLUTE)

    Execution Region ER_IROM1 (Exec base: 0x08000000, Load base: 0x08000000, Size: 0x000050d0, Max: 0x00100000, ABSOLUTE)

    Exec Addr    Load Addr    Size         Type   Attr      Idx    E Section Name        Object

    0x08000000   0x08000000   0x000001ac   Data   RO            3    RESET               startup_stm32f429xx.o
    0x080001ac   0x080001ac   0x00000000   Code   RO         1284  * .ARM.Collect$$$$00000000  mc_w.l(entry.o)
    0x080001ac   0x080001ac   0x00000004   Code   RO         1570    .ARM.Collect$$$$00000001  mc_w.l(entry2.o)
    0x080001b0   0x080001b0   0x00000004   Code   RO         1573    .ARM.Collect$$$$00000004  mc_w.l(entry5.o)
    0x080001b4   0x080001b4   0x00000000   Code   RO         1575    .ARM.Collect$$$$00000008  mc_w.l(entry7b.o)
    0x080001b4   0x080001b4   0x00000000   Code   RO         1577    .ARM.Collect$$$$0000000A  mc_w.l(entry8b.o)
    0x080001b4   0x080001b4   0x00000008   Code   RO         1578    .ARM.Collect$$$$0000000B  mc_w.l(entry9a.o)
    0x080001bc   0x080001bc   0x00000000   Code   RO         1580    .ARM.Collect$$$$0000000D  mc_w.l(entry10a.o)
    0x080001bc   0x080001bc   0x00000000   Code   RO         1582    .ARM.Collect$$$$0000000F  mc_w.l(entry11a.o)
    0x080001bc   0x080001bc   0x00000004   Code   RO         1571    .ARM.Collect$$$$00002712  mc_w.l(entry2.o)
    0x080001c0   0x080001c0   0x00000024   Code   RO            4    .text               startup_stm32f429xx.o
    0x080001e4   0x080001e4   0x00000062   Code   RO         1287    .text               mc_w.l(uldiv.o)
    0x08000246   0x08000246   0x0000000e   Code   RO         1289    .text               mc_w.l(strlen.o)
    0x08000254   0x08000254   0x0000001a   Code   RO         1552    .text               mc_w.l(atoi.o)
    0x0800026e   0x0800026e   0x0000014e   Code   RO         1554    .text               mf_w.l(dadd.o)
    0x080003bc   0x080003bc   0x000000e4   Code   RO         1556    .text               mf_w.l(dmul.o)
    0x080004a0   0x080004a0   0x000000de   Code   RO         1558    .text               mf_w.l(ddiv.o)
    0x0800057e   0x0800057e   0x00000022   Code   RO         1560    .text               mf_w.l(dflti.o)
    0x080005a0   0x080005a0   0x0000001a   Code   RO         1562    .text               mf_w.l(dfltui.o)
    0x080005ba   0x080005ba   0x0000003e   Code   RO         1564    .text               mf_w.l(dfixi.o)
    0x080005f8   0x080005f8   0x00000026   Code   RO         1566    .text               mf_w.l(f2d.o)
    0x0800061e   0x0800061e   0x00000038   Code   RO         1568    .text               mf_w.l(d2f.o)
    0x08000656   0x08000656   0x0000002c   Code   RO         1598    .text               mc_w.l(uidiv.o)
    0x08000682   0x08000682   0x0000001e   Code   RO         1600    .text               mc_w.l(llshl.o)
    0x080006a0   0x080006a0   0x00000020   Code   RO         1602    .text               mc_w.l(llushr.o)
    0x080006c0   0x080006c0   0x00000024   Code   RO         1604    .text               mc_w.l(llsshr.o)
    0x080006e4   0x080006e4   0x00000070   Code   RO         1613    .text               mc_w.l(strtol.o)
    0x08000754   0x08000754   0x00000000   Code   RO         1615    .text               mc_w.l(iusefp.o)
    0x08000754   0x08000754   0x0000006e   Code   RO         1616    .text               mf_w.l(fepilogue.o)
    0x080007c2   0x080007c2   0x000000ba   Code   RO         1618    .text               mf_w.l(depilogue.o)
    0x0800087c   0x0800087c   0x00000030   Code   RO         1620    .text               mf_w.l(dfixul.o)
    0x080008ac   0x080008ac   0x00000030   Code   RO         1622    .text               mf_w.l(cdrcmple.o)
    0x080008dc   0x080008dc   0x00000030   Code   RO         1624    .text               mc_w.l(init.o)
    0x0800090c   0x0800090c   0x00000008   Code   RO         1627    .text               mc_w.l(ctype_o.o)
    0x08000914   0x08000914   0x0000009e   Code   RO         1655    .text               mc_w.l(_strtoul.o)
    0x080009b2   0x080009b2   0x0000001c   Code   RO         1658    .text               mc_w.l(_chval.o)
    0x080009ce   0x080009ce   0x00000002   PAD
    0x080009d0   0x080009d0   0x00000002   Code   RO          172    .text.BusFault_Handler  stm32f4xx_it.o
    0x080009d2   0x080009d2   0x00000006   PAD
    0x080009d8   0x080009d8   0x000000f0   Code   RO           54    .text.DS18B20_Get_Temp  ds18b20.o
    0x08000ac8   0x08000ac8   0x00000090   Code   RO           52    .text.DS18B20_Init  ds18b20.o
    0x08000b58   0x08000b58   0x0000008e   Code   RO           50    .text.DS18B20_Presence  ds18b20.o
    0x08000be6   0x08000be6   0x00000002   PAD
    0x08000be8   0x08000be8   0x000002ac   Code   RO           44    .text.DS18B20_Read_Byte  ds18b20.o
    0x08000e94   0x08000e94   0x000001ee   Code   RO           46    .text.DS18B20_Write_Byte  ds18b20.o
    0x08001082   0x08001082   0x00000002   PAD
    0x08001084   0x08001084   0x00000002   Code   RO          178    .text.DebugMon_Handler  stm32f4xx_it.o
    0x08001086   0x08001086   0x00000002   PAD
    0x08001088   0x08001088   0x00000002   Code   RO           76    .text.Error_Handler  main.o
    0x0800108a   0x0800108a   0x00000002   PAD
    0x0800108c   0x0800108c   0x00000170   Code   RO          273    .text.HAL_ADC_ConfigChannel  stm32f4xx_hal_adc.o
    0x080011fc   0x080011fc   0x00000006   Code   RO          269    .text.HAL_ADC_GetValue  stm32f4xx_hal_adc.o
    0x08001202   0x08001202   0x00000002   PAD
    0x08001204   0x08001204   0x0000015e   Code   RO          231    .text.HAL_ADC_Init  stm32f4xx_hal_adc.o
    0x08001362   0x08001362   0x00000002   PAD
    0x08001364   0x08001364   0x00000066   Code   RO          102    .text.HAL_ADC_MspInit  adc.o
    0x080013ca   0x080013ca   0x00000002   PAD
    0x080013cc   0x080013cc   0x000000ca   Code   RO          243    .text.HAL_ADC_PollForConversion  stm32f4xx_hal_adc.o
    0x08001496   0x08001496   0x00000002   PAD
    0x08001498   0x08001498   0x00000140   Code   RO          239    .text.HAL_ADC_Start  stm32f4xx_hal_adc.o
    0x080015d8   0x080015d8   0x00000024   Code   RO          500    .text.HAL_DMA_Abort_IT  stm32f4xx_hal_dma.o
    0x080015fc   0x080015fc   0x00000028   Code   RO          657    .text.HAL_Delay     stm32f4xx_hal.o
    0x08001624   0x08001624   0x000001ae   Code   RO          452    .text.HAL_GPIO_Init  stm32f4xx_hal_gpio.o
    0x080017d2   0x080017d2   0x00000002   PAD
    0x080017d4   0x080017d4   0x0000000a   Code   RO          456    .text.HAL_GPIO_ReadPin  stm32f4xx_hal_gpio.o
    0x080017de   0x080017de   0x00000002   PAD
    0x080017e0   0x080017e0   0x0000000a   Code   RO          458    .text.HAL_GPIO_WritePin  stm32f4xx_hal_gpio.o
    0x080017ea   0x080017ea   0x00000002   PAD
    0x080017ec   0x080017ec   0x0000000c   Code   RO          649    .text.HAL_GetTick   stm32f4xx_hal.o
    0x080017f8   0x080017f8   0x0000003c   Code   RO          865    .text.HAL_I2CEx_ConfigAnalogFilter  stm32f4xx_hal_i2c_ex.o
    0x08001834   0x08001834   0x00000040   Code   RO          867    .text.HAL_I2CEx_ConfigDigitalFilter  stm32f4xx_hal_i2c_ex.o
    0x08001874   0x08001874   0x00000164   Code   RO          731    .text.HAL_I2C_Init  stm32f4xx_hal_i2c.o
    0x080019d8   0x080019d8   0x00000432   Code   RO          739    .text.HAL_I2C_Master_Transmit  stm32f4xx_hal_i2c.o
    0x08001e0a   0x08001e0a   0x00000002   PAD
    0x08001e0c   0x08001e0c   0x0000006a   Code   RO          117    .text.HAL_I2C_MspInit  i2c.o
    0x08001e76   0x08001e76   0x00000002   PAD
    0x08001e78   0x08001e78   0x0000001a   Code   RO          647    .text.HAL_IncTick   stm32f4xx_hal.o
    0x08001e92   0x08001e92   0x00000002   PAD
    0x08001e94   0x08001e94   0x00000036   Code   RO          637    .text.HAL_Init      stm32f4xx_hal.o
    0x08001eca   0x08001eca   0x00000002   PAD
    0x08001ecc   0x08001ecc   0x00000048   Code   RO          639    .text.HAL_InitTick  stm32f4xx_hal.o
    0x08001f14   0x08001f14   0x00000038   Code   RO          199    .text.HAL_MspInit   stm32f4xx_hal_msp.o
    0x08001f4c   0x08001f4c   0x00000022   Code   RO          595    .text.HAL_NVIC_EnableIRQ  stm32f4xx_hal_cortex.o
    0x08001f6e   0x08001f6e   0x00000002   PAD
    0x08001f70   0x08001f70   0x00000056   Code   RO          593    .text.HAL_NVIC_SetPriority  stm32f4xx_hal_cortex.o
    0x08001fc6   0x08001fc6   0x00000002   PAD
    0x08001fc8   0x08001fc8   0x00000020   Code   RO          591    .text.HAL_NVIC_SetPriorityGrouping  stm32f4xx_hal_cortex.o
    0x08001fe8   0x08001fe8   0x0000007a   Code   RO          577    .text.HAL_PWREx_EnableOverDrive  stm32f4xx_hal_pwr_ex.o
    0x08002062   0x08002062   0x00000002   PAD
    0x08002064   0x08002064   0x00000164   Code   RO          332    .text.HAL_RCC_ClockConfig  stm32f4xx_hal_rcc.o
    0x080021c8   0x080021c8   0x00000026   Code   RO          344    .text.HAL_RCC_GetPCLK1Freq  stm32f4xx_hal_rcc.o
    0x080021ee   0x080021ee   0x00000002   PAD
    0x080021f0   0x080021f0   0x00000026   Code   RO          346    .text.HAL_RCC_GetPCLK2Freq  stm32f4xx_hal_rcc.o
    0x08002216   0x08002216   0x00000002   PAD
    0x08002218   0x08002218   0x0000006a   Code   RO          334    .text.HAL_RCC_GetSysClockFreq  stm32f4xx_hal_rcc.o
    0x08002282   0x08002282   0x00000002   PAD
    0x08002284   0x08002284   0x0000039c   Code   RO          330    .text.HAL_RCC_OscConfig  stm32f4xx_hal_rcc.o
    0x08002620   0x08002620   0x0000002c   Code   RO          603    .text.HAL_SYSTICK_Config  stm32f4xx_hal_cortex.o
    0x0800264c   0x0800264c   0x00000002   Code   RO         1167    .text.HAL_TIMEx_BreakCallback  stm32f4xx_hal_tim_ex.o
    0x0800264e   0x0800264e   0x00000002   PAD
    0x08002650   0x08002650   0x00000002   Code   RO         1163    .text.HAL_TIMEx_CommutCallback  stm32f4xx_hal_tim_ex.o
    0x08002652   0x08002652   0x00000002   PAD
    0x08002654   0x08002654   0x000000ba   Code   RO         1157    .text.HAL_TIMEx_MasterConfigSynchronization  stm32f4xx_hal_tim_ex.o
    0x0800270e   0x0800270e   0x00000002   PAD
    0x08002710   0x08002710   0x00000036   Code   RO          877    .text.HAL_TIM_Base_Init  stm32f4xx_hal_tim.o
    0x08002746   0x08002746   0x00000002   PAD
    0x08002748   0x08002748   0x00000078   Code   RO          134    .text.HAL_TIM_Base_MspInit  tim.o
    0x080027c0   0x080027c0   0x00000026   Code   RO          887    .text.HAL_TIM_Base_Start  stm32f4xx_hal_tim.o
    0x080027e6   0x080027e6   0x00000002   PAD
    0x080027e8   0x080027e8   0x00000020   Code   RO          891    .text.HAL_TIM_Base_Start_IT  stm32f4xx_hal_tim.o
    0x08002808   0x08002808   0x00000196   Code   RO         1053    .text.HAL_TIM_ConfigClockSource  stm32f4xx_hal_tim.o
    0x0800299e   0x0800299e   0x00000002   PAD
    0x080029a0   0x080029a0   0x00000002   Code   RO         1013    .text.HAL_TIM_IC_CaptureCallback  stm32f4xx_hal_tim.o
    0x080029a2   0x080029a2   0x00000002   PAD
    0x080029a4   0x080029a4   0x00000170   Code   RO         1011    .text.HAL_TIM_IRQHandler  stm32f4xx_hal_tim.o
    0x08002b14   0x08002b14   0x00000002   Code   RO         1015    .text.HAL_TIM_OC_DelayElapsedCallback  stm32f4xx_hal_tim.o
    0x08002b16   0x08002b16   0x00000002   PAD
    0x08002b18   0x08002b18   0x00000002   Code   RO         1017    .text.HAL_TIM_PWM_PulseFinishedCallback  stm32f4xx_hal_tim.o
    0x08002b1a   0x08002b1a   0x00000002   PAD
    0x08002b1c   0x08002b1c   0x0000006c   Code   RO           66    .text.HAL_TIM_PeriodElapsedCallback  main.o
    0x08002b88   0x08002b88   0x00000002   Code   RO         1021    .text.HAL_TIM_TriggerCallback  stm32f4xx_hal_tim.o
    0x08002b8a   0x08002b8a   0x00000002   PAD
    0x08002b8c   0x08002b8c   0x00000002   Code   RO         1253    .text.HAL_UART_ErrorCallback  stm32f4xx_hal_uart.o
    0x08002b8e   0x08002b8e   0x00000002   PAD
    0x08002b90   0x08002b90   0x0000026e   Code   RO         1249    .text.HAL_UART_IRQHandler  stm32f4xx_hal_uart.o
    0x08002dfe   0x08002dfe   0x00000002   PAD
    0x08002e00   0x08002e00   0x0000005e   Code   RO         1179    .text.HAL_UART_Init  stm32f4xx_hal_uart.o
    0x08002e5e   0x08002e5e   0x00000002   PAD
    0x08002e60   0x08002e60   0x000000ca   Code   RO          152    .text.HAL_UART_MspInit  usart.o
    0x08002f2a   0x08002f2a   0x00000002   PAD
    0x08002f2c   0x08002f2c   0x00000054   Code   RO         1201    .text.HAL_UART_Receive_IT  stm32f4xx_hal_uart.o
    0x08002f80   0x08002f80   0x000000c8   Code   RO           64    .text.HAL_UART_RxCpltCallback  main.o
    0x08003048   0x08003048   0x00000192   Code   RO         1195    .text.HAL_UART_Transmit  stm32f4xx_hal_uart.o
    0x080031da   0x080031da   0x00000002   PAD
    0x080031dc   0x080031dc   0x00000002   Code   RO         1255    .text.HAL_UART_TxCpltCallback  stm32f4xx_hal_uart.o
    0x080031de   0x080031de   0x00000002   PAD
    0x080031e0   0x080031e0   0x00000002   Code   RO          168    .text.HardFault_Handler  stm32f4xx_it.o
    0x080031e2   0x080031e2   0x00000002   PAD
    0x080031e4   0x080031e4   0x0000006c   Code   RO          100    .text.MX_ADC3_Init  adc.o
    0x08003250   0x08003250   0x000000f8   Code   RO           90    .text.MX_GPIO_Init  gpio.o
    0x08003348   0x08003348   0x0000006e   Code   RO          115    .text.MX_I2C1_Init  i2c.o
    0x080033b6   0x080033b6   0x00000002   PAD
    0x080033b8   0x080033b8   0x00000076   Code   RO          130    .text.MX_TIM2_Init  tim.o
    0x0800342e   0x0800342e   0x00000002   PAD
    0x08003430   0x08003430   0x00000052   Code   RO          132    .text.MX_TIM7_Init  tim.o
    0x08003482   0x08003482   0x00000002   PAD
    0x08003484   0x08003484   0x0000003c   Code   RO          148    .text.MX_USART1_UART_Init  usart.o
    0x080034c0   0x080034c0   0x0000003c   Code   RO          150    .text.MX_USART2_UART_Init  usart.o
    0x080034fc   0x080034fc   0x00000002   Code   RO          170    .text.MemManage_Handler  stm32f4xx_it.o
    0x080034fe   0x080034fe   0x00000002   PAD
    0x08003500   0x08003500   0x00000002   Code   RO          166    .text.NMI_Handler   stm32f4xx_it.o
    0x08003502   0x08003502   0x00000002   PAD
    0x08003504   0x08003504   0x0000009c   Code   RO           17    .text.OLED_Clear    oled.o
    0x080035a0   0x080035a0   0x0000023e   Code   RO           33    .text.OLED_Init     oled.o
    0x080037de   0x080037de   0x00000002   PAD
    0x080037e0   0x080037e0   0x0000028a   Code   RO           19    .text.OLED_ShowChar  oled.o
    0x08003a6a   0x08003a6a   0x00000002   PAD
    0x08003a6c   0x08003a6c   0x0000002a   Code   RO           21    .text.OLED_ShowString  oled.o
    0x08003a96   0x08003a96   0x00000002   PAD
    0x08003a98   0x08003a98   0x00000002   Code   RO          180    .text.PendSV_Handler  stm32f4xx_it.o
    0x08003a9a   0x08003a9a   0x00000002   PAD
    0x08003a9c   0x08003a9c   0x00000002   Code   RO          176    .text.SVC_Handler   stm32f4xx_it.o
    0x08003a9e   0x08003a9e   0x00000002   PAD
    0x08003aa0   0x08003aa0   0x00000004   Code   RO          182    .text.SysTick_Handler  stm32f4xx_it.o
    0x08003aa4   0x08003aa4   0x0000001a   Code   RO          216    .text.SystemInit    system_stm32f4xx.o
    0x08003abe   0x08003abe   0x00000002   PAD
    0x08003ac0   0x08003ac0   0x0000000c   Code   RO          184    .text.TIM2_IRQHandler  stm32f4xx_it.o
    0x08003acc   0x08003acc   0x0000000c   Code   RO          190    .text.TIM7_IRQHandler  stm32f4xx_it.o
    0x08003ad8   0x08003ad8   0x0000013c   Code   RO          881    .text.TIM_Base_SetConfig  stm32f4xx_hal_tim.o
    0x08003c14   0x08003c14   0x0000000c   Code   RO         1251    .text.UART_DMAAbortOnError  stm32f4xx_hal_uart.o
    0x08003c20   0x08003c20   0x00000040   Code   RO           68    .text.UART_Printf   main.o
    0x08003c60   0x08003c60   0x0000010a   Code   RO         1183    .text.UART_SetConfig  stm32f4xx_hal_uart.o
    0x08003d6a   0x08003d6a   0x00000002   PAD
    0x08003d6c   0x08003d6c   0x0000000c   Code   RO          186    .text.USART1_IRQHandler  stm32f4xx_it.o
    0x08003d78   0x08003d78   0x0000000c   Code   RO          188    .text.USART2_IRQHandler  stm32f4xx_it.o
    0x08003d84   0x08003d84   0x00000002   Code   RO          174    .text.UsageFault_Handler  stm32f4xx_it.o
    0x08003d86   0x08003d86   0x00000002   PAD
    0x08003d88   0x08003d88   0x00000038   Code   RO          207    .text.delay_us      delay.o
    0x08003dc0   0x08003dc0   0x00000308   Code   RO           72    .text.main          main.o
    0x080040c8   0x080040c8   0x00000034   Code   RO         1525    i.__0snprintf       mc_w.l(printfa.o)
    0x080040fc   0x080040fc   0x00000034   Code   RO         1529    i.__0vsnprintf      mc_w.l(printfa.o)
    0x08004130   0x08004130   0x00000008   Code   RO         1606    i.__aeabi_errno_addr  mc_w.l(errno.o)
    0x08004138   0x08004138   0x0000000e   Code   RO         1662    i.__scatterload_copy  mc_w.l(handlers.o)
    0x08004146   0x08004146   0x00000002   Code   RO         1663    i.__scatterload_null  mc_w.l(handlers.o)
    0x08004148   0x08004148   0x0000000e   Code   RO         1664    i.__scatterload_zeroinit  mc_w.l(handlers.o)
    0x08004156   0x08004156   0x00000002   PAD
    0x08004158   0x08004158   0x00000184   Code   RO         1531    i._fp_digits        mc_w.l(printfa.o)
    0x080042dc   0x080042dc   0x000006dc   Code   RO         1532    i._printf_core      mc_w.l(printfa.o)
    0x080049b8   0x080049b8   0x00000024   Code   RO         1533    i._printf_post_padding  mc_w.l(printfa.o)
    0x080049dc   0x080049dc   0x0000002e   Code   RO         1534    i._printf_pre_padding  mc_w.l(printfa.o)
    0x08004a0a   0x08004a0a   0x00000016   Code   RO         1535    i._snputc           mc_w.l(printfa.o)
    0x08004a20   0x08004a20   0x00000081   Data   RO         1628    .constdata          mc_w.l(ctype_o.o)
    0x08004aa1   0x08004aa1   0x00000003   PAD
    0x08004aa4   0x08004aa4   0x00000004   Data   RO         1629    .constdata          mc_w.l(ctype_o.o)
    0x08004aa8   0x08004aa8   0x00000010   Data   RO          221    .rodata.AHBPrescTable  system_stm32f4xx.o
    0x08004ab8   0x08004ab8   0x00000008   Data   RO          222    .rodata.APBPrescTable  system_stm32f4xx.o
    0x08004ac0   0x08004ac0   0x000005f0   Data   RO           35    .rodata.OLED_F8x16  oled.o
    0x080050b0   0x080050b0   0x00000020   Data   RO         1661    Region$$Table       anon$$obj.o


    Execution Region RW_IRAM2 (Exec base: 0x10000000, Load base: 0x080050e8, Size: 0x00000000, Max: 0x00010000, ABSOLUTE)

    **** No section assigned to this execution region ****


    Execution Region RW_IRAM1 (Exec base: 0x20000000, Load base: 0x080050d0, Size: 0x00000800, Max: 0x00030000, ABSOLUTE)

    Exec Addr    Load Addr    Size         Type   Attr      Idx    E Section Name        Object

    0x20000000   0x080050d0   0x00000004   Data   RW         1609    .data               mc_w.l(errno.o)
    0x20000004   0x080050d4   0x00000008   Data   RW          696    .data..L_MergedGlobals  stm32f4xx_hal.o
    0x2000000c   0x080050dc   0x00000004   Data   RW          220    .data.SystemCoreClock  system_stm32f4xx.o
    0x20000010   0x080050e0   0x00000004   Data   RW           78    .data.threshold     main.o
    0x20000014   0x080050e4   0x00000004   PAD
    0x20000018        -       0x00000043   Zero   RW           81    .bss..L_MergedGlobals  main.o
    0x2000005b   0x080050e4   0x00000001   PAD
    0x2000005c        -       0x00000048   Zero   RW          106    .bss.hadc3          adc.o
    0x200000a4        -       0x00000054   Zero   RW          121    .bss.hi2c1          i2c.o
    0x200000f8        -       0x00000040   Zero   RW          138    .bss.htim2          tim.o
    0x20000138        -       0x00000040   Zero   RW          139    .bss.htim7          tim.o
    0x20000178        -       0x00000040   Zero   RW          156    .bss.huart1         usart.o
    0x200001b8        -       0x00000040   Zero   RW          157    .bss.huart2         usart.o
    0x200001f8        -       0x00000200   Zero   RW           79    .bss.rxBuffer       main.o
    0x200003f8        -       0x00000004   Zero   RW          695    .bss.uwTick         stm32f4xx_hal.o
    0x200003fc   0x080050e4   0x00000004   PAD
    0x20000400        -       0x00000400   Zero   RW            1    STACK               startup_stm32f429xx.o


==============================================================================

Image component sizes


      Code (inc. data)   RO Data    RW Data    ZI Data      Debug   Object Name

       210          0          0          0         72       5324   adc.o
        56          0          0          0          0        706   delay.o
      1704          8          0          0          0       6980   ds18b20.o
       248          0          0          0          0       2517   gpio.o
       216          0          0          0         84       5516   i2c.o
      1150        116          0          4        579      10315   main.o
      1422          0       1520          0          0      12100   oled.o
        36          8        428          0       1024        860   startup_stm32f429xx.o
       204          0          0          8          4       7724   stm32f4xx_hal.o
      1246          0          0          0          0      11701   stm32f4xx_hal_adc.o
       196          0          0          0          0      10651   stm32f4xx_hal_cortex.o
        36          0          0          0          0      10725   stm32f4xx_hal_dma.o
       450          0          0          0          0       5370   stm32f4xx_hal_gpio.o
      1430          0          0          0          0      54365   stm32f4xx_hal_i2c.o
       124          0          0          0          0       4140   stm32f4xx_hal_i2c_ex.o
        56          0          0          0          0       1515   stm32f4xx_hal_msp.o
       122          0          0          0          0       4618   stm32f4xx_hal_pwr_ex.o
      1462          0          0          0          0       7441   stm32f4xx_hal_rcc.o
      1222          0          0          0          0      49021   stm32f4xx_hal_tim.o
       190          0          0          0          0      17279   stm32f4xx_hal_tim_ex.o
      1484          0          0          0          0      19353   stm32f4xx_hal_uart.o
        68          0          0          0          0       5381   stm32f4xx_it.o
        26          0         24          4          0       2706   system_stm32f4xx.o
       320          0          0          0        128       7387   tim.o
       322          0          0          0        128       7514   usart.o

    ----------------------------------------------------------------------
     14108        132       2004         16       2028     271209   Object Totals
         0          0         32          0          0          0   (incl. Generated)
       108          0          0          0          9          0   (incl. Padding)

    ----------------------------------------------------------------------

      Code (inc. data)   RO Data    RW Data    ZI Data      Debug   Library Member Name

        28          0          0          0          0         68   _chval.o
       158          0          0          0          0         92   _strtoul.o
        26          0          0          0          0         80   atoi.o
         8          4        133          0          0         68   ctype_o.o
         0          0          0          0          0          0   entry.o
         0          0          0          0          0          0   entry10a.o
         0          0          0          0          0          0   entry11a.o
         8          4          0          0          0          0   entry2.o
         4          0          0          0          0          0   entry5.o
         0          0          0          0          0          0   entry7b.o
         0          0          0          0          0          0   entry8b.o
         8          4          0          0          0          0   entry9a.o
         8          4          0          4          0         68   errno.o
        30          0          0          0          0          0   handlers.o
        48         10          0          0          0         68   init.o
         0          0          0          0          0          0   iusefp.o
        30          0          0          0          0         68   llshl.o
        36          0          0          0          0         68   llsshr.o
        32          0          0          0          0         68   llushr.o
      2352         90          0          0          0        604   printfa.o
        14          0          0          0          0         68   strlen.o
       112          0          0          0          0         88   strtol.o
        44          0          0          0          0         80   uidiv.o
        98          0          0          0          0         92   uldiv.o
        48          0          0          0          0         68   cdrcmple.o
        56          0          0          0          0         88   d2f.o
       334          0          0          0          0        148   dadd.o
       222          0          0          0          0        100   ddiv.o
       186          0          0          0          0        176   depilogue.o
        62          0          0          0          0         80   dfixi.o
        48          0          0          0          0         68   dfixul.o
        34          0          0          0          0         76   dflti.o
        26          0          0          0          0         76   dfltui.o
       228          0          0          0          0         96   dmul.o
        38          0          0          0          0         68   f2d.o
       110          0          0          0          0        168   fepilogue.o

    ----------------------------------------------------------------------
      4440        116        136          4          0       2792   Library Totals
         4          0          3          0          0          0   (incl. Padding)

    ----------------------------------------------------------------------

      Code (inc. data)   RO Data    RW Data    ZI Data      Debug   Library Name

      3044        116        133          4          0       1580   mc_w.l
      1392          0          0          0          0       1212   mf_w.l

    ----------------------------------------------------------------------
      4440        116        136          4          0       2792   Library Totals

    ----------------------------------------------------------------------

==============================================================================


      Code (inc. data)   RO Data    RW Data    ZI Data      Debug   

     18548        248       2140         20       2028     272289   Grand Totals
     18548        248       2140         20       2028     272289   ELF Image Totals
     18548        248       2140         20          0          0   ROM Totals

==============================================================================

    Total RO  Size (Code + RO Data)                20688 (  20.20kB)
    Total RW  Size (RW Data + ZI Data)              2048 (   2.00kB)
    Total ROM Size (Code + RO Data + RW Data)      20708 (  20.22kB)

==============================================================================

