Component: Arm Compiler for Embedded 6.21 Tool: armlink [5ec1fa00]

==============================================================================

Section Cross References

    startup_stm32f429xx.o(RESET) refers to startup_stm32f429xx.o(STACK) for __initial_sp
    startup_stm32f429xx.o(RESET) refers to startup_stm32f429xx.o(.text) for Reset_Handler
    startup_stm32f429xx.o(RESET) refers to stm32f4xx_it.o(.text.NMI_Handler) for NMI_Handler
    startup_stm32f429xx.o(RESET) refers to stm32f4xx_it.o(.text.HardFault_Handler) for HardFault_Handler
    startup_stm32f429xx.o(RESET) refers to stm32f4xx_it.o(.text.MemManage_Handler) for MemManage_Handler
    startup_stm32f429xx.o(RESET) refers to stm32f4xx_it.o(.text.BusFault_Handler) for BusFault_Handler
    startup_stm32f429xx.o(RESET) refers to stm32f4xx_it.o(.text.UsageFault_Handler) for UsageFault_Handler
    startup_stm32f429xx.o(RESET) refers to stm32f4xx_it.o(.text.SVC_Handler) for SVC_Handler
    startup_stm32f429xx.o(RESET) refers to stm32f4xx_it.o(.text.DebugMon_Handler) for DebugMon_Handler
    startup_stm32f429xx.o(RESET) refers to stm32f4xx_it.o(.text.PendSV_Handler) for PendSV_Handler
    startup_stm32f429xx.o(RESET) refers to stm32f4xx_it.o(.text.SysTick_Handler) for SysTick_Handler
    startup_stm32f429xx.o(RESET) refers to stm32f4xx_it.o(.text.TIM2_IRQHandler) for TIM2_IRQHandler
    startup_stm32f429xx.o(RESET) refers to stm32f4xx_it.o(.text.USART1_IRQHandler) for USART1_IRQHandler
    startup_stm32f429xx.o(RESET) refers to stm32f4xx_it.o(.text.USART2_IRQHandler) for USART2_IRQHandler
    startup_stm32f429xx.o(.text) refers to system_stm32f4xx.o(.text.SystemInit) for SystemInit
    startup_stm32f429xx.o(.text) refers to entry.o(.ARM.Collect$$$$00000000) for __main
    delay.o(.text.HAL_Delay_us) refers to tim.o(.bss.htim7) for htim7
    delay.o(.text.HAL_Delay_us) refers to stm32f4xx_hal_tim.o(.text.HAL_TIM_Base_Start) for HAL_TIM_Base_Start
    delay.o(.text.HAL_Delay_us) refers to stm32f4xx_hal_tim.o(.text.HAL_TIM_Base_Stop) for HAL_TIM_Base_Stop
    delay.o(.ARM.exidx.text.HAL_Delay_us) refers to delay.o(.text.HAL_Delay_us) for [Anonymous Symbol]
    delay.o(.text.HAL_Delay_ms) refers to tim.o(.bss.htim7) for htim7
    delay.o(.text.HAL_Delay_ms) refers to stm32f4xx_hal_tim.o(.text.HAL_TIM_Base_Stop) for HAL_TIM_Base_Stop
    delay.o(.text.HAL_Delay_ms) refers to stm32f4xx_hal_tim.o(.text.HAL_TIM_Base_Start) for HAL_TIM_Base_Start
    delay.o(.ARM.exidx.text.HAL_Delay_ms) refers to delay.o(.text.HAL_Delay_ms) for [Anonymous Symbol]
    i2c_hal.o(.text.IIC_Init) refers to stm32f4xx_hal_gpio.o(.text.HAL_GPIO_Init) for HAL_GPIO_Init
    i2c_hal.o(.ARM.exidx.text.IIC_Init) refers to i2c_hal.o(.text.IIC_Init) for [Anonymous Symbol]
    i2c_hal.o(.text.Set_SCL_Out_Mode) refers to stm32f4xx_hal_gpio.o(.text.HAL_GPIO_Init) for HAL_GPIO_Init
    i2c_hal.o(.ARM.exidx.text.Set_SCL_Out_Mode) refers to i2c_hal.o(.text.Set_SCL_Out_Mode) for [Anonymous Symbol]
    i2c_hal.o(.text.Set_SDA_Out_Mode) refers to stm32f4xx_hal_gpio.o(.text.HAL_GPIO_Init) for HAL_GPIO_Init
    i2c_hal.o(.ARM.exidx.text.Set_SDA_Out_Mode) refers to i2c_hal.o(.text.Set_SDA_Out_Mode) for [Anonymous Symbol]
    i2c_hal.o(.text.Set_SDA_In_Mode) refers to stm32f4xx_hal_gpio.o(.text.HAL_GPIO_Init) for HAL_GPIO_Init
    i2c_hal.o(.ARM.exidx.text.Set_SDA_In_Mode) refers to i2c_hal.o(.text.Set_SDA_In_Mode) for [Anonymous Symbol]
    i2c_hal.o(.text.IIC_Delay) refers to delay.o(.text.HAL_Delay_us) for HAL_Delay_us
    i2c_hal.o(.ARM.exidx.text.IIC_Delay) refers to i2c_hal.o(.text.IIC_Delay) for [Anonymous Symbol]
    i2c_hal.o(.text.IIC_Start) refers to stm32f4xx_hal_gpio.o(.text.HAL_GPIO_WritePin) for HAL_GPIO_WritePin
    i2c_hal.o(.text.IIC_Start) refers to stm32f4xx_hal_gpio.o(.text.HAL_GPIO_Init) for HAL_GPIO_Init
    i2c_hal.o(.text.IIC_Start) refers to delay.o(.text.HAL_Delay_us) for HAL_Delay_us
    i2c_hal.o(.ARM.exidx.text.IIC_Start) refers to i2c_hal.o(.text.IIC_Start) for [Anonymous Symbol]
    i2c_hal.o(.text.IIC_Stop) refers to delay.o(.text.HAL_Delay_us) for HAL_Delay_us
    i2c_hal.o(.text.IIC_Stop) refers to stm32f4xx_hal_gpio.o(.text.HAL_GPIO_Init) for HAL_GPIO_Init
    i2c_hal.o(.text.IIC_Stop) refers to stm32f4xx_hal_gpio.o(.text.HAL_GPIO_WritePin) for HAL_GPIO_WritePin
    i2c_hal.o(.ARM.exidx.text.IIC_Stop) refers to i2c_hal.o(.text.IIC_Stop) for [Anonymous Symbol]
    i2c_hal.o(.text.IIC_WaitAck) refers to delay.o(.text.HAL_Delay_us) for HAL_Delay_us
    i2c_hal.o(.text.IIC_WaitAck) refers to stm32f4xx_hal_gpio.o(.text.HAL_GPIO_Init) for HAL_GPIO_Init
    i2c_hal.o(.text.IIC_WaitAck) refers to stm32f4xx_hal_gpio.o(.text.HAL_GPIO_WritePin) for HAL_GPIO_WritePin
    i2c_hal.o(.ARM.exidx.text.IIC_WaitAck) refers to i2c_hal.o(.text.IIC_WaitAck) for [Anonymous Symbol]
    i2c_hal.o(.text.IIC_SendAck) refers to stm32f4xx_hal_gpio.o(.text.HAL_GPIO_WritePin) for HAL_GPIO_WritePin
[...]
    Removing stm32f4xx_hal_uart.o(.text.HAL_UART_AbortTransmit_IT), (80 bytes).
    Removing stm32f4xx_hal_uart.o(.ARM.exidx.text.HAL_UART_AbortTransmit_IT), (8 bytes).
    Removing stm32f4xx_hal_uart.o(.text.UART_DMATxOnlyAbortCallback), (16 bytes).
    Removing stm32f4xx_hal_uart.o(.ARM.exidx.text.UART_DMATxOnlyAbortCallback), (8 bytes).
    Removing stm32f4xx_hal_uart.o(.text.HAL_UART_AbortTransmitCpltCallback), (2 bytes).
    Removing stm32f4xx_hal_uart.o(.ARM.exidx.text.HAL_UART_AbortTransmitCpltCallback), (8 bytes).
    Removing stm32f4xx_hal_uart.o(.ARM.exidx.text.HAL_UART_AbortReceive_IT), (8 bytes).
    Removing stm32f4xx_hal_uart.o(.ARM.exidx.text.UART_DMARxOnlyAbortCallback), (8 bytes).
    Removing stm32f4xx_hal_uart.o(.ARM.exidx.text.HAL_UART_AbortReceiveCpltCallback), (8 bytes).
    Removing stm32f4xx_hal_uart.o(.ARM.exidx.text.HAL_UART_IRQHandler), (8 bytes).
    Removing stm32f4xx_hal_uart.o(.ARM.exidx.text.UART_DMAAbortOnError), (8 bytes).
    Removing stm32f4xx_hal_uart.o(.ARM.exidx.text.HAL_UART_ErrorCallback), (8 bytes).
    Removing stm32f4xx_hal_uart.o(.ARM.exidx.text.HAL_UART_TxCpltCallback), (8 bytes).
    Removing stm32f4xx_hal_uart.o(.text.HAL_UART_TxHalfCpltCallback), (2 bytes).
    Removing stm32f4xx_hal_uart.o(.ARM.exidx.text.HAL_UART_TxHalfCpltCallback), (8 bytes).
    Removing stm32f4xx_hal_uart.o(.text.HAL_UART_RxCpltCallback), (2 bytes).
    Removing stm32f4xx_hal_uart.o(.ARM.exidx.text.HAL_UART_RxCpltCallback), (8 bytes).
    Removing stm32f4xx_hal_uart.o(.text.HAL_UART_RxHalfCpltCallback), (2 bytes).
    Removing stm32f4xx_hal_uart.o(.ARM.exidx.text.HAL_UART_RxHalfCpltCallback), (8 bytes).
    Removing stm32f4xx_hal_uart.o(.text.HAL_LIN_SendBreak), (44 bytes).
    Removing stm32f4xx_hal_uart.o(.ARM.exidx.text.HAL_LIN_SendBreak), (8 bytes).
    Removing stm32f4xx_hal_uart.o(.text.HAL_MultiProcessor_EnterMuteMode), (44 bytes).
    Removing stm32f4xx_hal_uart.o(.ARM.exidx.text.HAL_MultiProcessor_EnterMuteMode), (8 bytes).
    Removing stm32f4xx_hal_uart.o(.text.HAL_MultiProcessor_ExitMuteMode), (44 bytes).
    Removing stm32f4xx_hal_uart.o(.ARM.exidx.text.HAL_MultiProcessor_ExitMuteMode), (8 bytes).
    Removing stm32f4xx_hal_uart.o(.text.HAL_HalfDuplex_EnableTransmitter), (44 bytes).
    Removing stm32f4xx_hal_uart.o(.ARM.exidx.text.HAL_HalfDuplex_EnableTransmitter), (8 bytes).
    Removing stm32f4xx_hal_uart.o(.text.HAL_HalfDuplex_EnableReceiver), (46 bytes).
    Removing stm32f4xx_hal_uart.o(.ARM.exidx.text.HAL_HalfDuplex_EnableReceiver), (8 bytes).
    Removing stm32f4xx_hal_uart.o(.text.HAL_UART_GetState), (14 bytes).
    Removing stm32f4xx_hal_uart.o(.ARM.exidx.text.HAL_UART_GetState), (8 bytes).
    Removing stm32f4xx_hal_uart.o(.text.HAL_UART_GetError), (4 bytes).
    Removing stm32f4xx_hal_uart.o(.ARM.exidx.text.HAL_UART_GetError), (8 bytes).

839 unused section(s) (total 37122 bytes) removed from the image.

==============================================================================

Image Symbol Table

    Local Symbols

    Symbol Name                              Value     Ov Type        Size  Object(Section)

    ../clib/division.s                       0x00000000   Number         0  aeabi_sdiv.o ABSOLUTE
    ../clib/microlib/ctype/ctype.c           0x00000000   Number         0  ctype_o.o ABSOLUTE
    ../clib/microlib/ctype/ctype.c           0x00000000   Number         0  isalnum_o.o ABSOLUTE
    ../clib/microlib/ctype/ctype.c           0x00000000   Number         0  isalpha_o.o ABSOLUTE
    ../clib/microlib/ctype/ctype.c           0x00000000   Number         0  isblank_o.o ABSOLUTE
    ../clib/microlib/ctype/ctype.c           0x00000000   Number         0  iscntrl_o.o ABSOLUTE
    ../clib/microlib/ctype/ctype.c           0x00000000   Number         0  isdigit_o.o ABSOLUTE
    ../clib/microlib/ctype/ctype.c           0x00000000   Number         0  isgraph_o.o ABSOLUTE
    ../clib/microlib/ctype/ctype.c           0x00000000   Number         0  islower_o.o ABSOLUTE
    ../clib/microlib/ctype/ctype.c           0x00000000   Number         0  isprint_o.o ABSOLUTE
    ../clib/microlib/ctype/ctype.c           0x00000000   Number         0  ispunct_o.o ABSOLUTE
    ../clib/microlib/ctype/ctype.c           0x00000000   Number         0  isspace_o.o ABSOLUTE
    ../clib/microlib/ctype/ctype.c           0x00000000   Number         0  isupper_o.o ABSOLUTE
    ../clib/microlib/ctype/ctype.c           0x00000000   Number         0  isxdigit_o.o ABSOLUTE
    ../clib/microlib/division.c              0x00000000   Number         0  uldiv.o ABSOLUTE
    ../clib/microlib/division.c              0x00000000   Number         0  uidiv.o ABSOLUTE
    ../clib/microlib/errno.c                 0x00000000   Number         0  errno.o ABSOLUTE
    ../clib/microlib/init/entry.s            0x00000000   Number         0  entry.o ABSOLUTE
    ../clib/microlib/init/entry.s            0x00000000   Number         0  entry2.o ABSOLUTE
    ../clib/microlib/init/entry.s            0x00000000   Number         0  entry5.o ABSOLUTE
    ../clib/microlib/init/entry.s            0x00000000   Number         0  entry7a.o ABSOLUTE
    ../clib/microlib/init/entry.s            0x00000000   Number         0  entry7b.o ABSOLUTE
    ../clib/microlib/init/entry.s            0x00000000   Number         0  entry8a.o ABSOLUTE
    ../clib/microlib/init/entry.s            0x00000000   Number         0  entry8b.o ABSOLUTE
    ../clib/microlib/init/entry.s            0x00000000   Number         0  entry9a.o ABSOLUTE
    ../clib/microlib/init/entry.s            0x00000000   Number         0  entry9b.o ABSOLUTE
    ../clib/microlib/init/entry.s            0x00000000   Number         0  entry10a.o ABSOLUTE
    ../clib/microlib/init/entry.s            0x00000000   Number         0  entry10b.o ABSOLUTE
    ../clib/microlib/init/entry.s            0x00000000   Number         0  entry11a.o ABSOLUTE
    ../clib/microlib/init/entry.s            0x00000000   Number         0  entry11b.o ABSOLUTE
    ../clib/microlib/longlong.c              0x00000000   Number         0  llshl.o ABSOLUTE
    ../clib/microlib/longlong.c              0x00000000   Number         0  llushr.o ABSOLUTE
    ../clib/microlib/longlong.c              0x00000000   Number         0  llsshr.o ABSOLUTE
    ../clib/microlib/printf/printf.c         0x00000000   Number         0  printfb.o ABSOLUTE
    ../clib/microlib/printf/printf.c         0x00000000   Number         0  printf0.o ABSOLUTE
    ../clib/microlib/printf/printf.c         0x00000000   Number         0  printf1.o ABSOLUTE
    ../clib/microlib/printf/printf.c         0x00000000   Number         0  printf2.o ABSOLUTE
    ../clib/microlib/printf/printf.c         0x00000000   Number         0  printf3.o ABSOLUTE
    ../clib/microlib/printf/printf.c         0x00000000   Number         0  printf4.o ABSOLUTE
    ../clib/microlib/printf/printf.c         0x00000000   Number         0  printf5.o ABSOLUTE
    ../clib/microlib/printf/printf.c         0x00000000   Number         0  printf6.o ABSOLUTE
    ../clib/microlib/printf/printf.c         0x00000000   Number         0  printf7.o ABSOLUTE
    ../clib/microlib/printf/printf.c         0x00000000   Number         0  printf8.o ABSOLUTE
    ../clib/microlib/printf/printf.c         0x00000000   Number         0  printfa.o ABSOLUTE
    ../clib/microlib/printf/stubs.s          0x00000000   Number         0  printfstubs.o ABSOLUTE
    ../clib/microlib/stdio/fputc.c           0x00000000   Number         0  fputc.o ABSOLUTE
    ../clib/microlib/stdio/fputc.c           0x00000000   Number         0  fputc_h.o ABSOLUTE
    ../clib/microlib/stdio/semi.s            0x00000000   Number         0  semi.o ABSOLUTE
    ../clib/microlib/stdio/streams.c         0x00000000   Number         0  stdout.o ABSOLUTE
    ../clib/microlib/string/memset.c         0x00000000   Number         0  memseta.o ABSOLUTE
    ../clib/microlib/string/strcat.c         0x00000000   Number         0  strcat.o ABSOLUTE
    ../clib/microlib/string/strchr.c         0x00000000   Number         0  strchr.o ABSOLUTE
    ../clib/microlib/string/strlen.c         0x00000000   Number         0  strlen.o ABSOLUTE
    ../clib/microlib/string/strstr.c         0x00000000   Number         0  strstr.o ABSOLUTE
    ../clib/microlib/stubs.s                 0x00000000   Number         0  iusefp.o ABSOLUTE
    ../clib/microlib/stubs.s                 0x00000000   Number         0  iusesemip.o ABSOLUTE
    ../clib/scanf.c                          0x00000000   Number         0  atoi.o ABSOLUTE
    ../clib/scanf.c                          0x00000000   Number         0  strtol.o ABSOLUTE
    ../clib/scanf.c                          0x00000000   Number         0  _strtoul.o ABSOLUTE
    ../clib/scanf.c                          0x00000000   Number         0  _chval.o ABSOLUTE
    ../fplib/microlib/d2f.c                  0x00000000   Number         0  d2f.o ABSOLUTE
    ../fplib/microlib/f2d.c                  0x00000000   Number         0  f2d.o ABSOLUTE
    ../fplib/microlib/fpadd.c                0x00000000   Number         0  dadd.o ABSOLUTE
    ../fplib/microlib/fpdiv.c                0x00000000   Number         0  ddiv.o ABSOLUTE
    ../fplib/microlib/fpepilogue.c           0x00000000   Number         0  fepilogue.o ABSOLUTE
    ../fplib/microlib/fpepilogue.c           0x00000000   Number         0  depilogue.o ABSOLUTE
    ../fplib/microlib/fpfix.c                0x00000000   Number         0  dfixi.o ABSOLUTE
    ../fplib/microlib/fpfix.c                0x00000000   Number         0  dfixul.o ABSOLUTE
    ../fplib/microlib/fpflt.c                0x00000000   Number         0  dflti.o ABSOLUTE
    ../fplib/microlib/fpflt.c                0x00000000   Number         0  dfltui.o ABSOLUTE
    ../fplib/microlib/fpmul.c                0x00000000   Number         0  dmul.o ABSOLUTE
    adc.c                                    0x00000000   Number         0  adc.o ABSOLUTE
    cdrcmple.s                               0x00000000   Number         0  cdrcmple.o ABSOLUTE
    dc.s                                     0x00000000   Number         0  dc.o ABSOLUTE
    delay.c                                  0x00000000   Number         0  delay.o ABSOLUTE
    gpio.c                                   0x00000000   Number         0  gpio.o ABSOLUTE
    handlers.s                               0x00000000   Number         0  handlers.o ABSOLUTE
    i2c_hal.c                                0x00000000   Number         0  i2c_hal.o ABSOLUTE
    init.s                                   0x00000000   Number         0  init.o ABSOLUTE
    main.c                                   0x00000000   Number         0  main.o ABSOLUTE
    oled.c                                   0x00000000   Number         0  oled.o ABSOLUTE
    startup_stm32f429xx.s                    0x00000000   Number         0  startup_stm32f429xx.o ABSOLUTE
    stm32f4xx_hal.c                          0x00000000   Number         0  stm32f4xx_hal.o ABSOLUTE
    stm32f4xx_hal_adc.c                      0x00000000   Number         0  stm32f4xx_hal_adc.o ABSOLUTE
    stm32f4xx_hal_adc_ex.c                   0x00000000   Number         0  stm32f4xx_hal_adc_ex.o ABSOLUTE
    stm32f4xx_hal_cortex.c                   0x00000000   Number         0  stm32f4xx_hal_cortex.o ABSOLUTE
    stm32f4xx_hal_dma.c                      0x00000000   Number         0  stm32f4xx_hal_dma.o ABSOLUTE
    stm32f4xx_hal_dma_ex.c                   0x00000000   Number         0  stm32f4xx_hal_dma_ex.o ABSOLUTE
    stm32f4xx_hal_exti.c                     0x00000000   Number         0  stm32f4xx_hal_exti.o ABSOLUTE
    stm32f4xx_hal_flash.c                    0x00000000   Number         0  stm32f4xx_hal_flash.o ABSOLUTE
    stm32f4xx_hal_flash_ex.c                 0x00000000   Number         0  stm32f4xx_hal_flash_ex.o ABSOLUTE
    stm32f4xx_hal_flash_ramfunc.c            0x00000000   Number         0  stm32f4xx_hal_flash_ramfunc.o ABSOLUTE
    stm32f4xx_hal_gpio.c                     0x00000000   Number         0  stm32f4xx_hal_gpio.o ABSOLUTE
    stm32f4xx_hal_msp.c                      0x00000000   Number         0  stm32f4xx_hal_msp.o ABSOLUTE
    stm32f4xx_hal_pwr.c                      0x00000000   Number         0  stm32f4xx_hal_pwr.o ABSOLUTE
    stm32f4xx_hal_pwr_ex.c                   0x00000000   Number         0  stm32f4xx_hal_pwr_ex.o ABSOLUTE
    stm32f4xx_hal_rcc.c                      0x00000000   Number         0  stm32f4xx_hal_rcc.o ABSOLUTE
    stm32f4xx_hal_rcc_ex.c                   0x00000000   Number         0  stm32f4xx_hal_rcc_ex.o ABSOLUTE
    stm32f4xx_hal_tim.c                      0x00000000   Number         0  stm32f4xx_hal_tim.o ABSOLUTE
    stm32f4xx_hal_tim_ex.c                   0x00000000   Number         0  stm32f4xx_hal_tim_ex.o ABSOLUTE
    stm32f4xx_hal_uart.c                     0x00000000   Number         0  stm32f4xx_hal_uart.o ABSOLUTE
    stm32f4xx_it.c                           0x00000000   Number         0  stm32f4xx_it.o ABSOLUTE
    stm32f4xx_ll_adc.c                       0x00000000   Number         0  stm32f4xx_ll_adc.o ABSOLUTE
    system_stm32f4xx.c                       0x00000000   Number         0  system_stm32f4xx.o ABSOLUTE
    tim.c                                    0x00000000   Number         0  tim.o ABSOLUTE
    usart.c                                  0x00000000   Number         0  usart.o ABSOLUTE
    RESET                                    0x08000000   Section      428  startup_stm32f429xx.o(RESET)
    .ARM.Collect$$$$00000000                 0x080001ac   Section        0  entry.o(.ARM.Collect$$$$00000000)
    .ARM.Collect$$$$00000001                 0x080001ac   Section        4  entry2.o(.ARM.Collect$$$$00000001)
    .ARM.Collect$$$$00000004                 0x080001b0   Section        4  entry5.o(.ARM.Collect$$$$00000004)
    .ARM.Collect$$$$00000008                 0x080001b4   Section        0  entry7b.o(.ARM.Collect$$$$00000008)
    .ARM.Collect$$$$0000000A                 0x080001b4   Section        0  entry8b.o(.ARM.Collect$$$$0000000A)
    .ARM.Collect$$$$0000000B                 0x080001b4   Section        8  entry9a.o(.ARM.Collect$$$$0000000B)
    __lit__00000000                          0x080001bc   Data           4  entry2.o(.ARM.Collect$$$$00002712)
    .ARM.Collect$$$$0000000D                 0x080001bc   Section        0  entry10a.o(.ARM.Collect$$$$0000000D)
    .ARM.Collect$$$$0000000F                 0x080001bc   Section        0  entry11a.o(.ARM.Collect$$$$0000000F)
    .ARM.Collect$$$$00002712                 0x080001bc   Section        4  entry2.o(.ARM.Collect$$$$00002712)
    $v0                                      0x080001c0   Number         0  startup_stm32f429xx.o(.text)
    .text                                    0x080001c0   Section       36  startup_stm32f429xx.o(.text)
    .text                                    0x080001e4   Section        0  uldiv.o(.text)
    .text                                    0x08000246   Section        0  strcat.o(.text)
    .text                                    0x0800025e   Section        0  strstr.o(.text)
    .text                                    0x08000282   Section        0  strchr.o(.text)
    .text                                    0x08000296   Section        0  strlen.o(.text)
    .text                                    0x080002a4   Section        0  atoi.o(.text)
    .text                                    0x080002be   Section        0  dadd.o(.text)
    .text                                    0x0800040c   Section        0  dmul.o(.text)
    .text                                    0x080004f0   Section        0  ddiv.o(.text)
    .text                                    0x080005ce   Section        0  dflti.o(.text)
    .text                                    0x080005f0   Section        0  dfltui.o(.text)
    .text                                    0x0800060a   Section        0  dfixi.o(.text)
    .text                                    0x08000648   Section        0  f2d.o(.text)
    .text                                    0x0800066e   Section        0  d2f.o(.text)
    .text                                    0x080006a6   Section        0  uidiv.o(.text)
    .text                                    0x080006d2   Section        0  llshl.o(.text)
    .text                                    0x080006f0   Section        0  llushr.o(.text)
    .text                                    0x08000710   Section        0  llsshr.o(.text)
    .text                                    0x08000734   Section        0  strtol.o(.text)
    .text                                    0x080007a4   Section        0  iusefp.o(.text)
    .text                                    0x080007a4   Section        0  fepilogue.o(.text)
    .text                                    0x08000812   Section        0  depilogue.o(.text)
    .text                                    0x080008cc   Section        0  dfixul.o(.text)
    .text                                    0x080008fc   Section       48  cdrcmple.o(.text)
    .text                                    0x0800092c   Section       48  init.o(.text)
    .text                                    0x0800095c   Section        0  ctype_o.o(.text)
    .text                                    0x08000964   Section        0  _strtoul.o(.text)
    .text                                    0x08000a02   Section        0  _chval.o(.text)
    [Anonymous Symbol]                       0x08000a20   Section        0  stm32f4xx_it.o(.text.BusFault_Handler)
    [Anonymous Symbol]                       0x08000a24   Section        0  stm32f4xx_it.o(.text.DebugMon_Handler)
    [Anonymous Symbol]                       0x08000a28   Section        0  main.o(.text.ESP_SendData)
    [Anonymous Symbol]                       0x08000ae8   Section        0  main.o(.text.Error_Handler)
    [Anonymous Symbol]                       0x08000aec   Section        0  stm32f4xx_hal_adc.o(.text.HAL_ADC_ConfigChannel)
    [Anonymous Symbol]                       0x08000c5c   Section        0  stm32f4xx_hal_adc.o(.text.HAL_ADC_GetValue)
    [Anonymous Symbol]                       0x08000c64   Section        0  stm32f4xx_hal_adc.o(.text.HAL_ADC_Init)
    [Anonymous Symbol]                       0x08000dc4   Section        0  adc.o(.text.HAL_ADC_MspInit)
    [Anonymous Symbol]                       0x08000e2c   Section        0  stm32f4xx_hal_adc.o(.text.HAL_ADC_PollForConversion)
    [Anonymous Symbol]                       0x08000ef8   Section        0  stm32f4xx_hal_adc.o(.text.HAL_ADC_Start)
    [Anonymous Symbol]                       0x08001038   Section        0  stm32f4xx_hal_dma.o(.text.HAL_DMA_Abort_IT)
    [Anonymous Symbol]                       0x0800105c   Section        0  stm32f4xx_hal.o(.text.HAL_Delay)
    [Anonymous Symbol]                       0x08001084   Section        0  delay.o(.text.HAL_Delay_us)
    [Anonymous Symbol]                       0x080010dc   Section        0  stm32f4xx_hal_gpio.o(.text.HAL_GPIO_Init)
    [Anonymous Symbol]                       0x0800128c   Section        0  stm32f4xx_hal_gpio.o(.text.HAL_GPIO_WritePin)
    [Anonymous Symbol]                       0x08001298   Section        0  stm32f4xx_hal.o(.text.HAL_GetTick)
    [Anonymous Symbol]                       0x080012a4   Section        0  stm32f4xx_hal.o(.text.HAL_IncTick)
    [Anonymous Symbol]                       0x080012c0   Section        0  stm32f4xx_hal.o(.text.HAL_Init)
    [Anonymous Symbol]                       0x080012f8   Section        0  stm32f4xx_hal.o(.text.HAL_InitTick)
    [Anonymous Symbol]                       0x08001340   Section        0  stm32f4xx_hal_msp.o(.text.HAL_MspInit)
    [Anonymous Symbol]                       0x08001378   Section        0  stm32f4xx_hal_cortex.o(.text.HAL_NVIC_EnableIRQ)
    [Anonymous Symbol]                       0x0800139c   Section        0  stm32f4xx_hal_cortex.o(.text.HAL_NVIC_SetPriority)
    [Anonymous Symbol]                       0x080013f4   Section        0  stm32f4xx_hal_cortex.o(.text.HAL_NVIC_SetPriorityGrouping)
    [Anonymous Symbol]                       0x08001414   Section        0  stm32f4xx_hal_pwr_ex.o(.text.HAL_PWREx_EnableOverDrive)
    [Anonymous Symbol]                       0x08001490   Section        0  stm32f4xx_hal_rcc.o(.text.HAL_RCC_ClockConfig)
    [Anonymous Symbol]                       0x080015f4   Section        0  stm32f4xx_hal_rcc.o(.text.HAL_RCC_GetPCLK1Freq)
    [Anonymous Symbol]                       0x0800161c   Section        0  stm32f4xx_hal_rcc.o(.text.HAL_RCC_GetPCLK2Freq)
    [Anonymous Symbol]                       0x08001644   Section        0  stm32f4xx_hal_rcc.o(.text.HAL_RCC_GetSysClockFreq)
    [Anonymous Symbol]                       0x080016b0   Section        0  stm32f4xx_hal_rcc.o(.text.HAL_RCC_OscConfig)
    [Anonymous Symbol]                       0x08001a4c   Section        0  stm32f4xx_hal_cortex.o(.text.HAL_SYSTICK_Config)
    [Anonymous Symbol]                       0x08001a78   Section        0  stm32f4xx_hal_tim_ex.o(.text.HAL_TIMEx_BreakCallback)
    [Anonymous Symbol]                       0x08001a7c   Section        0  stm32f4xx_hal_tim_ex.o(.text.HAL_TIMEx_CommutCallback)
    [Anonymous Symbol]                       0x08001a80   Section        0  stm32f4xx_hal_tim_ex.o(.text.HAL_TIMEx_MasterConfigSynchronization)
    [Anonymous Symbol]                       0x08001b3c   Section        0  stm32f4xx_hal_tim.o(.text.HAL_TIM_Base_Init)
    [Anonymous Symbol]                       0x08001b74   Section        0  tim.o(.text.HAL_TIM_Base_MspInit)
    [Anonymous Symbol]                       0x08001be4   Section        0  stm32f4xx_hal_tim.o(.text.HAL_TIM_Base_Start)
    [Anonymous Symbol]                       0x08001c0c   Section        0  stm32f4xx_hal_tim.o(.text.HAL_TIM_Base_Start_IT)
    [Anonymous Symbol]                       0x08001c2c   Section        0  stm32f4xx_hal_tim.o(.text.HAL_TIM_Base_Stop)
    [Anonymous Symbol]                       0x08001c68   Section        0  stm32f4xx_hal_tim.o(.text.HAL_TIM_ConfigClockSource)
    [Anonymous Symbol]                       0x08001e00   Section        0  stm32f4xx_hal_tim.o(.text.HAL_TIM_IC_CaptureCallback)
    [Anonymous Symbol]                       0x08001e04   Section        0  stm32f4xx_hal_tim.o(.text.HAL_TIM_IRQHandler)
    [Anonymous Symbol]                       0x08001f74   Section        0  stm32f4xx_hal_tim.o(.text.HAL_TIM_OC_DelayElapsedCallback)
    [Anonymous Symbol]                       0x08001f78   Section        0  stm32f4xx_hal_tim.o(.text.HAL_TIM_PWM_PulseFinishedCallback)
    [Anonymous Symbol]                       0x08001f7c   Section        0  main.o(.text.HAL_TIM_PeriodElapsedCallback)
    [Anonymous Symbol]                       0x08001fb4   Section        0  stm32f4xx_hal_tim.o(.text.HAL_TIM_TriggerCallback)
    [Anonymous Symbol]                       0x08001fb8   Section        0  stm32f4xx_hal_uart.o(.text.HAL_UART_AbortReceiveCpltCallback)
    [Anonymous Symbol]                       0x08001fbc   Section        0  stm32f4xx_hal_uart.o(.text.HAL_UART_AbortReceive_IT)
    [Anonymous Symbol]                       0x08002014   Section        0  stm32f4xx_hal_uart.o(.text.HAL_UART_ErrorCallback)
    [Anonymous Symbol]                       0x08002018   Section        0  stm32f4xx_hal_uart.o(.text.HAL_UART_IRQHandler)
    [Anonymous Symbol]                       0x08002288   Section        0  stm32f4xx_hal_uart.o(.text.HAL_UART_Init)
    [Anonymous Symbol]                       0x080022e8   Section        0  usart.o(.text.HAL_UART_MspInit)
    [Anonymous Symbol]                       0x080023b4   Section        0  stm32f4xx_hal_uart.o(.text.HAL_UART_Receive)
    [Anonymous Symbol]                       0x08002510   Section        0  stm32f4xx_hal_uart.o(.text.HAL_UART_Receive_IT)
    [Anonymous Symbol]                       0x08002568   Section        0  main.o(.text.HAL_UART_RxCpltCallback)
    [Anonymous Symbol]                       0x08002630   Section        0  stm32f4xx_hal_uart.o(.text.HAL_UART_Transmit)
    [Anonymous Symbol]                       0x080027c4   Section        0  stm32f4xx_hal_uart.o(.text.HAL_UART_TxCpltCallback)
    [Anonymous Symbol]                       0x080027c8   Section        0  stm32f4xx_it.o(.text.HardFault_Handler)
    [Anonymous Symbol]                       0x080027cc   Section        0  i2c_hal.o(.text.IIC_Init)
    [Anonymous Symbol]                       0x08002810   Section        0  i2c_hal.o(.text.IIC_Start)
    [Anonymous Symbol]                       0x08002860   Section        0  i2c_hal.o(.text.IIC_Stop)
    [Anonymous Symbol]                       0x080028b8   Section        0  i2c_hal.o(.text.IIC_WaitAck)
    [Anonymous Symbol]                       0x08002900   Section        0  i2c_hal.o(.text.IIC_WriteByte)
    [Anonymous Symbol]                       0x08002a90   Section        0  adc.o(.text.MX_ADC3_Init)
    [Anonymous Symbol]                       0x08002afc   Section        0  gpio.o(.text.MX_GPIO_Init)
    [Anonymous Symbol]                       0x08002bc4   Section        0  tim.o(.text.MX_TIM2_Init)
    [Anonymous Symbol]                       0x08002c3c   Section        0  tim.o(.text.MX_TIM7_Init)
    [Anonymous Symbol]                       0x08002c8c   Section        0  usart.o(.text.MX_USART1_UART_Init)
    [Anonymous Symbol]                       0x08002cc8   Section        0  usart.o(.text.MX_USART2_UART_Init)
    [Anonymous Symbol]                       0x08002d04   Section        0  stm32f4xx_it.o(.text.MemManage_Handler)
    [Anonymous Symbol]                       0x08002d08   Section        0  stm32f4xx_it.o(.text.NMI_Handler)
    [Anonymous Symbol]                       0x08002d0c   Section        0  oled.o(.text.OLED_Clear)
    [Anonymous Symbol]                       0x08002dc4   Section        0  oled.o(.text.OLED_Init)
    [Anonymous Symbol]                       0x080031cc   Section        0  oled.o(.text.OLED_SetPos)
    [Anonymous Symbol]                       0x08003254   Section        0  oled.o(.text.OLED_ShowChar)
    [Anonymous Symbol]                       0x08003600   Section        0  oled.o(.text.OLED_ShowString)
    [Anonymous Symbol]                       0x08003638   Section        0  stm32f4xx_it.o(.text.PendSV_Handler)
    [Anonymous Symbol]                       0x0800363c   Section        0  stm32f4xx_it.o(.text.SVC_Handler)
    [Anonymous Symbol]                       0x08003640   Section        0  stm32f4xx_it.o(.text.SysTick_Handler)
    [Anonymous Symbol]                       0x08003644   Section        0  system_stm32f4xx.o(.text.SystemInit)
    [Anonymous Symbol]                       0x08003660   Section        0  stm32f4xx_it.o(.text.TIM2_IRQHandler)
    [Anonymous Symbol]                       0x0800366c   Section        0  stm32f4xx_hal_tim.o(.text.TIM_Base_SetConfig)
    UART_DMAAbortOnError                     0x080037a9   Thumb Code    12  stm32f4xx_hal_uart.o(.text.UART_DMAAbortOnError)
    [Anonymous Symbol]                       0x080037a8   Section        0  stm32f4xx_hal_uart.o(.text.UART_DMAAbortOnError)
    UART_DMARxOnlyAbortCallback              0x080037b5   Thumb Code    16  stm32f4xx_hal_uart.o(.text.UART_DMARxOnlyAbortCallback)
    [Anonymous Symbol]                       0x080037b4   Section        0  stm32f4xx_hal_uart.o(.text.UART_DMARxOnlyAbortCallback)
    [Anonymous Symbol]                       0x080037c4   Section        0  main.o(.text.UART_Printf)
    UART_SetConfig                           0x08003805   Thumb Code   266  stm32f4xx_hal_uart.o(.text.UART_SetConfig)
    [Anonymous Symbol]                       0x08003804   Section        0  stm32f4xx_hal_uart.o(.text.UART_SetConfig)
    [Anonymous Symbol]                       0x08003910   Section        0  stm32f4xx_it.o(.text.USART1_IRQHandler)
    [Anonymous Symbol]                       0x0800391c   Section        0  stm32f4xx_it.o(.text.USART2_IRQHandler)
    [Anonymous Symbol]                       0x08003928   Section        0  stm32f4xx_it.o(.text.UsageFault_Handler)
    [Anonymous Symbol]                       0x08003930   Section        0  main.o(.text.main)
    i.__0snprintf                            0x08003ef0   Section        0  printfa.o(i.__0snprintf)
    i.__0sprintf                             0x08003f24   Section        0  printfa.o(i.__0sprintf)
    i.__0vsnprintf                           0x08003f4c   Section        0  printfa.o(i.__0vsnprintf)
    i.__aeabi_errno_addr                     0x08003f80   Section        0  errno.o(i.__aeabi_errno_addr)
    i.__scatterload_copy                     0x08003f88   Section       14  handlers.o(i.__scatterload_copy)
    i.__scatterload_null                     0x08003f96   Section        2  handlers.o(i.__scatterload_null)
    i.__scatterload_zeroinit                 0x08003f98   Section       14  handlers.o(i.__scatterload_zeroinit)
    _fp_digits                               0x08003fa9   Thumb Code   366  printfa.o(i._fp_digits)
    i._fp_digits                             0x08003fa8   Section        0  printfa.o(i._fp_digits)
    _printf_core                             0x0800412d   Thumb Code  1744  printfa.o(i._printf_core)
    i._printf_core                           0x0800412c   Section        0  printfa.o(i._printf_core)
    _printf_post_padding                     0x08004809   Thumb Code    36  printfa.o(i._printf_post_padding)
    i._printf_post_padding                   0x08004808   Section        0  printfa.o(i._printf_post_padding)
    _printf_pre_padding                      0x0800482d   Thumb Code    46  printfa.o(i._printf_pre_padding)
    i._printf_pre_padding                    0x0800482c   Section        0  printfa.o(i._printf_pre_padding)
    _snputc                                  0x0800485b   Thumb Code    22  printfa.o(i._snputc)
    i._snputc                                0x0800485a   Section        0  printfa.o(i._snputc)
    _sputc                                   0x08004871   Thumb Code    10  printfa.o(i._sputc)
    i._sputc                                 0x08004870   Section        0  printfa.o(i._sputc)
    .constdata                               0x0800487a   Section      129  ctype_o.o(.constdata)
    table                                    0x080048fc   Data           4  ctype_o.o(.constdata)
    .constdata                               0x080048fc   Section        4  ctype_o.o(.constdata)
    .L.str                                   0x08005130   Data          21  main.o(.rodata.str1.1)
    [Anonymous Symbol]                       0x08005130   Section        0  main.o(.rodata.str1.1)
    .L.str.26                                0x08005145   Data          15  main.o(.rodata.str1.1)
    .L.str.29                                0x08005154   Data          13  main.o(.rodata.str1.1)
    .L.str.2                                 0x08005161   Data          28  main.o(.rodata.str1.1)
    .L.str.33                                0x0800517d   Data          18  main.o(.rodata.str1.1)
    .L.str.27                                0x0800518f   Data          17  main.o(.rodata.str1.1)
    .L.str.31                                0x080051a0   Data          20  main.o(.rodata.str1.1)
    .L.str.28                                0x080051b4   Data          21  main.o(.rodata.str1.1)
    .L.str.25                                0x080051c9   Data          21  main.o(.rodata.str1.1)
    .L.str.19                                0x080051de   Data          24  main.o(.rodata.str1.1)
    .L.str.22                                0x080051f6   Data          26  main.o(.rodata.str1.1)
    .L.str.21                                0x08005210   Data          21  main.o(.rodata.str1.1)
    .L.str.24                                0x08005225   Data          27  main.o(.rodata.str1.1)
    .L.str.34                                0x08005240   Data          17  main.o(.rodata.str1.1)
    .L.str.32                                0x08005251   Data          14  main.o(.rodata.str1.1)
    .L.str.20                                0x0800525f   Data          14  main.o(.rodata.str1.1)
    .L.str.1                                 0x0800526d   Data           3  main.o(.rodata.str1.1)
    .L.str.23                                0x08005270   Data          22  main.o(.rodata.str1.1)
    .L.str.3                                 0x08005286   Data           8  main.o(.rodata.str1.1)
    .L.str.6                                 0x0800528d   Data           1  main.o(.rodata.str1.1)
    _errno                                   0x20000000   Data           4  errno.o(.data)
    .data                                    0x20000000   Section        4  errno.o(.data)
    .L_MergedGlobals                         0x20000004   Data           8  stm32f4xx_hal.o(.data..L_MergedGlobals)
    [Anonymous Symbol]                       0x20000004   Section        0  stm32f4xx_hal.o(.data..L_MergedGlobals)
    .L_MergedGlobals                         0x20000018   Data          50  main.o(.bss..L_MergedGlobals)
    [Anonymous Symbol]                       0x20000018   Section        0  main.o(.bss..L_MergedGlobals)
    MotorStart.LastStartTime                 0x20000024   Data           4  main.o(.bss..L_MergedGlobals)
    STACK                                    0x20000398   Section     1024  startup_stm32f429xx.o(STACK)

    Global Symbols

    Symbol Name                              Value     Ov Type        Size  Object(Section)

    BuildAttributes$$THM_ISAv4$E$P$D$K$B$S$7EM$VFPi3$EXTD16$VFPS$VFMA$PE$A:L22UL41UL21$X:L11$S22US41US21$IEEE1$IW$~IW$USESV6$~STKCKD$USESV7$~SHL$OTIME$ROPI$EBA8$MICROLIB$REQ8$PRES8$EABIv2 0x00000000   Number         0  anon$$obj.o ABSOLUTE
    _printf_a                                0x00000000   Number         0  printfstubs.o ABSOLUTE
    _printf_c                                0x00000000   Number         0  printfstubs.o ABSOLUTE
    _printf_charcount                        0x00000000   Number         0  printfstubs.o ABSOLUTE
    _printf_d                                0x00000000   Number         0  printfstubs.o ABSOLUTE
    _printf_e                                0x00000000   Number         0  printfstubs.o ABSOLUTE
    _printf_f                                0x00000000   Number         0  printfstubs.o ABSOLUTE
    _printf_flags                            0x00000000   Number         0  printfstubs.o ABSOLUTE
    _printf_fp_dec                           0x00000000   Number         0  printfstubs.o ABSOLUTE
    _printf_fp_hex                           0x00000000   Number         0  printfstubs.o ABSOLUTE
    _printf_g                                0x00000000   Number         0  printfstubs.o ABSOLUTE
    _printf_i                                0x00000000   Number         0  printfstubs.o ABSOLUTE
    _printf_int_dec                          0x00000000   Number         0  printfstubs.o ABSOLUTE
    _printf_l                                0x00000000   Number         0  printfstubs.o ABSOLUTE
    _printf_lc                               0x00000000   Number         0  printfstubs.o ABSOLUTE
    _printf_ll                               0x00000000   Number         0  printfstubs.o ABSOLUTE
    _printf_lld                              0x00000000   Number         0  printfstubs.o ABSOLUTE
    _printf_lli                              0x00000000   Number         0  printfstubs.o ABSOLUTE
    _printf_llo                              0x00000000   Number         0  printfstubs.o ABSOLUTE
    _printf_llu                              0x00000000   Number         0  printfstubs.o ABSOLUTE
    _printf_llx                              0x00000000   Number         0  printfstubs.o ABSOLUTE
    _printf_longlong_dec                     0x00000000   Number         0  printfstubs.o ABSOLUTE
    _printf_longlong_hex                     0x00000000   Number         0  printfstubs.o ABSOLUTE
    _printf_longlong_oct                     0x00000000   Number         0  printfstubs.o ABSOLUTE
    _printf_ls                               0x00000000   Number         0  printfstubs.o ABSOLUTE
    _printf_mbtowc                           0x00000000   Number         0  printfstubs.o ABSOLUTE
    _printf_n                                0x00000000   Number         0  printfstubs.o ABSOLUTE
    _printf_o                                0x00000000   Number         0  printfstubs.o ABSOLUTE
    _printf_p                                0x00000000   Number         0  printfstubs.o ABSOLUTE
    _printf_percent                          0x00000000   Number         0  printfstubs.o ABSOLUTE
    _printf_pre_padding                      0x00000000   Number         0  printfstubs.o ABSOLUTE
    _printf_return_value                     0x00000000   Number         0  printfstubs.o ABSOLUTE
    _printf_s                                0x00000000   Number         0  printfstubs.o ABSOLUTE
    _printf_sizespec                         0x00000000   Number         0  printfstubs.o ABSOLUTE
    _printf_str                              0x00000000   Number         0  printfstubs.o ABSOLUTE
    _printf_truncate_signed                  0x00000000   Number         0  printfstubs.o ABSOLUTE
    _printf_truncate_unsigned                0x00000000   Number         0  printfstubs.o ABSOLUTE
    _printf_u                                0x00000000   Number         0  printfstubs.o ABSOLUTE
    _printf_wc                               0x00000000   Number         0  printfstubs.o ABSOLUTE
    _printf_wctomb                           0x00000000   Number         0  printfstubs.o ABSOLUTE
    _printf_widthprec                        0x00000000   Number         0  printfstubs.o ABSOLUTE
    _printf_x                                0x00000000   Number         0  printfstubs.o ABSOLUTE
    __cpp_initialize__aeabi_                  - Undefined Weak Reference
    __cxa_finalize                            - Undefined Weak Reference
    __decompress                              - Undefined Weak Reference
    _clock_init                               - Undefined Weak Reference
    _microlib_exit                            - Undefined Weak Reference
    __Vectors_Size                           0x000001ac   Number         0  startup_stm32f429xx.o ABSOLUTE
    __Vectors                                0x08000000   Data           4  startup_stm32f429xx.o(RESET)
    __Vectors_End                            0x080001ac   Data           0  startup_stm32f429xx.o(RESET)
    __main                                   0x080001ad   Thumb Code     0  entry.o(.ARM.Collect$$$$00000000)
    _main_stk                                0x080001ad   Thumb Code     0  entry2.o(.ARM.Collect$$$$00000001)
    _main_scatterload                        0x080001b1   Thumb Code     0  entry5.o(.ARM.Collect$$$$00000004)
    __main_after_scatterload                 0x080001b5   Thumb Code     0  entry5.o(.ARM.Collect$$$$00000004)
    _main_clock                              0x080001b5   Thumb Code     0  entry7b.o(.ARM.Collect$$$$00000008)
    _main_cpp_init                           0x080001b5   Thumb Code     0  entry8b.o(.ARM.Collect$$$$0000000A)
    _main_init                               0x080001b5   Thumb Code     0  entry9a.o(.ARM.Collect$$$$0000000B)
    __rt_final_cpp                           0x080001bd   Thumb Code     0  entry10a.o(.ARM.Collect$$$$0000000D)
    __rt_final_exit                          0x080001bd   Thumb Code     0  entry11a.o(.ARM.Collect$$$$0000000F)
    Reset_Handler                            0x080001c1   Thumb Code     8  startup_stm32f429xx.o(.text)
    ADC_IRQHandler                           0x080001db   Thumb Code     0  startup_stm32f429xx.o(.text)
    CAN1_RX0_IRQHandler                      0x080001db   Thumb Code     0  startup_stm32f429xx.o(.text)
    CAN1_RX1_IRQHandler                      0x080001db   Thumb Code     0  startup_stm32f429xx.o(.text)
    CAN1_SCE_IRQHandler                      0x080001db   Thumb Code     0  startup_stm32f429xx.o(.text)
    CAN1_TX_IRQHandler                       0x080001db   Thumb Code     0  startup_stm32f429xx.o(.text)
    CAN2_RX0_IRQHandler                      0x080001db   Thumb Code     0  startup_stm32f429xx.o(.text)
    CAN2_RX1_IRQHandler                      0x080001db   Thumb Code     0  startup_stm32f429xx.o(.text)
    CAN2_SCE_IRQHandler                      0x080001db   Thumb Code     0  startup_stm32f429xx.o(.text)
    CAN2_TX_IRQHandler                       0x080001db   Thumb Code     0  startup_stm32f429xx.o(.text)
    DCMI_IRQHandler                          0x080001db   Thumb Code     0  startup_stm32f429xx.o(.text)
    DMA1_Stream0_IRQHandler                  0x080001db   Thumb Code     0  startup_stm32f429xx.o(.text)
    DMA1_Stream1_IRQHandler                  0x080001db   Thumb Code     0  startup_stm32f429xx.o(.text)
    DMA1_Stream2_IRQHandler                  0x080001db   Thumb Code     0  startup_stm32f429xx.o(.text)
    DMA1_Stream3_IRQHandler                  0x080001db   Thumb Code     0  startup_stm32f429xx.o(.text)
    DMA1_Stream4_IRQHandler                  0x080001db   Thumb Code     0  startup_stm32f429xx.o(.text)
    DMA1_Stream5_IRQHandler                  0x080001db   Thumb Code     0  startup_stm32f429xx.o(.text)
    DMA1_Stream6_IRQHandler                  0x080001db   Thumb Code     0  startup_stm32f429xx.o(.text)
    DMA1_Stream7_IRQHandler                  0x080001db   Thumb Code     0  startup_stm32f429xx.o(.text)
    DMA2D_IRQHandler                         0x080001db   Thumb Code     0  startup_stm32f429xx.o(.text)
    DMA2_Stream0_IRQHandler                  0x080001db   Thumb Code     0  startup_stm32f429xx.o(.text)
    DMA2_Stream1_IRQHandler                  0x080001db   Thumb Code     0  startup_stm32f429xx.o(.text)
    DMA2_Stream2_IRQHandler                  0x080001db   Thumb Code     0  startup_stm32f429xx.o(.text)
    DMA2_Stream3_IRQHandler                  0x080001db   Thumb Code     0  startup_stm32f429xx.o(.text)
    DMA2_Stream4_IRQHandler                  0x080001db   Thumb Code     0  startup_stm32f429xx.o(.text)
    DMA2_Stream5_IRQHandler                  0x080001db   Thumb Code     0  startup_stm32f429xx.o(.text)
    DMA2_Stream6_IRQHandler                  0x080001db   Thumb Code     0  startup_stm32f429xx.o(.text)
    DMA2_Stream7_IRQHandler                  0x080001db   Thumb Code     0  startup_stm32f429xx.o(.text)
    ETH_IRQHandler                           0x080001db   Thumb Code     0  startup_stm32f429xx.o(.text)
    ETH_WKUP_IRQHandler                      0x080001db   Thumb Code     0  startup_stm32f429xx.o(.text)
    EXTI0_IRQHandler                         0x080001db   Thumb Code     0  startup_stm32f429xx.o(.text)
    EXTI15_10_IRQHandler                     0x080001db   Thumb Code     0  startup_stm32f429xx.o(.text)
    EXTI1_IRQHandler                         0x080001db   Thumb Code     0  startup_stm32f429xx.o(.text)
    EXTI2_IRQHandler                         0x080001db   Thumb Code     0  startup_stm32f429xx.o(.text)
    EXTI3_IRQHandler                         0x080001db   Thumb Code     0  startup_stm32f429xx.o(.text)
    EXTI4_IRQHandler                         0x080001db   Thumb Code     0  startup_stm32f429xx.o(.text)
    EXTI9_5_IRQHandler                       0x080001db   Thumb Code     0  startup_stm32f429xx.o(.text)
    FLASH_IRQHandler                         0x080001db   Thumb Code     0  startup_stm32f429xx.o(.text)
    FMC_IRQHandler                           0x080001db   Thumb Code     0  startup_stm32f429xx.o(.text)
    FPU_IRQHandler                           0x080001db   Thumb Code     0  startup_stm32f429xx.o(.text)
    HASH_RNG_IRQHandler                      0x080001db   Thumb Code     0  startup_stm32f429xx.o(.text)
    I2C1_ER_IRQHandler                       0x080001db   Thumb Code     0  startup_stm32f429xx.o(.text)
    I2C1_EV_IRQHandler                       0x080001db   Thumb Code     0  startup_stm32f429xx.o(.text)
    I2C2_ER_IRQHandler                       0x080001db   Thumb Code     0  startup_stm32f429xx.o(.text)
    I2C2_EV_IRQHandler                       0x080001db   Thumb Code     0  startup_stm32f429xx.o(.text)
    I2C3_ER_IRQHandler                       0x080001db   Thumb Code     0  startup_stm32f429xx.o(.text)
    I2C3_EV_IRQHandler                       0x080001db   Thumb Code     0  startup_stm32f429xx.o(.text)
    LTDC_ER_IRQHandler                       0x080001db   Thumb Code     0  startup_stm32f429xx.o(.text)
    LTDC_IRQHandler                          0x080001db   Thumb Code     0  startup_stm32f429xx.o(.text)
    OTG_FS_IRQHandler                        0x080001db   Thumb Code     0  startup_stm32f429xx.o(.text)
    OTG_FS_WKUP_IRQHandler                   0x080001db   Thumb Code     0  startup_stm32f429xx.o(.text)
    OTG_HS_EP1_IN_IRQHandler                 0x080001db   Thumb Code     0  startup_stm32f429xx.o(.text)
    OTG_HS_EP1_OUT_IRQHandler                0x080001db   Thumb Code     0  startup_stm32f429xx.o(.text)
    OTG_HS_IRQHandler                        0x080001db   Thumb Code     0  startup_stm32f429xx.o(.text)
    OTG_HS_WKUP_IRQHandler                   0x080001db   Thumb Code     0  startup_stm32f429xx.o(.text)
    PVD_IRQHandler                           0x080001db   Thumb Code     0  startup_stm32f429xx.o(.text)
    RCC_IRQHandler                           0x080001db   Thumb Code     0  startup_stm32f429xx.o(.text)
    RTC_Alarm_IRQHandler                     0x080001db   Thumb Code     0  startup_stm32f429xx.o(.text)
    RTC_WKUP_IRQHandler                      0x080001db   Thumb Code     0  startup_stm32f429xx.o(.text)
    SAI1_IRQHandler                          0x080001db   Thumb Code     0  startup_stm32f429xx.o(.text)
    SDIO_IRQHandler                          0x080001db   Thumb Code     0  startup_stm32f429xx.o(.text)
    SPI1_IRQHandler                          0x080001db   Thumb Code     0  startup_stm32f429xx.o(.text)
    SPI2_IRQHandler                          0x080001db   Thumb Code     0  startup_stm32f429xx.o(.text)
    SPI3_IRQHandler                          0x080001db   Thumb Code     0  startup_stm32f429xx.o(.text)
    SPI4_IRQHandler                          0x080001db   Thumb Code     0  startup_stm32f429xx.o(.text)
    SPI5_IRQHandler                          0x080001db   Thumb Code     0  startup_stm32f429xx.o(.text)
    SPI6_IRQHandler                          0x080001db   Thumb Code     0  startup_stm32f429xx.o(.text)
    TAMP_STAMP_IRQHandler                    0x080001db   Thumb Code     0  startup_stm32f429xx.o(.text)
    TIM1_BRK_TIM9_IRQHandler                 0x080001db   Thumb Code     0  startup_stm32f429xx.o(.text)
    TIM1_CC_IRQHandler                       0x080001db   Thumb Code     0  startup_stm32f429xx.o(.text)
    TIM1_TRG_COM_TIM11_IRQHandler            0x080001db   Thumb Code     0  startup_stm32f429xx.o(.text)
    TIM1_UP_TIM10_IRQHandler                 0x080001db   Thumb Code     0  startup_stm32f429xx.o(.text)
    TIM3_IRQHandler                          0x080001db   Thumb Code     0  startup_stm32f429xx.o(.text)
    TIM4_IRQHandler                          0x080001db   Thumb Code     0  startup_stm32f429xx.o(.text)
    TIM5_IRQHandler                          0x080001db   Thumb Code     0  startup_stm32f429xx.o(.text)
    TIM6_DAC_IRQHandler                      0x080001db   Thumb Code     0  startup_stm32f429xx.o(.text)
    TIM7_IRQHandler                          0x080001db   Thumb Code     0  startup_stm32f429xx.o(.text)
    TIM8_BRK_TIM12_IRQHandler                0x080001db   Thumb Code     0  startup_stm32f429xx.o(.text)
    TIM8_CC_IRQHandler                       0x080001db   Thumb Code     0  startup_stm32f429xx.o(.text)
    TIM8_TRG_COM_TIM14_IRQHandler            0x080001db   Thumb Code     0  startup_stm32f429xx.o(.text)
    TIM8_UP_TIM13_IRQHandler                 0x080001db   Thumb Code     0  startup_stm32f429xx.o(.text)
    UART4_IRQHandler                         0x080001db   Thumb Code     0  startup_stm32f429xx.o(.text)
    UART5_IRQHandler                         0x080001db   Thumb Code     0  startup_stm32f429xx.o(.text)
    UART7_IRQHandler                         0x080001db   Thumb Code     0  startup_stm32f429xx.o(.text)
    UART8_IRQHandler                         0x080001db   Thumb Code     0  startup_stm32f429xx.o(.text)
    USART3_IRQHandler                        0x080001db   Thumb Code     0  startup_stm32f429xx.o(.text)
    USART6_IRQHandler                        0x080001db   Thumb Code     0  startup_stm32f429xx.o(.text)
    WWDG_IRQHandler                          0x080001db   Thumb Code     0  startup_stm32f429xx.o(.text)
    __aeabi_uldivmod                         0x080001e5   Thumb Code    98  uldiv.o(.text)
    strcat                                   0x08000247   Thumb Code    24  strcat.o(.text)
    strstr                                   0x0800025f   Thumb Code    36  strstr.o(.text)
    strchr                                   0x08000283   Thumb Code    20  strchr.o(.text)
    strlen                                   0x08000297   Thumb Code    14  strlen.o(.text)
    atoi                                     0x080002a5   Thumb Code    26  atoi.o(.text)
    __aeabi_dadd                             0x080002bf   Thumb Code   322  dadd.o(.text)
    __aeabi_dsub                             0x08000401   Thumb Code     6  dadd.o(.text)
    __aeabi_drsub                            0x08000407   Thumb Code     6  dadd.o(.text)
    __aeabi_dmul                             0x0800040d   Thumb Code   228  dmul.o(.text)
    __aeabi_ddiv                             0x080004f1   Thumb Code   222  ddiv.o(.text)
    __aeabi_i2d                              0x080005cf   Thumb Code    34  dflti.o(.text)
    __aeabi_ui2d                             0x080005f1   Thumb Code    26  dfltui.o(.text)
    __aeabi_d2iz                             0x0800060b   Thumb Code    62  dfixi.o(.text)
    __aeabi_f2d                              0x08000649   Thumb Code    38  f2d.o(.text)
    __aeabi_d2f                              0x0800066f   Thumb Code    56  d2f.o(.text)
    __aeabi_uidiv                            0x080006a7   Thumb Code     0  uidiv.o(.text)
    __aeabi_uidivmod                         0x080006a7   Thumb Code    44  uidiv.o(.text)
    __aeabi_llsl                             0x080006d3   Thumb Code    30  llshl.o(.text)
    _ll_shift_l                              0x080006d3   Thumb Code     0  llshl.o(.text)
    __aeabi_llsr                             0x080006f1   Thumb Code    32  llushr.o(.text)
    _ll_ushift_r                             0x080006f1   Thumb Code     0  llushr.o(.text)
    __aeabi_lasr                             0x08000711   Thumb Code    36  llsshr.o(.text)
    _ll_sshift_r                             0x08000711   Thumb Code     0  llsshr.o(.text)
    strtol                                   0x08000735   Thumb Code   112  strtol.o(.text)
    __I$use$fp                               0x080007a5   Thumb Code     0  iusefp.o(.text)
    _float_round                             0x080007a5   Thumb Code    18  fepilogue.o(.text)
    _float_epilogue                          0x080007b7   Thumb Code    92  fepilogue.o(.text)
    _double_round                            0x08000813   Thumb Code    30  depilogue.o(.text)
    _double_epilogue                         0x08000831   Thumb Code   156  depilogue.o(.text)
    __aeabi_d2ulz                            0x080008cd   Thumb Code    48  dfixul.o(.text)
    __aeabi_cdrcmple                         0x080008fd   Thumb Code    48  cdrcmple.o(.text)
    __scatterload                            0x0800092d   Thumb Code    38  init.o(.text)
    __scatterload_rt2                        0x0800092d   Thumb Code     0  init.o(.text)
    __rt_ctype_table                         0x0800095d   Thumb Code     4  ctype_o.o(.text)
    _strtoul                                 0x08000965   Thumb Code   158  _strtoul.o(.text)
    _chval                                   0x08000a03   Thumb Code    28  _chval.o(.text)
    BusFault_Handler                         0x08000a21   Thumb Code     2  stm32f4xx_it.o(.text.BusFault_Handler)
    DebugMon_Handler                         0x08000a25   Thumb Code     2  stm32f4xx_it.o(.text.DebugMon_Handler)
    ESP_SendData                             0x08000a29   Thumb Code   168  main.o(.text.ESP_SendData)
    Error_Handler                            0x08000ae9   Thumb Code     2  main.o(.text.Error_Handler)
    HAL_ADC_ConfigChannel                    0x08000aed   Thumb Code   368  stm32f4xx_hal_adc.o(.text.HAL_ADC_ConfigChannel)
    HAL_ADC_GetValue                         0x08000c5d   Thumb Code     6  stm32f4xx_hal_adc.o(.text.HAL_ADC_GetValue)
    HAL_ADC_Init                             0x08000c65   Thumb Code   350  stm32f4xx_hal_adc.o(.text.HAL_ADC_Init)
    HAL_ADC_MspInit                          0x08000dc5   Thumb Code   102  adc.o(.text.HAL_ADC_MspInit)
    HAL_ADC_PollForConversion                0x08000e2d   Thumb Code   202  stm32f4xx_hal_adc.o(.text.HAL_ADC_PollForConversion)
    HAL_ADC_Start                            0x08000ef9   Thumb Code   320  stm32f4xx_hal_adc.o(.text.HAL_ADC_Start)
    HAL_DMA_Abort_IT                         0x08001039   Thumb Code    36  stm32f4xx_hal_dma.o(.text.HAL_DMA_Abort_IT)
    HAL_Delay                                0x0800105d   Thumb Code    40  stm32f4xx_hal.o(.text.HAL_Delay)
    HAL_Delay_us                             0x08001085   Thumb Code    88  delay.o(.text.HAL_Delay_us)
    HAL_GPIO_Init                            0x080010dd   Thumb Code   430  stm32f4xx_hal_gpio.o(.text.HAL_GPIO_Init)
    HAL_GPIO_WritePin                        0x0800128d   Thumb Code    10  stm32f4xx_hal_gpio.o(.text.HAL_GPIO_WritePin)
    HAL_GetTick                              0x08001299   Thumb Code    12  stm32f4xx_hal.o(.text.HAL_GetTick)
    HAL_IncTick                              0x080012a5   Thumb Code    26  stm32f4xx_hal.o(.text.HAL_IncTick)
    HAL_Init                                 0x080012c1   Thumb Code    54  stm32f4xx_hal.o(.text.HAL_Init)
    HAL_InitTick                             0x080012f9   Thumb Code    72  stm32f4xx_hal.o(.text.HAL_InitTick)
    HAL_MspInit                              0x08001341   Thumb Code    56  stm32f4xx_hal_msp.o(.text.HAL_MspInit)
    HAL_NVIC_EnableIRQ                       0x08001379   Thumb Code    34  stm32f4xx_hal_cortex.o(.text.HAL_NVIC_EnableIRQ)
    HAL_NVIC_SetPriority                     0x0800139d   Thumb Code    86  stm32f4xx_hal_cortex.o(.text.HAL_NVIC_SetPriority)
    HAL_NVIC_SetPriorityGrouping             0x080013f5   Thumb Code    32  stm32f4xx_hal_cortex.o(.text.HAL_NVIC_SetPriorityGrouping)
    HAL_PWREx_EnableOverDrive                0x08001415   Thumb Code   122  stm32f4xx_hal_pwr_ex.o(.text.HAL_PWREx_EnableOverDrive)
    HAL_RCC_ClockConfig                      0x08001491   Thumb Code   356  stm32f4xx_hal_rcc.o(.text.HAL_RCC_ClockConfig)
    HAL_RCC_GetPCLK1Freq                     0x080015f5   Thumb Code    38  stm32f4xx_hal_rcc.o(.text.HAL_RCC_GetPCLK1Freq)
    HAL_RCC_GetPCLK2Freq                     0x0800161d   Thumb Code    38  stm32f4xx_hal_rcc.o(.text.HAL_RCC_GetPCLK2Freq)
    HAL_RCC_GetSysClockFreq                  0x08001645   Thumb Code   106  stm32f4xx_hal_rcc.o(.text.HAL_RCC_GetSysClockFreq)
    HAL_RCC_OscConfig                        0x080016b1   Thumb Code   924  stm32f4xx_hal_rcc.o(.text.HAL_RCC_OscConfig)
    HAL_SYSTICK_Config                       0x08001a4d   Thumb Code    44  stm32f4xx_hal_cortex.o(.text.HAL_SYSTICK_Config)
    HAL_TIMEx_BreakCallback                  0x08001a79   Thumb Code     2  stm32f4xx_hal_tim_ex.o(.text.HAL_TIMEx_BreakCallback)
    HAL_TIMEx_CommutCallback                 0x08001a7d   Thumb Code     2  stm32f4xx_hal_tim_ex.o(.text.HAL_TIMEx_CommutCallback)
    HAL_TIMEx_MasterConfigSynchronization    0x08001a81   Thumb Code   186  stm32f4xx_hal_tim_ex.o(.text.HAL_TIMEx_MasterConfigSynchronization)
    HAL_TIM_Base_Init                        0x08001b3d   Thumb Code    54  stm32f4xx_hal_tim.o(.text.HAL_TIM_Base_Init)
    HAL_TIM_Base_MspInit                     0x08001b75   Thumb Code   110  tim.o(.text.HAL_TIM_Base_MspInit)
    HAL_TIM_Base_Start                       0x08001be5   Thumb Code    38  stm32f4xx_hal_tim.o(.text.HAL_TIM_Base_Start)
    HAL_TIM_Base_Start_IT                    0x08001c0d   Thumb Code    32  stm32f4xx_hal_tim.o(.text.HAL_TIM_Base_Start_IT)
    HAL_TIM_Base_Stop                        0x08001c2d   Thumb Code    60  stm32f4xx_hal_tim.o(.text.HAL_TIM_Base_Stop)
    HAL_TIM_ConfigClockSource                0x08001c69   Thumb Code   406  stm32f4xx_hal_tim.o(.text.HAL_TIM_ConfigClockSource)
    HAL_TIM_IC_CaptureCallback               0x08001e01   Thumb Code     2  stm32f4xx_hal_tim.o(.text.HAL_TIM_IC_CaptureCallback)
    HAL_TIM_IRQHandler                       0x08001e05   Thumb Code   368  stm32f4xx_hal_tim.o(.text.HAL_TIM_IRQHandler)
    HAL_TIM_OC_DelayElapsedCallback          0x08001f75   Thumb Code     2  stm32f4xx_hal_tim.o(.text.HAL_TIM_OC_DelayElapsedCallback)
    HAL_TIM_PWM_PulseFinishedCallback        0x08001f79   Thumb Code     2  stm32f4xx_hal_tim.o(.text.HAL_TIM_PWM_PulseFinishedCallback)
    HAL_TIM_PeriodElapsedCallback            0x08001f7d   Thumb Code    56  main.o(.text.HAL_TIM_PeriodElapsedCallback)
    HAL_TIM_TriggerCallback                  0x08001fb5   Thumb Code     2  stm32f4xx_hal_tim.o(.text.HAL_TIM_TriggerCallback)
    HAL_UART_AbortReceiveCpltCallback        0x08001fb9   Thumb Code     2  stm32f4xx_hal_uart.o(.text.HAL_UART_AbortReceiveCpltCallback)
    HAL_UART_AbortReceive_IT                 0x08001fbd   Thumb Code    88  stm32f4xx_hal_uart.o(.text.HAL_UART_AbortReceive_IT)
    HAL_UART_ErrorCallback                   0x08002015   Thumb Code     2  stm32f4xx_hal_uart.o(.text.HAL_UART_ErrorCallback)
    HAL_UART_IRQHandler                      0x08002019   Thumb Code   622  stm32f4xx_hal_uart.o(.text.HAL_UART_IRQHandler)
    HAL_UART_Init                            0x08002289   Thumb Code    94  stm32f4xx_hal_uart.o(.text.HAL_UART_Init)
    HAL_UART_MspInit                         0x080022e9   Thumb Code   202  usart.o(.text.HAL_UART_MspInit)
    HAL_UART_Receive                         0x080023b5   Thumb Code   348  stm32f4xx_hal_uart.o(.text.HAL_UART_Receive)
    HAL_UART_Receive_IT                      0x08002511   Thumb Code    84  stm32f4xx_hal_uart.o(.text.HAL_UART_Receive_IT)
    HAL_UART_RxCpltCallback                  0x08002569   Thumb Code   184  main.o(.text.HAL_UART_RxCpltCallback)
    HAL_UART_Transmit                        0x08002631   Thumb Code   402  stm32f4xx_hal_uart.o(.text.HAL_UART_Transmit)
    HAL_UART_TxCpltCallback                  0x080027c5   Thumb Code     2  stm32f4xx_hal_uart.o(.text.HAL_UART_TxCpltCallback)
    HardFault_Handler                        0x080027c9   Thumb Code     2  stm32f4xx_it.o(.text.HardFault_Handler)
    IIC_Init                                 0x080027cd   Thumb Code    66  i2c_hal.o(.text.IIC_Init)
    IIC_Start                                0x08002811   Thumb Code    80  i2c_hal.o(.text.IIC_Start)
    IIC_Stop                                 0x08002861   Thumb Code    86  i2c_hal.o(.text.IIC_Stop)
    IIC_WaitAck                              0x080028b9   Thumb Code    72  i2c_hal.o(.text.IIC_WaitAck)
    IIC_WriteByte                            0x08002901   Thumb Code   400  i2c_hal.o(.text.IIC_WriteByte)
    MX_ADC3_Init                             0x08002a91   Thumb Code   108  adc.o(.text.MX_ADC3_Init)
    MX_GPIO_Init                             0x08002afd   Thumb Code   200  gpio.o(.text.MX_GPIO_Init)
    MX_TIM2_Init                             0x08002bc5   Thumb Code   118  tim.o(.text.MX_TIM2_Init)
    MX_TIM7_Init                             0x08002c3d   Thumb Code    80  tim.o(.text.MX_TIM7_Init)
    MX_USART1_UART_Init                      0x08002c8d   Thumb Code    60  usart.o(.text.MX_USART1_UART_Init)
    MX_USART2_UART_Init                      0x08002cc9   Thumb Code    60  usart.o(.text.MX_USART2_UART_Init)
    MemManage_Handler                        0x08002d05   Thumb Code     2  stm32f4xx_it.o(.text.MemManage_Handler)
    NMI_Handler                              0x08002d09   Thumb Code     2  stm32f4xx_it.o(.text.NMI_Handler)
    OLED_Clear                               0x08002d0d   Thumb Code   184  oled.o(.text.OLED_Clear)
    OLED_Init                                0x08002dc5   Thumb Code  1032  oled.o(.text.OLED_Init)
    OLED_SetPos                              0x080031cd   Thumb Code   134  oled.o(.text.OLED_SetPos)
    OLED_ShowChar                            0x08003255   Thumb Code   940  oled.o(.text.OLED_ShowChar)
    OLED_ShowString                          0x08003601   Thumb Code    56  oled.o(.text.OLED_ShowString)
    PendSV_Handler                           0x08003639   Thumb Code     2  stm32f4xx_it.o(.text.PendSV_Handler)
    SVC_Handler                              0x0800363d   Thumb Code     2  stm32f4xx_it.o(.text.SVC_Handler)
    SysTick_Handler                          0x08003641   Thumb Code     4  stm32f4xx_it.o(.text.SysTick_Handler)
    SystemInit                               0x08003645   Thumb Code    26  system_stm32f4xx.o(.text.SystemInit)
    TIM2_IRQHandler                          0x08003661   Thumb Code    12  stm32f4xx_it.o(.text.TIM2_IRQHandler)
    TIM_Base_SetConfig                       0x0800366d   Thumb Code   316  stm32f4xx_hal_tim.o(.text.TIM_Base_SetConfig)
    UART_Printf                              0x080037c5   Thumb Code    64  main.o(.text.UART_Printf)
    USART1_IRQHandler                        0x08003911   Thumb Code    12  stm32f4xx_it.o(.text.USART1_IRQHandler)
    USART2_IRQHandler                        0x0800391d   Thumb Code    12  stm32f4xx_it.o(.text.USART2_IRQHandler)
    UsageFault_Handler                       0x08003929   Thumb Code     2  stm32f4xx_it.o(.text.UsageFault_Handler)
    main                                     0x08003931   Thumb Code  1288  main.o(.text.main)
    __0snprintf                              0x08003ef1   Thumb Code    48  printfa.o(i.__0snprintf)
    __1snprintf                              0x08003ef1   Thumb Code     0  printfa.o(i.__0snprintf)
    __2snprintf                              0x08003ef1   Thumb Code     0  printfa.o(i.__0snprintf)
    __c89snprintf                            0x08003ef1   Thumb Code     0  printfa.o(i.__0snprintf)
    snprintf                                 0x08003ef1   Thumb Code     0  printfa.o(i.__0snprintf)
    __0sprintf                               0x08003f25   Thumb Code    34  printfa.o(i.__0sprintf)
    __1sprintf                               0x08003f25   Thumb Code     0  printfa.o(i.__0sprintf)
    __2sprintf                               0x08003f25   Thumb Code     0  printfa.o(i.__0sprintf)
    __c89sprintf                             0x08003f25   Thumb Code     0  printfa.o(i.__0sprintf)
    sprintf                                  0x08003f25   Thumb Code     0  printfa.o(i.__0sprintf)
    __0vsnprintf                             0x08003f4d   Thumb Code    46  printfa.o(i.__0vsnprintf)
    __1vsnprintf                             0x08003f4d   Thumb Code     0  printfa.o(i.__0vsnprintf)
    __2vsnprintf                             0x08003f4d   Thumb Code     0  printfa.o(i.__0vsnprintf)
    __c89vsnprintf                           0x08003f4d   Thumb Code     0  printfa.o(i.__0vsnprintf)
    vsnprintf                                0x08003f4d   Thumb Code     0  printfa.o(i.__0vsnprintf)
    __aeabi_errno_addr                       0x08003f81   Thumb Code     4  errno.o(i.__aeabi_errno_addr)
    __rt_errno_addr                          0x08003f81   Thumb Code     0  errno.o(i.__aeabi_errno_addr)
    __scatterload_copy                       0x08003f89   Thumb Code    14  handlers.o(i.__scatterload_copy)
    __scatterload_null                       0x08003f97   Thumb Code     2  handlers.o(i.__scatterload_null)
    __scatterload_zeroinit                   0x08003f99   Thumb Code    14  handlers.o(i.__scatterload_zeroinit)
    __ctype_table                            0x0800487a   Data         129  ctype_o.o(.constdata)
    AHBPrescTable                            0x08004900   Data          16  system_stm32f4xx.o(.rodata.AHBPrescTable)
    APBPrescTable                            0x08004910   Data           8  system_stm32f4xx.o(.rodata.APBPrescTable)
    F6X8                                     0x08004918   Data         552  oled.o(.rodata.F6X8)
    F8X16                                    0x08004b40   Data        1520  oled.o(.rodata.F8X16)
    Region$$Table$$Base                      0x08005290   Number         0  anon$$obj.o(Region$$Table)
    Region$$Table$$Limit                     0x080052b0   Number         0  anon$$obj.o(Region$$Table)
    uwTickFreq                               0x20000004   Data           1  stm32f4xx_hal.o(.data..L_MergedGlobals)
    uwTickPrio                               0x20000008   Data           4  stm32f4xx_hal.o(.data..L_MergedGlobals)
    SystemCoreClock                          0x2000000c   Data           4  system_stm32f4xx.o(.data.SystemCoreClock)
    threshold                                0x20000010   Data           4  main.o(.data.threshold)
    dataReceived                             0x20000018   Data           1  main.o(.bss..L_MergedGlobals)
    Motor_flag                               0x20000019   Data           1  main.o(.bss..L_MergedGlobals)
    rxData                                   0x2000001a   Data           1  main.o(.bss..L_MergedGlobals)
    rxIndex                                  0x2000001c   Data           2  main.o(.bss..L_MergedGlobals)
    percentRecv                              0x2000001e   Data           3  main.o(.bss..L_MergedGlobals)
    buffer                                   0x20000028   Data          17  main.o(.bss..L_MergedGlobals)
    buffer2                                  0x20000039   Data          17  main.o(.bss..L_MergedGlobals)
    hadc3                                    0x2000004c   Data          72  adc.o(.bss.hadc3)
    htim2                                    0x20000094   Data          64  tim.o(.bss.htim2)
    htim7                                    0x200000d4   Data          64  tim.o(.bss.htim7)
    huart1                                   0x20000114   Data          64  usart.o(.bss.huart1)
    huart2                                   0x20000154   Data          64  usart.o(.bss.huart2)
    rxBuffer                                 0x20000194   Data         512  main.o(.bss.rxBuffer)
    uwTick                                   0x20000394   Data           4  stm32f4xx_hal.o(.bss.uwTick)
    __initial_sp                             0x20000798   Data           0  startup_stm32f429xx.o(STACK)



==============================================================================

Memory Map of the image

  Image Entry point : 0x080001ad

  Load Region LR_IROM1 (Base: 0x08000000, Size: 0x000052c8, Max: 0x00100000, ABSOLUTE)

    Execution Region ER_IROM1 (Exec base: 0x08000000, Load base: 0x08000000, Size: 0x000052b0, Max: 0x00100000, ABSOLUTE)

    Exec Addr    Load Addr    Size         Type   Attr      Idx    E Section Name        Object

    0x08000000   0x08000000   0x000001ac   Data   RO            3    RESET               startup_stm32f429xx.o
    0x080001ac   0x080001ac   0x00000000   Code   RO         1146  * .ARM.Collect$$$$00000000  mc_w.l(entry.o)
    0x080001ac   0x080001ac   0x00000004   Code   RO         1440    .ARM.Collect$$$$00000001  mc_w.l(entry2.o)
    0x080001b0   0x080001b0   0x00000004   Code   RO         1443    .ARM.Collect$$$$00000004  mc_w.l(entry5.o)
    0x080001b4   0x080001b4   0x00000000   Code   RO         1445    .ARM.Collect$$$$00000008  mc_w.l(entry7b.o)
    0x080001b4   0x080001b4   0x00000000   Code   RO         1447    .ARM.Collect$$$$0000000A  mc_w.l(entry8b.o)
    0x080001b4   0x080001b4   0x00000008   Code   RO         1448    .ARM.Collect$$$$0000000B  mc_w.l(entry9a.o)
    0x080001bc   0x080001bc   0x00000000   Code   RO         1450    .ARM.Collect$$$$0000000D  mc_w.l(entry10a.o)
    0x080001bc   0x080001bc   0x00000000   Code   RO         1452    .ARM.Collect$$$$0000000F  mc_w.l(entry11a.o)
    0x080001bc   0x080001bc   0x00000004   Code   RO         1441    .ARM.Collect$$$$00002712  mc_w.l(entry2.o)
    0x080001c0   0x080001c0   0x00000024   Code   RO            4    .text               startup_stm32f429xx.o
    0x080001e4   0x080001e4   0x00000062   Code   RO         1149    .text               mc_w.l(uldiv.o)
    0x08000246   0x08000246   0x00000018   Code   RO         1153    .text               mc_w.l(strcat.o)
    0x0800025e   0x0800025e   0x00000024   Code   RO         1155    .text               mc_w.l(strstr.o)
    0x08000282   0x08000282   0x00000014   Code   RO         1157    .text               mc_w.l(strchr.o)
    0x08000296   0x08000296   0x0000000e   Code   RO         1159    .text               mc_w.l(strlen.o)
    0x080002a4   0x080002a4   0x0000001a   Code   RO         1422    .text               mc_w.l(atoi.o)
    0x080002be   0x080002be   0x0000014e   Code   RO         1424    .text               mf_w.l(dadd.o)
    0x0800040c   0x0800040c   0x000000e4   Code   RO         1426    .text               mf_w.l(dmul.o)
    0x080004f0   0x080004f0   0x000000de   Code   RO         1428    .text               mf_w.l(ddiv.o)
    0x080005ce   0x080005ce   0x00000022   Code   RO         1430    .text               mf_w.l(dflti.o)
    0x080005f0   0x080005f0   0x0000001a   Code   RO         1432    .text               mf_w.l(dfltui.o)
    0x0800060a   0x0800060a   0x0000003e   Code   RO         1434    .text               mf_w.l(dfixi.o)
    0x08000648   0x08000648   0x00000026   Code   RO         1436    .text               mf_w.l(f2d.o)
    0x0800066e   0x0800066e   0x00000038   Code   RO         1438    .text               mf_w.l(d2f.o)
    0x080006a6   0x080006a6   0x0000002c   Code   RO         1468    .text               mc_w.l(uidiv.o)
    0x080006d2   0x080006d2   0x0000001e   Code   RO         1470    .text               mc_w.l(llshl.o)
    0x080006f0   0x080006f0   0x00000020   Code   RO         1472    .text               mc_w.l(llushr.o)
    0x08000710   0x08000710   0x00000024   Code   RO         1474    .text               mc_w.l(llsshr.o)
    0x08000734   0x08000734   0x00000070   Code   RO         1483    .text               mc_w.l(strtol.o)
    0x080007a4   0x080007a4   0x00000000   Code   RO         1485    .text               mc_w.l(iusefp.o)
    0x080007a4   0x080007a4   0x0000006e   Code   RO         1486    .text               mf_w.l(fepilogue.o)
    0x08000812   0x08000812   0x000000ba   Code   RO         1488    .text               mf_w.l(depilogue.o)
    0x080008cc   0x080008cc   0x00000030   Code   RO         1490    .text               mf_w.l(dfixul.o)
    0x080008fc   0x080008fc   0x00000030   Code   RO         1492    .text               mf_w.l(cdrcmple.o)
    0x0800092c   0x0800092c   0x00000030   Code   RO         1494    .text               mc_w.l(init.o)
    0x0800095c   0x0800095c   0x00000008   Code   RO         1497    .text               mc_w.l(ctype_o.o)
    0x08000964   0x08000964   0x0000009e   Code   RO         1525    .text               mc_w.l(_strtoul.o)
    0x08000a02   0x08000a02   0x0000001c   Code   RO         1528    .text               mc_w.l(_chval.o)
    0x08000a1e   0x08000a1e   0x00000002   PAD
    0x08000a20   0x08000a20   0x00000002   Code   RO          191    .text.BusFault_Handler  stm32f4xx_it.o
    0x08000a22   0x08000a22   0x00000002   PAD
    0x08000a24   0x08000a24   0x00000002   Code   RO          197    .text.DebugMon_Handler  stm32f4xx_it.o
    0x08000a26   0x08000a26   0x00000002   PAD
    0x08000a28   0x08000a28   0x000000c0   Code   RO           93    .text.ESP_SendData  main.o
    0x08000ae8   0x08000ae8   0x00000002   Code   RO          109    .text.Error_Handler  main.o
    0x08000aea   0x08000aea   0x00000002   PAD
    0x08000aec   0x08000aec   0x00000170   Code   RO          281    .text.HAL_ADC_ConfigChannel  stm32f4xx_hal_adc.o
    0x08000c5c   0x08000c5c   0x00000006   Code   RO          277    .text.HAL_ADC_GetValue  stm32f4xx_hal_adc.o
    0x08000c62   0x08000c62   0x00000002   PAD
    0x08000c64   0x08000c64   0x0000015e   Code   RO          239    .text.HAL_ADC_Init  stm32f4xx_hal_adc.o
    0x08000dc2   0x08000dc2   0x00000002   PAD
    0x08000dc4   0x08000dc4   0x00000066   Code   RO          136    .text.HAL_ADC_MspInit  adc.o
    0x08000e2a   0x08000e2a   0x00000002   PAD
    0x08000e2c   0x08000e2c   0x000000ca   Code   RO          251    .text.HAL_ADC_PollForConversion  stm32f4xx_hal_adc.o
    0x08000ef6   0x08000ef6   0x00000002   PAD
    0x08000ef8   0x08000ef8   0x00000140   Code   RO          247    .text.HAL_ADC_Start  stm32f4xx_hal_adc.o
    0x08001038   0x08001038   0x00000024   Code   RO          508    .text.HAL_DMA_Abort_IT  stm32f4xx_hal_dma.o
    0x0800105c   0x0800105c   0x00000028   Code   RO          665    .text.HAL_Delay     stm32f4xx_hal.o
    0x08001084   0x08001084   0x00000058   Code   RO           11    .text.HAL_Delay_us  delay.o
    0x080010dc   0x080010dc   0x000001ae   Code   RO          460    .text.HAL_GPIO_Init  stm32f4xx_hal_gpio.o
    0x0800128a   0x0800128a   0x00000002   PAD
    0x0800128c   0x0800128c   0x0000000a   Code   RO          466    .text.HAL_GPIO_WritePin  stm32f4xx_hal_gpio.o
    0x08001296   0x08001296   0x00000002   PAD
    0x08001298   0x08001298   0x0000000c   Code   RO          657    .text.HAL_GetTick   stm32f4xx_hal.o
    0x080012a4   0x080012a4   0x0000001a   Code   RO          655    .text.HAL_IncTick   stm32f4xx_hal.o
    0x080012be   0x080012be   0x00000002   PAD
    0x080012c0   0x080012c0   0x00000036   Code   RO          645    .text.HAL_Init      stm32f4xx_hal.o
    0x080012f6   0x080012f6   0x00000002   PAD
    0x080012f8   0x080012f8   0x00000048   Code   RO          647    .text.HAL_InitTick  stm32f4xx_hal.o
    0x08001340   0x08001340   0x00000038   Code   RO          216    .text.HAL_MspInit   stm32f4xx_hal_msp.o
    0x08001378   0x08001378   0x00000022   Code   RO          603    .text.HAL_NVIC_EnableIRQ  stm32f4xx_hal_cortex.o
    0x0800139a   0x0800139a   0x00000002   PAD
    0x0800139c   0x0800139c   0x00000056   Code   RO          601    .text.HAL_NVIC_SetPriority  stm32f4xx_hal_cortex.o
    0x080013f2   0x080013f2   0x00000002   PAD
    0x080013f4   0x080013f4   0x00000020   Code   RO          599    .text.HAL_NVIC_SetPriorityGrouping  stm32f4xx_hal_cortex.o
    0x08001414   0x08001414   0x0000007a   Code   RO          585    .text.HAL_PWREx_EnableOverDrive  stm32f4xx_hal_pwr_ex.o
    0x0800148e   0x0800148e   0x00000002   PAD
    0x08001490   0x08001490   0x00000164   Code   RO          340    .text.HAL_RCC_ClockConfig  stm32f4xx_hal_rcc.o
    0x080015f4   0x080015f4   0x00000026   Code   RO          352    .text.HAL_RCC_GetPCLK1Freq  stm32f4xx_hal_rcc.o
    0x0800161a   0x0800161a   0x00000002   PAD
    0x0800161c   0x0800161c   0x00000026   Code   RO          354    .text.HAL_RCC_GetPCLK2Freq  stm32f4xx_hal_rcc.o
    0x08001642   0x08001642   0x00000002   PAD
    0x08001644   0x08001644   0x0000006a   Code   RO          342    .text.HAL_RCC_GetSysClockFreq  stm32f4xx_hal_rcc.o
    0x080016ae   0x080016ae   0x00000002   PAD
    0x080016b0   0x080016b0   0x0000039c   Code   RO          338    .text.HAL_RCC_OscConfig  stm32f4xx_hal_rcc.o
    0x08001a4c   0x08001a4c   0x0000002c   Code   RO          611    .text.HAL_SYSTICK_Config  stm32f4xx_hal_cortex.o
    0x08001a78   0x08001a78   0x00000002   Code   RO         1029    .text.HAL_TIMEx_BreakCallback  stm32f4xx_hal_tim_ex.o
    0x08001a7a   0x08001a7a   0x00000002   PAD
    0x08001a7c   0x08001a7c   0x00000002   Code   RO         1025    .text.HAL_TIMEx_CommutCallback  stm32f4xx_hal_tim_ex.o
    0x08001a7e   0x08001a7e   0x00000002   PAD
    0x08001a80   0x08001a80   0x000000ba   Code   RO         1019    .text.HAL_TIMEx_MasterConfigSynchronization  stm32f4xx_hal_tim_ex.o
    0x08001b3a   0x08001b3a   0x00000002   PAD
    0x08001b3c   0x08001b3c   0x00000036   Code   RO          739    .text.HAL_TIM_Base_Init  stm32f4xx_hal_tim.o
    0x08001b72   0x08001b72   0x00000002   PAD
    0x08001b74   0x08001b74   0x0000006e   Code   RO          153    .text.HAL_TIM_Base_MspInit  tim.o
    0x08001be2   0x08001be2   0x00000002   PAD
    0x08001be4   0x08001be4   0x00000026   Code   RO          749    .text.HAL_TIM_Base_Start  stm32f4xx_hal_tim.o
    0x08001c0a   0x08001c0a   0x00000002   PAD
    0x08001c0c   0x08001c0c   0x00000020   Code   RO          753    .text.HAL_TIM_Base_Start_IT  stm32f4xx_hal_tim.o
    0x08001c2c   0x08001c2c   0x0000003c   Code   RO          751    .text.HAL_TIM_Base_Stop  stm32f4xx_hal_tim.o
    0x08001c68   0x08001c68   0x00000196   Code   RO          915    .text.HAL_TIM_ConfigClockSource  stm32f4xx_hal_tim.o
    0x08001dfe   0x08001dfe   0x00000002   PAD
    0x08001e00   0x08001e00   0x00000002   Code   RO          875    .text.HAL_TIM_IC_CaptureCallback  stm32f4xx_hal_tim.o
    0x08001e02   0x08001e02   0x00000002   PAD
    0x08001e04   0x08001e04   0x00000170   Code   RO          873    .text.HAL_TIM_IRQHandler  stm32f4xx_hal_tim.o
    0x08001f74   0x08001f74   0x00000002   Code   RO          877    .text.HAL_TIM_OC_DelayElapsedCallback  stm32f4xx_hal_tim.o
    0x08001f76   0x08001f76   0x00000002   PAD
    0x08001f78   0x08001f78   0x00000002   Code   RO          879    .text.HAL_TIM_PWM_PulseFinishedCallback  stm32f4xx_hal_tim.o
    0x08001f7a   0x08001f7a   0x00000002   PAD
    0x08001f7c   0x08001f7c   0x00000038   Code   RO           83    .text.HAL_TIM_PeriodElapsedCallback  main.o
    0x08001fb4   0x08001fb4   0x00000002   Code   RO          883    .text.HAL_TIM_TriggerCallback  stm32f4xx_hal_tim.o
    0x08001fb6   0x08001fb6   0x00000002   PAD
    0x08001fb8   0x08001fb8   0x00000002   Code   RO         1109    .text.HAL_UART_AbortReceiveCpltCallback  stm32f4xx_hal_uart.o
    0x08001fba   0x08001fba   0x00000002   PAD
    0x08001fbc   0x08001fbc   0x00000058   Code   RO         1105    .text.HAL_UART_AbortReceive_IT  stm32f4xx_hal_uart.o
    0x08002014   0x08002014   0x00000002   Code   RO         1115    .text.HAL_UART_ErrorCallback  stm32f4xx_hal_uart.o
    0x08002016   0x08002016   0x00000002   PAD
    0x08002018   0x08002018   0x0000026e   Code   RO         1111    .text.HAL_UART_IRQHandler  stm32f4xx_hal_uart.o
    0x08002286   0x08002286   0x00000002   PAD
    0x08002288   0x08002288   0x0000005e   Code   RO         1041    .text.HAL_UART_Init  stm32f4xx_hal_uart.o
    0x080022e6   0x080022e6   0x00000002   PAD
    0x080022e8   0x080022e8   0x000000ca   Code   RO          171    .text.HAL_UART_MspInit  usart.o
    0x080023b2   0x080023b2   0x00000002   PAD
    0x080023b4   0x080023b4   0x0000015c   Code   RO         1059    .text.HAL_UART_Receive  stm32f4xx_hal_uart.o
    0x08002510   0x08002510   0x00000054   Code   RO         1063    .text.HAL_UART_Receive_IT  stm32f4xx_hal_uart.o
    0x08002564   0x08002564   0x00000004   PAD
    0x08002568   0x08002568   0x000000c8   Code   RO           81    .text.HAL_UART_RxCpltCallback  main.o
    0x08002630   0x08002630   0x00000192   Code   RO         1057    .text.HAL_UART_Transmit  stm32f4xx_hal_uart.o
    0x080027c2   0x080027c2   0x00000002   PAD
    0x080027c4   0x080027c4   0x00000002   Code   RO         1117    .text.HAL_UART_TxCpltCallback  stm32f4xx_hal_uart.o
    0x080027c6   0x080027c6   0x00000002   PAD
    0x080027c8   0x080027c8   0x00000002   Code   RO          187    .text.HardFault_Handler  stm32f4xx_it.o
    0x080027ca   0x080027ca   0x00000002   PAD
    0x080027cc   0x080027cc   0x00000042   Code   RO           23    .text.IIC_Init      i2c_hal.o
    0x0800280e   0x0800280e   0x00000002   PAD
    0x08002810   0x08002810   0x00000050   Code   RO           33    .text.IIC_Start     i2c_hal.o
    0x08002860   0x08002860   0x00000056   Code   RO           35    .text.IIC_Stop      i2c_hal.o
    0x080028b6   0x080028b6   0x00000002   PAD
    0x080028b8   0x080028b8   0x00000048   Code   RO           37    .text.IIC_WaitAck   i2c_hal.o
    0x08002900   0x08002900   0x00000190   Code   RO           41    .text.IIC_WriteByte  i2c_hal.o
    0x08002a90   0x08002a90   0x0000006c   Code   RO          134    .text.MX_ADC3_Init  adc.o
    0x08002afc   0x08002afc   0x000000c8   Code   RO          124    .text.MX_GPIO_Init  gpio.o
    0x08002bc4   0x08002bc4   0x00000076   Code   RO          149    .text.MX_TIM2_Init  tim.o
    0x08002c3a   0x08002c3a   0x00000002   PAD
    0x08002c3c   0x08002c3c   0x00000050   Code   RO          151    .text.MX_TIM7_Init  tim.o
    0x08002c8c   0x08002c8c   0x0000003c   Code   RO          167    .text.MX_USART1_UART_Init  usart.o
    0x08002cc8   0x08002cc8   0x0000003c   Code   RO          169    .text.MX_USART2_UART_Init  usart.o
    0x08002d04   0x08002d04   0x00000002   Code   RO          189    .text.MemManage_Handler  stm32f4xx_it.o
    0x08002d06   0x08002d06   0x00000002   PAD
    0x08002d08   0x08002d08   0x00000002   Code   RO          185    .text.NMI_Handler   stm32f4xx_it.o
    0x08002d0a   0x08002d0a   0x00000002   PAD
    0x08002d0c   0x08002d0c   0x000000b8   Code   RO           65    .text.OLED_Clear    oled.o
    0x08002dc4   0x08002dc4   0x00000408   Code   RO           57    .text.OLED_Init     oled.o
    0x080031cc   0x080031cc   0x00000086   Code   RO           59    .text.OLED_SetPos   oled.o
    0x08003252   0x08003252   0x00000002   PAD
    0x08003254   0x08003254   0x000003ac   Code   RO           67    .text.OLED_ShowChar  oled.o
    0x08003600   0x08003600   0x00000038   Code   RO           69    .text.OLED_ShowString  oled.o
    0x08003638   0x08003638   0x00000002   Code   RO          199    .text.PendSV_Handler  stm32f4xx_it.o
    0x0800363a   0x0800363a   0x00000002   PAD
    0x0800363c   0x0800363c   0x00000002   Code   RO          195    .text.SVC_Handler   stm32f4xx_it.o
    0x0800363e   0x0800363e   0x00000002   PAD
    0x08003640   0x08003640   0x00000004   Code   RO          201    .text.SysTick_Handler  stm32f4xx_it.o
    0x08003644   0x08003644   0x0000001a   Code   RO          224    .text.SystemInit    system_stm32f4xx.o
    0x0800365e   0x0800365e   0x00000002   PAD
    0x08003660   0x08003660   0x0000000c   Code   RO          203    .text.TIM2_IRQHandler  stm32f4xx_it.o
    0x0800366c   0x0800366c   0x0000013c   Code   RO          743    .text.TIM_Base_SetConfig  stm32f4xx_hal_tim.o
    0x080037a8   0x080037a8   0x0000000c   Code   RO         1113    .text.UART_DMAAbortOnError  stm32f4xx_hal_uart.o
    0x080037b4   0x080037b4   0x00000010   Code   RO         1107    .text.UART_DMARxOnlyAbortCallback  stm32f4xx_hal_uart.o
    0x080037c4   0x080037c4   0x00000040   Code   RO           85    .text.UART_Printf   main.o
    0x08003804   0x08003804   0x0000010a   Code   RO         1045    .text.UART_SetConfig  stm32f4xx_hal_uart.o
    0x0800390e   0x0800390e   0x00000002   PAD
    0x08003910   0x08003910   0x0000000c   Code   RO          205    .text.USART1_IRQHandler  stm32f4xx_it.o
    0x0800391c   0x0800391c   0x0000000c   Code   RO          207    .text.USART2_IRQHandler  stm32f4xx_it.o
    0x08003928   0x08003928   0x00000002   Code   RO          193    .text.UsageFault_Handler  stm32f4xx_it.o
    0x0800392a   0x0800392a   0x00000006   PAD
    0x08003930   0x08003930   0x000005c0   Code   RO          105    .text.main          main.o
    0x08003ef0   0x08003ef0   0x00000034   Code   RO         1395    i.__0snprintf       mc_w.l(printfa.o)
    0x08003f24   0x08003f24   0x00000028   Code   RO         1396    i.__0sprintf        mc_w.l(printfa.o)
    0x08003f4c   0x08003f4c   0x00000034   Code   RO         1399    i.__0vsnprintf      mc_w.l(printfa.o)
    0x08003f80   0x08003f80   0x00000008   Code   RO         1476    i.__aeabi_errno_addr  mc_w.l(errno.o)
    0x08003f88   0x08003f88   0x0000000e   Code   RO         1532    i.__scatterload_copy  mc_w.l(handlers.o)
    0x08003f96   0x08003f96   0x00000002   Code   RO         1533    i.__scatterload_null  mc_w.l(handlers.o)
    0x08003f98   0x08003f98   0x0000000e   Code   RO         1534    i.__scatterload_zeroinit  mc_w.l(handlers.o)
    0x08003fa6   0x08003fa6   0x00000002   PAD
    0x08003fa8   0x08003fa8   0x00000184   Code   RO         1401    i._fp_digits        mc_w.l(printfa.o)
    0x0800412c   0x0800412c   0x000006dc   Code   RO         1402    i._printf_core      mc_w.l(printfa.o)
    0x08004808   0x08004808   0x00000024   Code   RO         1403    i._printf_post_padding  mc_w.l(printfa.o)
    0x0800482c   0x0800482c   0x0000002e   Code   RO         1404    i._printf_pre_padding  mc_w.l(printfa.o)
    0x0800485a   0x0800485a   0x00000016   Code   RO         1405    i._snputc           mc_w.l(printfa.o)
    0x08004870   0x08004870   0x0000000a   Code   RO         1406    i._sputc            mc_w.l(printfa.o)
    0x0800487a   0x0800487a   0x00000081   Data   RO         1498    .constdata          mc_w.l(ctype_o.o)
    0x080048fb   0x080048fb   0x00000001   PAD
    0x080048fc   0x080048fc   0x00000004   Data   RO         1499    .constdata          mc_w.l(ctype_o.o)
    0x08004900   0x08004900   0x00000010   Data   RO          229    .rodata.AHBPrescTable  system_stm32f4xx.o
    0x08004910   0x08004910   0x00000008   Data   RO          230    .rodata.APBPrescTable  system_stm32f4xx.o
    0x08004918   0x08004918   0x00000228   Data   RO           71    .rodata.F6X8        oled.o
    0x08004b40   0x08004b40   0x000005f0   Data   RO           72    .rodata.F8X16       oled.o
    0x08005130   0x08005130   0x0000015e   Data   RO          113    .rodata.str1.1      main.o
    0x0800528e   0x0800528e   0x00000002   PAD
    0x08005290   0x08005290   0x00000020   Data   RO         1531    Region$$Table       anon$$obj.o


    Execution Region RW_IRAM2 (Exec base: 0x10000000, Load base: 0x080052c8, Size: 0x00000000, Max: 0x00010000, ABSOLUTE)

    **** No section assigned to this execution region ****


    Execution Region RW_IRAM1 (Exec base: 0x20000000, Load base: 0x080052b0, Size: 0x00000798, Max: 0x00030000, ABSOLUTE)

    Exec Addr    Load Addr    Size         Type   Attr      Idx    E Section Name        Object

    0x20000000   0x080052b0   0x00000004   Data   RW         1479    .data               mc_w.l(errno.o)
    0x20000004   0x080052b4   0x00000008   Data   RW          704    .data..L_MergedGlobals  stm32f4xx_hal.o
    0x2000000c   0x080052bc   0x00000004   Data   RW          228    .data.SystemCoreClock  system_stm32f4xx.o
    0x20000010   0x080052c0   0x00000004   Data   RW          111    .data.threshold     main.o
    0x20000014   0x080052c4   0x00000004   PAD
    0x20000018        -       0x00000032   Zero   RW          115    .bss..L_MergedGlobals  main.o
    0x2000004a   0x080052c4   0x00000002   PAD
    0x2000004c        -       0x00000048   Zero   RW          140    .bss.hadc3          adc.o
    0x20000094        -       0x00000040   Zero   RW          157    .bss.htim2          tim.o
    0x200000d4        -       0x00000040   Zero   RW          158    .bss.htim7          tim.o
    0x20000114        -       0x00000040   Zero   RW          175    .bss.huart1         usart.o
    0x20000154        -       0x00000040   Zero   RW          176    .bss.huart2         usart.o
    0x20000194        -       0x00000200   Zero   RW          112    .bss.rxBuffer       main.o
    0x20000394        -       0x00000004   Zero   RW          703    .bss.uwTick         stm32f4xx_hal.o
    0x20000398        -       0x00000400   Zero   RW            1    STACK               startup_stm32f429xx.o


==============================================================================

Image component sizes


      Code (inc. data)   RO Data    RW Data    ZI Data      Debug   Object Name

       210          0          0          0         72       5318   adc.o
        88          0          0          0          0       4104   delay.o
       200          0          0          0          0       2474   gpio.o
       704          0          0          0          0       6454   i2c_hal.o
      1986        224        350          4        562      14832   main.o
      2346          0       2072          0          0       5125   oled.o
        36          8        428          0       1024        856   startup_stm32f429xx.o
       204          0          0          8          4       7718   stm32f4xx_hal.o
      1246          0          0          0          0      11695   stm32f4xx_hal_adc.o
       196          0          0          0          0      10645   stm32f4xx_hal_cortex.o
        36          0          0          0          0      10719   stm32f4xx_hal_dma.o
       440          0          0          0          0       5364   stm32f4xx_hal_gpio.o
        56          0          0          0          0       1509   stm32f4xx_hal_msp.o
       122          0          0          0          0       4612   stm32f4xx_hal_pwr_ex.o
      1462          0          0          0          0       7435   stm32f4xx_hal_rcc.o
      1282          0          0          0          0      49015   stm32f4xx_hal_tim.o
       190          0          0          0          0      17273   stm32f4xx_hal_tim_ex.o
      1938          0          0          0          0      19347   stm32f4xx_hal_uart.o
        56          0          0          0          0       5287   stm32f4xx_it.o
        26          0         24          4          0       2700   system_stm32f4xx.o
       308          0          0          0        128       7432   tim.o
       322          0          0          0        128       7508   usart.o

    ----------------------------------------------------------------------
     13556        232       2908         16       1924     207422   Object Totals
         0          0         32          0          0          0   (incl. Generated)
       102          0          2          0          6          0   (incl. Padding)

    ----------------------------------------------------------------------

      Code (inc. data)   RO Data    RW Data    ZI Data      Debug   Library Member Name

        28          0          0          0          0         68   _chval.o
       158          0          0          0          0         92   _strtoul.o
        26          0          0          0          0         80   atoi.o
         8          4        133          0          0         68   ctype_o.o
         0          0          0          0          0          0   entry.o
         0          0          0          0          0          0   entry10a.o
         0          0          0          0          0          0   entry11a.o
         8          4          0          0          0          0   entry2.o
         4          0          0          0          0          0   entry5.o
         0          0          0          0          0          0   entry7b.o
         0          0          0          0          0          0   entry8b.o
         8          4          0          0          0          0   entry9a.o
         8          4          0          4          0         68   errno.o
        30          0          0          0          0          0   handlers.o
        48         10          0          0          0         68   init.o
         0          0          0          0          0          0   iusefp.o
        30          0          0          0          0         68   llshl.o
        36          0          0          0          0         68   llsshr.o
        32          0          0          0          0         68   llushr.o
      2402         96          0          0          0        756   printfa.o
        24          0          0          0          0         68   strcat.o
        20          0          0          0          0         68   strchr.o
        14          0          0          0          0         68   strlen.o
        36          0          0          0          0         80   strstr.o
       112          0          0          0          0         88   strtol.o
        44          0          0          0          0         80   uidiv.o
        98          0          0          0          0         92   uldiv.o
        48          0          0          0          0         68   cdrcmple.o
        56          0          0          0          0         88   d2f.o
       334          0          0          0          0        148   dadd.o
       222          0          0          0          0        100   ddiv.o
       186          0          0          0          0        176   depilogue.o
        62          0          0          0          0         80   dfixi.o
        48          0          0          0          0         68   dfixul.o
        34          0          0          0          0         76   dflti.o
        26          0          0          0          0         76   dfltui.o
       228          0          0          0          0         96   dmul.o
        38          0          0          0          0         68   f2d.o
       110          0          0          0          0        168   fepilogue.o

    ----------------------------------------------------------------------
      4570        122        134          4          0       3160   Library Totals
         4          0          1          0          0          0   (incl. Padding)

    ----------------------------------------------------------------------

      Code (inc. data)   RO Data    RW Data    ZI Data      Debug   Library Name

      3174        122        133          4          0       1948   mc_w.l
      1392          0          0          0          0       1212   mf_w.l

    ----------------------------------------------------------------------
      4570        122        134          4          0       3160   Library Totals

    ----------------------------------------------------------------------

==============================================================================


      Code (inc. data)   RO Data    RW Data    ZI Data      Debug   

     18126        354       3042         20       1924     208670   Grand Totals
     18126        354       3042         20       1924     208670   ELF Image Totals
     18126        354       3042         20          0          0   ROM Totals

==============================================================================

    Total RO  Size (Code + RO Data)                21168 (  20.67kB)
    Total RW  Size (RW Data + ZI Data)              1944 (   1.90kB)
    Total ROM Size (Code + RO Data + RW Data)      21188 (  20.69kB)

==============================================================================

